Archive member included to satisfy reference by file (symbol)

c:/progra~2/armgnu~1/1213fb~1.2mp/bin/../lib/gcc/arm-none-eabi/12.2.0/thumb/v6-m/nofp\libgcc.a(_dvmd_tls.o)
                              CMakeFiles/LCD.dir/C_/VSARM/sdk/pico/pico-sdk/src/rp2_common/pico_divider/divider.S.obj (__aeabi_idiv0)
c:/progra~2/armgnu~1/1213fb~1.2mp/bin/../lib/gcc/arm-none-eabi/12.2.0/thumb/v6-m/nofp\libg.a(libc_a-calloc.o)
                              CMakeFiles/LCD.dir/C_/VSARM/sdk/pico/pico-sdk/src/rp2_common/pico_malloc/pico_malloc.c.obj (calloc)
c:/progra~2/armgnu~1/1213fb~1.2mp/bin/../lib/gcc/arm-none-eabi/12.2.0/thumb/v6-m/nofp\libg.a(libc_a-callocr.o)
                              c:/progra~2/armgnu~1/1213fb~1.2mp/bin/../lib/gcc/arm-none-eabi/12.2.0/thumb/v6-m/nofp\libg.a(libc_a-calloc.o) (_calloc_r)
c:/progra~2/armgnu~1/1213fb~1.2mp/bin/../lib/gcc/arm-none-eabi/12.2.0/thumb/v6-m/nofp\libg.a(libc_a-malloc.o)
                              CMakeFiles/LCD.dir/C_/VSARM/sdk/pico/pico-sdk/src/rp2_common/pico_malloc/pico_malloc.c.obj (malloc)
c:/progra~2/armgnu~1/1213fb~1.2mp/bin/../lib/gcc/arm-none-eabi/12.2.0/thumb/v6-m/nofp\libg.a(libc_a-mallocr.o)
                              c:/progra~2/armgnu~1/1213fb~1.2mp/bin/../lib/gcc/arm-none-eabi/12.2.0/thumb/v6-m/nofp\libg.a(libc_a-callocr.o) (_malloc_r)
c:/progra~2/armgnu~1/1213fb~1.2mp/bin/../lib/gcc/arm-none-eabi/12.2.0/thumb/v6-m/nofp\libg.a(libc_a-mlock.o)
                              c:/progra~2/armgnu~1/1213fb~1.2mp/bin/../lib/gcc/arm-none-eabi/12.2.0/thumb/v6-m/nofp\libg.a(libc_a-mallocr.o) (__malloc_lock)
c:/progra~2/armgnu~1/1213fb~1.2mp/bin/../lib/gcc/arm-none-eabi/12.2.0/thumb/v6-m/nofp\libg.a(libc_a-realloc.o)
                              CMakeFiles/LCD.dir/C_/VSARM/sdk/pico/pico-sdk/src/rp2_common/pico_malloc/pico_malloc.c.obj (realloc)
c:/progra~2/armgnu~1/1213fb~1.2mp/bin/../lib/gcc/arm-none-eabi/12.2.0/thumb/v6-m/nofp\libg.a(libc_a-reallocr.o)
                              c:/progra~2/armgnu~1/1213fb~1.2mp/bin/../lib/gcc/arm-none-eabi/12.2.0/thumb/v6-m/nofp\libg.a(libc_a-realloc.o) (_realloc_r)
c:/progra~2/armgnu~1/1213fb~1.2mp/bin/../lib/gcc/arm-none-eabi/12.2.0/thumb/v6-m/nofp\libg.a(libc_a-ctype_.o)
                              CMakeFiles/LCD.dir/C_/VSARM/sdk/pico/pico-sdk/lib/tinyusb/src/tusb.c.obj (_ctype_)
c:/progra~2/armgnu~1/1213fb~1.2mp/bin/../lib/gcc/arm-none-eabi/12.2.0/thumb/v6-m/nofp\libg.a(libc_a-memmove.o)
                              c:/progra~2/armgnu~1/1213fb~1.2mp/bin/../lib/gcc/arm-none-eabi/12.2.0/thumb/v6-m/nofp\libg.a(libc_a-reallocr.o) (memmove)
c:/progra~2/armgnu~1/1213fb~1.2mp/bin/../lib/gcc/arm-none-eabi/12.2.0/thumb/v6-m/nofp\libg.a(libc_a-impure.o)
                              c:/progra~2/armgnu~1/1213fb~1.2mp/bin/../lib/gcc/arm-none-eabi/12.2.0/thumb/v6-m/nofp\libg.a(libc_a-calloc.o) (_impure_ptr)
c:/progra~2/armgnu~1/1213fb~1.2mp/bin/../lib/gcc/arm-none-eabi/12.2.0/thumb/v6-m/nofp\libg.a(libc_a-sbrkr.o)
                              c:/progra~2/armgnu~1/1213fb~1.2mp/bin/../lib/gcc/arm-none-eabi/12.2.0/thumb/v6-m/nofp\libg.a(libc_a-mallocr.o) (_sbrk_r)
c:/progra~2/armgnu~1/1213fb~1.2mp/bin/../lib/gcc/arm-none-eabi/12.2.0/thumb/v6-m/nofp\libg.a(libc_a-errno.o)
                              c:/progra~2/armgnu~1/1213fb~1.2mp/bin/../lib/gcc/arm-none-eabi/12.2.0/thumb/v6-m/nofp\libg.a(libc_a-callocr.o) (__errno)
c:/progra~2/armgnu~1/1213fb~1.2mp/bin/../lib/gcc/arm-none-eabi/12.2.0/thumb/v6-m/nofp\libg.a(libc_a-init.o)
                              c:/progra~2/armgnu~1/1213fb~1.2mp/bin/../lib/gcc/arm-none-eabi/12.2.0/thumb/v6-m/nofp/crt0.o (__libc_init_array)
c:/progra~2/armgnu~1/1213fb~1.2mp/bin/../lib/gcc/arm-none-eabi/12.2.0/thumb/v6-m/nofp\libg.a(libc_a-lock.o)
                              c:/progra~2/armgnu~1/1213fb~1.2mp/bin/../lib/gcc/arm-none-eabi/12.2.0/thumb/v6-m/nofp\libg.a(libc_a-mlock.o) (__retarget_lock_acquire_recursive)
c:/progra~2/armgnu~1/1213fb~1.2mp/bin/../lib/gcc/arm-none-eabi/12.2.0/thumb/v6-m/nofp\libg.a(libc_a-strlen-stub.o)
                              CMakeFiles/LCD.dir/C_/VSARM/sdk/pico/pico-sdk/src/rp2_common/pico_stdio/stdio.c.obj (strlen)
c:/progra~2/armgnu~1/1213fb~1.2mp/bin/../lib/gcc/arm-none-eabi/12.2.0/thumb/v6-m/nofp\libg.a(libc_a-freer.o)
                              c:/progra~2/armgnu~1/1213fb~1.2mp/bin/../lib/gcc/arm-none-eabi/12.2.0/thumb/v6-m/nofp\libg.a(libc_a-malloc.o) (_free_r)
c:/progra~2/armgnu~1/1213fb~1.2mp/bin/../lib/gcc/arm-none-eabi/12.2.0/thumb/v6-m/nofp\libg.a(libc_a-findfp.o)
                              c:/progra~2/armgnu~1/1213fb~1.2mp/bin/../lib/gcc/arm-none-eabi/12.2.0/thumb/v6-m/nofp\libg.a(libc_a-impure.o) (__sf)
c:/progra~2/armgnu~1/1213fb~1.2mp/bin/../lib/gcc/arm-none-eabi/12.2.0/thumb/v6-m/nofp\libg.a(libc_a-fwalk.o)
                              c:/progra~2/armgnu~1/1213fb~1.2mp/bin/../lib/gcc/arm-none-eabi/12.2.0/thumb/v6-m/nofp\libg.a(libc_a-findfp.o) (_fwalk_sglue)
[...]
Memory Configuration

Name             Origin             Length             Attributes
FLASH            0x10000000         0x00200000         xr
RAM              0x20000000         0x00040000         xrw
SCRATCH_X        0x20040000         0x00001000         xrw
SCRATCH_Y        0x20041000         0x00001000         xrw
*default*        0x00000000         0xffffffff

Linker script and memory map

LOAD c:/progra~2/armgnu~1/1213fb~1.2mp/bin/../lib/gcc/arm-none-eabi/12.2.0/thumb/v6-m/nofp/crti.o
LOAD c:/progra~2/armgnu~1/1213fb~1.2mp/bin/../lib/gcc/arm-none-eabi/12.2.0/thumb/v6-m/nofp/crtbegin.o
LOAD c:/progra~2/armgnu~1/1213fb~1.2mp/bin/../lib/gcc/arm-none-eabi/12.2.0/thumb/v6-m/nofp/crt0.o

.flash_begin    0x10000000        0x0
                0x10000000                        __flash_binary_start = .

.boot2          0x10000000      0x100
                0x10000000                        __boot2_start__ = .
 *(.boot2)
 .boot2         0x10000000      0x100 C:\Users\jisat\AppData\Local\Temp\ccE4T3fz.o
                0x10000100                        __boot2_end__ = .
                0x00000001                        ASSERT (((__boot2_end__ - __boot2_start__) == 0x100), ERROR: Pico second stage bootloader must be 256 bytes in size)

.text           0x10000100     0x8638
                0x10000100                        __logical_binary_start = .
 *(.vectors)
 .vectors       0x10000100       0xd4 CMakeFiles/LCD.dir/C_/VSARM/sdk/pico/pico-sdk/src/rp2_common/pico_standard_link/crt0.S.obj
                0x10000100                __VECTOR_TABLE
                0x10000100                __vectors
                0x100001c0                isr_invalid
                0x100001c0                __default_isrs_start
                0x100001c2                isr_nmi
                0x100001c4                isr_hardfault
                0x100001c6                isr_svcall
                0x100001c8                isr_pendsv
                0x100001ca                isr_systick
                0x100001cc                isr_irq23
                0x100001cc                isr_irq18
                0x100001cc                isr_irq11
                0x100001cc                isr_irq28
                0x100001cc                isr_irq19
                0x100001cc                isr_irq0
                0x100001cc                isr_irq6
                0x100001cc                isr_irq5
                0x100001cc                isr_irq12
                0x100001cc                isr_irq22
                0x100001cc                isr_irq31
                0x100001cc                isr_irq17
                0x100001cc                isr_irq27
                0x100001cc                isr_irq30
                0x100001cc                isr_irq2
                0x100001cc                isr_irq10
                0x100001cc                isr_irq8
                0x100001cc                isr_irq24
                0x100001cc                isr_irq1
                0x100001cc                isr_irq7
                0x100001cc                isr_irq21
                0x100001cc                isr_irq20
                0x100001cc                isr_irq15
                0x100001cc                isr_irq25
                0x100001cc                isr_irq13
                0x100001cc                __unhandled_user_irq
                0x100001cc                isr_irq4
                0x100001cc                isr_irq16
                0x100001cc                isr_irq29
                0x100001cc                isr_irq26
                0x100001cc                __default_isrs_end
                0x100001cc                isr_irq3
                0x100001cc                isr_irq14
                0x100001cc                isr_irq9
                0x100001d2                unhandled_user_irq_num_in_r0
 *(.binary_info_header)
 .binary_info_header
                0x100001d4       0x14 CMakeFiles/LCD.dir/C_/VSARM/sdk/pico/pico-sdk/src/rp2_common/pico_standard_link/crt0.S.obj
                0x100001e8                        __binary_info_header_end = .
 *(.reset)
 .reset         0x100001e8       0xa8 CMakeFiles/LCD.dir/C_/VSARM/sdk/pico/pico-sdk/src/rp2_common/pico_standard_link/crt0.S.obj
                0x100001e8                _entry_point
                0x10000266                __get_current_exception
 .reset         0x10000290       0x30 CMakeFiles/LCD.dir/C_/VSARM/sdk/pico/pico-sdk/src/rp2_common/pico_standard_link/binary_info.c.obj
 *(.init)
 .init          0x100002c0        0x4 c:/progra~2/armgnu~1/1213fb~1.2mp/bin/../lib/gcc/arm-none-eabi/12.2.0/thumb/v6-m/nofp/crti.o
                0x100002c0                _init
 *(EXCLUDE_FILE(*libm.a: *libc.a:*lib_a-mem*.o *libgcc.a:) .text*)
 .text.register_tm_clones
                0x100002c4       0x28 c:/progra~2/armgnu~1/1213fb~1.2mp/bin/../lib/gcc/arm-none-eabi/12.2.0/thumb/v6-m/nofp/crtbegin.o
 .text.frame_dummy
                0x100002ec       0x24 c:/progra~2/armgnu~1/1213fb~1.2mp/bin/../lib/gcc/arm-none-eabi/12.2.0/thumb/v6-m/nofp/crtbegin.o
 .text.main     0x10000310       0xa0 CMakeFiles/LCD.dir/main.c.obj
                0x10000310                main
 .text.reg_write
                0x100003b0       0x18 CMakeFiles/LCD.dir/LCD.c.obj
                0x100003b0                reg_write
 .text.reg_read
                0x100003c8       0x58 CMakeFiles/LCD.dir/LCD.c.obj
                0x100003c8                reg_read
 .text.LCD_WriteData_word
                0x10000420       0x3c CMakeFiles/LCD.dir/LCD.c.obj
                0x10000420                LCD_WriteData_word
 .text.LCD_WriteData_Byte
                0x1000045c       0x30 CMakeFiles/LCD.dir/LCD.c.obj
                0x1000045c                LCD_WriteData_Byte
 .text.LCD_Write_Command
                0x1000048c       0x28 CMakeFiles/LCD.dir/LCD.c.obj
                0x1000048c                LCD_Write_Command
 .text.LCD_SetCursor
                0x100004b4       0x52 CMakeFiles/LCD.dir/LCD.c.obj
                0x100004b4                LCD_SetCursor
 *fill*         0x10000506        0x2 
 .text.LCD_Reset
                0x10000508       0x30 CMakeFiles/LCD.dir/LCD.c.obj
                0x10000508                LCD_Reset
 .text.LCD_init
                0x10000538      0x290 CMakeFiles/LCD.dir/LCD.c.obj
                0x10000538                LCD_init
 .text.LCD_DrawPaint
                0x100007c8       0x10 CMakeFiles/LCD.dir/LCD.c.obj
                0x100007c8                LCD_DrawPaint
 .text.Paint_DrawImage
                0x100007d8       0x62 CMakeFiles/LCD.dir/LCD.c.obj
                0x100007d8                Paint_DrawImage
 .text.Paint_DrawPoint
                0x1000083a       0xb2 CMakeFiles/LCD.dir/LCD.c.obj
                0x1000083a                Paint_DrawPoint
 .text.Paint_DrawLine
                0x100008ec       0xf4 CMakeFiles/LCD.dir/LCD.c.obj
                0x100008ec                Paint_DrawLine
 .text.Paint_DrawRectangle
                0x100009e0       0xb2 CMakeFiles/LCD.dir/LCD.c.obj
                0x100009e0                Paint_DrawRectangle
 .text.oled_fill
                0x10000a92       0x12 CMakeFiles/LCD.dir/OLED.c.obj
                0x10000a92                oled_fill
 .text.oled_send_cmd
                0x10000aa4       0x24 CMakeFiles/LCD.dir/OLED.c.obj
                0x10000aa4                oled_send_cmd
 .text.oled_send_buf
                0x10000ac8       0x48 CMakeFiles/LCD.dir/OLED.c.obj
                0x10000ac8                oled_send_buf
 .text.oled_render
                0x10000b10       0x34 CMakeFiles/LCD.dir/OLED.c.obj
                0x10000b10                oled_render
 .text.calc_render_area_buflen
                0x10000b44       0x16 CMakeFiles/LCD.dir/OLED.c.obj
                0x10000b44                calc_render_area_buflen
 *fill*         0x10000b5a        0x2 
 .text.oled_init
                0x10000b5c      0x10c CMakeFiles/LCD.dir/OLED.c.obj
                0x10000b5c                oled_init
 .text.oled_setCursor
                0x10000c68       0x60 CMakeFiles/LCD.dir/OLED.c.obj
                0x10000c68                oled_setCursor
 .text.oled_WriteCharacter16
                0x10000cc8       0x7c CMakeFiles/LCD.dir/OLED.c.obj
                0x10000cc8                oled_WriteCharacter16
 .text.oled_WriteString16
                0x10000d44       0x24 CMakeFiles/LCD.dir/OLED.c.obj
                0x10000d44                oled_WriteString16
 .text.gpio_set_function
                0x10000d68       0x30 CMakeFiles/LCD.dir/C_/VSARM/sdk/pico/pico-sdk/src/rp2_common/hardware_gpio/gpio.c.obj
                0x10000d68                gpio_set_function
 .text.gpio_init
                0x10000d98       0x16 CMakeFiles/LCD.dir/C_/VSARM/sdk/pico/pico-sdk/src/rp2_common/hardware_gpio/gpio.c.obj
                0x10000d98                gpio_init
 *fill*         0x10000dae        0x2 
 .text.hw_claim_lock
                0x10000db0       0x18 CMakeFiles/LCD.dir/C_/VSARM/sdk/pico/pico-sdk/src/rp2_common/hardware_claim/claim.c.obj
                0x10000db0                hw_claim_lock
 .text.hw_claim_unlock
                0x10000dc8       0x14 CMakeFiles/LCD.dir/C_/VSARM/sdk/pico/pico-sdk/src/rp2_common/hardware_claim/claim.c.obj
                0x10000dc8                hw_claim_unlock
 .text.hw_claim_or_assert
                0x10000ddc       0x32 CMakeFiles/LCD.dir/C_/VSARM/sdk/pico/pico-sdk/src/rp2_common/hardware_claim/claim.c.obj
                0x10000ddc                hw_claim_or_assert
 .text.hw_claim_unused_from_range
                0x10000e0e       0x50 CMakeFiles/LCD.dir/C_/VSARM/sdk/pico/pico-sdk/src/rp2_common/hardware_claim/claim.c.obj
                0x10000e0e                hw_claim_unused_from_range
 *fill*         0x10000e5e        0x2 
 .text.running_on_fpga
                0x10000e60       0x14 CMakeFiles/LCD.dir/C_/VSARM/sdk/pico/pico-sdk/src/rp2_common/pico_platform/platform.c.obj
                0x10000e60                running_on_fpga
 .text.spin_locks_reset
                0x10000e74       0x20 CMakeFiles/LCD.dir/C_/VSARM/sdk/pico/pico-sdk/src/rp2_common/hardware_sync/sync.c.obj
                0x10000e74                spin_locks_reset
 .text.next_striped_spin_lock_num
                0x10000e94       0x1c CMakeFiles/LCD.dir/C_/VSARM/sdk/pico/pico-sdk/src/rp2_common/hardware_sync/sync.c.obj
                0x10000e94                next_striped_spin_lock_num
 .text.spin_lock_claim_unused
                0x10000eb0       0x24 CMakeFiles/LCD.dir/C_/VSARM/sdk/pico/pico-sdk/src/rp2_common/hardware_sync/sync.c.obj
                0x10000eb0                spin_lock_claim_unused
 .text.set_raw_irq_handler_and_unlock
                0x10000ed4       0x28 CMakeFiles/LCD.dir/C_/VSARM/sdk/pico/pico-sdk/src/rp2_common/hardware_irq/irq.c.obj
 .text.resolve_branch
                0x10000efc       0x30 CMakeFiles/LCD.dir/C_/VSARM/sdk/pico/pico-sdk/src/rp2_common/hardware_irq/irq.c.obj
 .text.make_branch
                0x10000f2c       0x48 CMakeFiles/LCD.dir/C_/VSARM/sdk/pico/pico-sdk/src/rp2_common/hardware_irq/irq.c.obj
 .text.insert_branch_and_link
                0x10000f74       0x40 CMakeFiles/LCD.dir/C_/VSARM/sdk/pico/pico-sdk/src/rp2_common/hardware_irq/irq.c.obj
 .text.irq_is_enabled
                0x10000fb4       0x18 CMakeFiles/LCD.dir/C_/VSARM/sdk/pico/pico-sdk/src/rp2_common/hardware_irq/irq.c.obj
                0x10000fb4                irq_is_enabled
 .text.irq_set_mask_enabled
                0x10000fcc       0x20 CMakeFiles/LCD.dir/C_/VSARM/sdk/pico/pico-sdk/src/rp2_common/hardware_irq/irq.c.obj
                0x10000fcc                irq_set_mask_enabled
 .text.irq_set_enabled
                0x10000fec        0xe CMakeFiles/LCD.dir/C_/VSARM/sdk/pico/pico-sdk/src/rp2_common/hardware_irq/irq.c.obj
                0x10000fec                irq_set_enabled
 *fill*         0x10000ffa        0x2 
 .text.irq_set_pending
                0x10000ffc       0x10 CMakeFiles/LCD.dir/C_/VSARM/sdk/pico/pico-sdk/src/rp2_common/hardware_irq/irq.c.obj
                0x10000ffc                irq_set_pending
 .text.irq_get_vtable_handler
                0x1000100c       0x10 CMakeFiles/LCD.dir/C_/VSARM/sdk/pico/pico-sdk/src/rp2_common/hardware_irq/irq.c.obj
                0x1000100c                irq_get_vtable_handler
 .text.irq_has_shared_handler
                0x1000101c       0x24 CMakeFiles/LCD.dir/C_/VSARM/sdk/pico/pico-sdk/src/rp2_common/hardware_irq/irq.c.obj
                0x1000101c                irq_has_shared_handler
 .text.irq_set_exclusive_handler
                0x10001040       0x54 CMakeFiles/LCD.dir/C_/VSARM/sdk/pico/pico-sdk/src/rp2_common/hardware_irq/irq.c.obj
                0x10001040                irq_set_exclusive_handler
 .text.irq_add_shared_handler
                0x10001094      0x210 CMakeFiles/LCD.dir/C_/VSARM/sdk/pico/pico-sdk/src/rp2_common/hardware_irq/irq.c.obj
                0x10001094                irq_add_shared_handler
 .text.irq_remove_handler
                0x100012a4      0x188 CMakeFiles/LCD.dir/C_/VSARM/sdk/pico/pico-sdk/src/rp2_common/hardware_irq/irq.c.obj
                0x100012a4                irq_remove_handler
 .text.irq_add_tail_to_free_list
                0x1000142c       0xf0 CMakeFiles/LCD.dir/C_/VSARM/sdk/pico/pico-sdk/src/rp2_common/hardware_irq/irq.c.obj
                0x1000142c                irq_add_tail_to_free_list
 .text.irq_init_priorities
                0x1000151c       0x1c CMakeFiles/LCD.dir/C_/VSARM/sdk/pico/pico-sdk/src/rp2_common/hardware_irq/irq.c.obj
                0x1000151c                irq_init_priorities
 .text.user_irq_claim_unused
                0x10001538       0x30 CMakeFiles/LCD.dir/C_/VSARM/sdk/pico/pico-sdk/src/rp2_common/hardware_irq/irq.c.obj
                0x10001538                user_irq_claim_unused
 .text.lock_init
                0x10001568       0x10 CMakeFiles/LCD.dir/C_/VSARM/sdk/pico/pico-sdk/src/common/pico_sync/lock_core.c.obj
                0x10001568                lock_init
 .text.time_reached
                0x10001578       0x28 CMakeFiles/LCD.dir/C_/VSARM/sdk/pico/pico-sdk/src/common/pico_time/time.c.obj
 .text.get_entry
                0x100015a0       0x38 CMakeFiles/LCD.dir/C_/VSARM/sdk/pico/pico-sdk/src/common/pico_time/time.c.obj
 .text.timer_pool_entry_comparator
                0x100015d8       0x2e CMakeFiles/LCD.dir/C_/VSARM/sdk/pico/pico-sdk/src/common/pico_time/time.c.obj
                0x100015d8                timer_pool_entry_comparator
 *fill*         0x10001606        0x2 
 .text.update_us_since_boot
                0x10001608       0x24 CMakeFiles/LCD.dir/C_/VSARM/sdk/pico/pico-sdk/src/common/pico_time/time.c.obj
 .text.delayed_by_us
                0x1000162c       0x36 CMakeFiles/LCD.dir/C_/VSARM/sdk/pico/pico-sdk/src/common/pico_time/time.c.obj
 *fill*         0x10001662        0x2 
 .text.ph_get_node
                0x10001664       0x30 CMakeFiles/LCD.dir/C_/VSARM/sdk/pico/pico-sdk/src/common/pico_time/time.c.obj
 .text.ph_contains_node
                0x10001694       0x1e CMakeFiles/LCD.dir/C_/VSARM/sdk/pico/pico-sdk/src/common/pico_time/time.c.obj
 .text.ph_new_node
                0x100016b2       0x28 CMakeFiles/LCD.dir/C_/VSARM/sdk/pico/pico-sdk/src/common/pico_time/time.c.obj
 *fill*         0x100016da        0x2 
 .text.ph_add_child_node
                0x100016dc       0x6c CMakeFiles/LCD.dir/C_/VSARM/sdk/pico/pico-sdk/src/common/pico_time/time.c.obj
 .text.ph_merge_nodes
                0x10001748       0x3e CMakeFiles/LCD.dir/C_/VSARM/sdk/pico/pico-sdk/src/common/pico_time/time.c.obj
 *fill*         0x10001786        0x2 
 .text.ph_insert_node
                0x10001788       0x3c CMakeFiles/LCD.dir/C_/VSARM/sdk/pico/pico-sdk/src/common/pico_time/time.c.obj
 .text.ph_free_node
                0x100017c4       0x3c CMakeFiles/LCD.dir/C_/VSARM/sdk/pico/pico-sdk/src/common/pico_time/time.c.obj
 .text.get_entry_id_high
                0x10001800       0x30 CMakeFiles/LCD.dir/C_/VSARM/sdk/pico/pico-sdk/src/common/pico_time/time.c.obj
 .text.alarm_pool_post_alloc_init
                0x10001830       0x40 CMakeFiles/LCD.dir/C_/VSARM/sdk/pico/pico-sdk/src/common/pico_time/time.c.obj
 .text.sleep_until_callback
                0x10001870       0x30 CMakeFiles/LCD.dir/C_/VSARM/sdk/pico/pico-sdk/src/common/pico_time/time.c.obj
 .text.get_absolute_time
                0x100018a0       0x22 CMakeFiles/LCD.dir/C_/VSARM/sdk/pico/pico-sdk/src/common/pico_time/time.c.obj
 .text.make_timeout_time_us
                0x100018c2       0x24 CMakeFiles/LCD.dir/C_/VSARM/sdk/pico/pico-sdk/src/common/pico_time/time.c.obj
 *fill*         0x100018e6        0x2 
 .text.add_alarm_under_lock
                0x100018e8       0x94 CMakeFiles/LCD.dir/C_/VSARM/sdk/pico/pico-sdk/src/common/pico_time/time.c.obj
 .text.alarm_pool_alarm_callback
                0x1000197c      0x20c CMakeFiles/LCD.dir/C_/VSARM/sdk/pico/pico-sdk/src/common/pico_time/time.c.obj
 .text.alarm_pool_init_default
                0x10001b88       0x38 CMakeFiles/LCD.dir/C_/VSARM/sdk/pico/pico-sdk/src/common/pico_time/time.c.obj
                0x10001b88                alarm_pool_init_default
 .text.alarm_pool_get_default
                0x10001bc0       0x2c CMakeFiles/LCD.dir/C_/VSARM/sdk/pico/pico-sdk/src/common/pico_time/time.c.obj
                0x10001bc0                alarm_pool_get_default
 .text.alarm_pool_add_alarm_at
                0x10001bec      0x10e CMakeFiles/LCD.dir/C_/VSARM/sdk/pico/pico-sdk/src/common/pico_time/time.c.obj
                0x10001bec                alarm_pool_add_alarm_at
 .text.add_alarm_at
                0x10001cfa       0x2e CMakeFiles/LCD.dir/C_/VSARM/sdk/pico/pico-sdk/src/common/pico_time/time.c.obj
 .text.alarm_pool_cancel_alarm
                0x10001d28       0xa0 CMakeFiles/LCD.dir/C_/VSARM/sdk/pico/pico-sdk/src/common/pico_time/time.c.obj
                0x10001d28                alarm_pool_cancel_alarm
 .text.cancel_alarm
                0x10001dc8       0x10 CMakeFiles/LCD.dir/C_/VSARM/sdk/pico/pico-sdk/src/common/pico_time/time.c.obj
 .text.sleep_until
                0x10001dd8       0xb0 CMakeFiles/LCD.dir/C_/VSARM/sdk/pico/pico-sdk/src/common/pico_time/time.c.obj
                0x10001dd8                sleep_until
 .text.sleep_us
                0x10001e88       0x1a CMakeFiles/LCD.dir/C_/VSARM/sdk/pico/pico-sdk/src/common/pico_time/time.c.obj
                0x10001e88                sleep_us
 .text.sleep_ms
                0x10001ea2       0x14 CMakeFiles/LCD.dir/C_/VSARM/sdk/pico/pico-sdk/src/common/pico_time/time.c.obj
                0x10001ea2                sleep_ms
 *fill*         0x10001eb6        0x2 
 .text.best_effort_wfe_or_timeout
                0x10001eb8       0x38 CMakeFiles/LCD.dir/C_/VSARM/sdk/pico/pico-sdk/src/common/pico_time/time.c.obj
                0x10001eb8                best_effort_wfe_or_timeout
 .text.hardware_alarm_irq_handler
                0x10001ef0       0x88 CMakeFiles/LCD.dir/C_/VSARM/sdk/pico/pico-sdk/src/rp2_common/hardware_timer/timer.c.obj
 .text.hardware_alarm_claim
                0x10001f78       0x18 CMakeFiles/LCD.dir/C_/VSARM/sdk/pico/pico-sdk/src/rp2_common/hardware_timer/timer.c.obj
                0x10001f78                hardware_alarm_claim
 .text.time_us_64
                0x10001f90       0x18 CMakeFiles/LCD.dir/C_/VSARM/sdk/pico/pico-sdk/src/rp2_common/hardware_timer/timer.c.obj
                0x10001f90                time_us_64
 .text.busy_wait_until
                0x10001fa8       0x28 CMakeFiles/LCD.dir/C_/VSARM/sdk/pico/pico-sdk/src/rp2_common/hardware_timer/timer.c.obj
                0x10001fa8                busy_wait_until
 .text.hardware_alarm_set_callback
                0x10001fd0       0x90 CMakeFiles/LCD.dir/C_/VSARM/sdk/pico/pico-sdk/src/rp2_common/hardware_timer/timer.c.obj
                0x10001fd0                hardware_alarm_set_callback
 .text.hardware_alarm_set_target
                0x10002060       0xe8 CMakeFiles/LCD.dir/C_/VSARM/sdk/pico/pico-sdk/src/rp2_common/hardware_timer/timer.c.obj
                0x10002060                hardware_alarm_set_target
 .text.hardware_alarm_cancel
                0x10002148       0x40 CMakeFiles/LCD.dir/C_/VSARM/sdk/pico/pico-sdk/src/rp2_common/hardware_timer/timer.c.obj
                0x10002148                hardware_alarm_cancel
 .text.ph_get_node
                0x10002188       0x30 CMakeFiles/LCD.dir/C_/VSARM/sdk/pico/pico-sdk/src/common/pico_util/pheap.c.obj
 .text.ph_add_child_node
                0x100021b8       0x6c CMakeFiles/LCD.dir/C_/VSARM/sdk/pico/pico-sdk/src/common/pico_util/pheap.c.obj
 .text.ph_merge_nodes
                0x10002224       0x3e CMakeFiles/LCD.dir/C_/VSARM/sdk/pico/pico-sdk/src/common/pico_util/pheap.c.obj
 .text.ph_clear
                0x10002262       0x34 CMakeFiles/LCD.dir/C_/VSARM/sdk/pico/pico-sdk/src/common/pico_util/pheap.c.obj
                0x10002262                ph_clear
 .text.ph_post_alloc_init
                0x10002296        0xe CMakeFiles/LCD.dir/C_/VSARM/sdk/pico/pico-sdk/src/common/pico_util/pheap.c.obj
                0x10002296                ph_post_alloc_init
 .text.ph_merge_two_pass
                0x100022a4       0x5c CMakeFiles/LCD.dir/C_/VSARM/sdk/pico/pico-sdk/src/common/pico_util/pheap.c.obj
                0x100022a4                ph_merge_two_pass
 .text.ph_remove_any_head
                0x10002300       0xa4 CMakeFiles/LCD.dir/C_/VSARM/sdk/pico/pico-sdk/src/common/pico_util/pheap.c.obj
 .text.ph_remove_head
                0x100023a4       0x14 CMakeFiles/LCD.dir/C_/VSARM/sdk/pico/pico-sdk/src/common/pico_util/pheap.c.obj
                0x100023a4                ph_remove_head
 .text.ph_remove_and_free_node
                0x100023b8       0xa0 CMakeFiles/LCD.dir/C_/VSARM/sdk/pico/pico-sdk/src/common/pico_util/pheap.c.obj
                0x100023b8                ph_remove_and_free_node
 .text.update_us_since_boot
                0x10002458       0x24 CMakeFiles/LCD.dir/C_/VSARM/sdk/pico/pico-sdk/src/common/pico_sync/mutex.c.obj
 .text.delayed_by_ms
                0x1000247c       0x46 CMakeFiles/LCD.dir/C_/VSARM/sdk/pico/pico-sdk/src/common/pico_sync/mutex.c.obj
 .text.get_absolute_time
                0x100024c2       0x22 CMakeFiles/LCD.dir/C_/VSARM/sdk/pico/pico-sdk/src/common/pico_sync/mutex.c.obj
 .text.make_timeout_time_ms
                0x100024e4       0x20 CMakeFiles/LCD.dir/C_/VSARM/sdk/pico/pico-sdk/src/common/pico_sync/mutex.c.obj
 .text.mutex_init
                0x10002504       0x1a CMakeFiles/LCD.dir/C_/VSARM/sdk/pico/pico-sdk/src/common/pico_sync/mutex.c.obj
                0x10002504                mutex_init
 .text.recursive_mutex_init
                0x1000251e       0x1e CMakeFiles/LCD.dir/C_/VSARM/sdk/pico/pico-sdk/src/common/pico_sync/mutex.c.obj
                0x1000251e                recursive_mutex_init
 .text.critical_section_init_with_lock_num
                0x1000253c       0x14 CMakeFiles/LCD.dir/C_/VSARM/sdk/pico/pico-sdk/src/common/pico_sync/critical_section.c.obj
                0x1000253c                critical_section_init_with_lock_num
 .text.critical_section_init
                0x10002550       0x14 CMakeFiles/LCD.dir/C_/VSARM/sdk/pico/pico-sdk/src/common/pico_sync/critical_section.c.obj
                0x10002550                critical_section_init
 .text._exit    0x10002564        0x4 CMakeFiles/LCD.dir/C_/VSARM/sdk/pico/pico-sdk/src/rp2_common/pico_runtime/runtime.c.obj
                0x10002564                _exit
 .text._sbrk    0x10002568       0x38 CMakeFiles/LCD.dir/C_/VSARM/sdk/pico/pico-sdk/src/rp2_common/pico_runtime/runtime.c.obj
                0x10002568                _sbrk
 .text.exit     0x100025a0        0x6 CMakeFiles/LCD.dir/C_/VSARM/sdk/pico/pico-sdk/src/rp2_common/pico_runtime/runtime.c.obj
                0x100025a0                exit
 *fill*         0x100025a6        0x2 
 .text.__assert_func
                0x100025a8       0x38 CMakeFiles/LCD.dir/C_/VSARM/sdk/pico/pico-sdk/src/rp2_common/pico_runtime/runtime.c.obj
                0x100025a8                __assert_func
 .text.runtime_init
                0x100025e0       0xf8 CMakeFiles/LCD.dir/C_/VSARM/sdk/pico/pico-sdk/src/rp2_common/pico_runtime/runtime.c.obj
                0x100025e0                runtime_init
 .text.panic    0x100026d8       0x30 CMakeFiles/LCD.dir/C_/VSARM/sdk/pico/pico-sdk/src/rp2_common/pico_runtime/runtime.c.obj
                0x100026d8                panic
 .text.clock_configure
                0x10002708      0x104 CMakeFiles/LCD.dir/C_/VSARM/sdk/pico/pico-sdk/src/rp2_common/hardware_clocks/clocks.c.obj
                0x10002708                clock_configure
 .text.clocks_init
                0x1000280c      0x100 CMakeFiles/LCD.dir/C_/VSARM/sdk/pico/pico-sdk/src/rp2_common/hardware_clocks/clocks.c.obj
                0x1000280c                clocks_init
 .text.clock_get_hz
                0x1000290c        0xc CMakeFiles/LCD.dir/C_/VSARM/sdk/pico/pico-sdk/src/rp2_common/hardware_clocks/clocks.c.obj
                0x1000290c                clock_get_hz
 .text.pll_init
                0x10002918      0x140 CMakeFiles/LCD.dir/C_/VSARM/sdk/pico/pico-sdk/src/rp2_common/hardware_pll/pll.c.obj
                0x10002918                pll_init
 .text.watchdog_start_tick
                0x10002a58       0x10 CMakeFiles/LCD.dir/C_/VSARM/sdk/pico/pico-sdk/src/rp2_common/hardware_watchdog/watchdog.c.obj
                0x10002a58                watchdog_start_tick
 .text.watchdog_update
                0x10002a68       0x14 CMakeFiles/LCD.dir/C_/VSARM/sdk/pico/pico-sdk/src/rp2_common/hardware_watchdog/watchdog.c.obj
                0x10002a68                watchdog_update
 .text._watchdog_enable
                0x10002a7c       0x78 CMakeFiles/LCD.dir/C_/VSARM/sdk/pico/pico-sdk/src/rp2_common/hardware_watchdog/watchdog.c.obj
                0x10002a7c                _watchdog_enable
 .text.watchdog_reboot
                0x10002af4       0x48 CMakeFiles/LCD.dir/C_/VSARM/sdk/pico/pico-sdk/src/rp2_common/hardware_watchdog/watchdog.c.obj
                0x10002af4                watchdog_reboot
 .text.xosc_init
                0x10002b3c       0x28 CMakeFiles/LCD.dir/C_/VSARM/sdk/pico/pico-sdk/src/rp2_common/hardware_xosc/xosc.c.obj
                0x10002b3c                xosc_init
 .text._out_null
                0x10002b64        0x2 CMakeFiles/LCD.dir/C_/VSARM/sdk/pico/pico-sdk/src/rp2_common/pico_printf/printf.c.obj
 .text._out_fct
                0x10002b66        0xe CMakeFiles/LCD.dir/C_/VSARM/sdk/pico/pico-sdk/src/rp2_common/pico_printf/printf.c.obj
 .text._atoi    0x10002b74       0x24 CMakeFiles/LCD.dir/C_/VSARM/sdk/pico/pico-sdk/src/rp2_common/pico_printf/printf.c.obj
 .text._out_rev
                0x10002b98       0xae CMakeFiles/LCD.dir/C_/VSARM/sdk/pico/pico-sdk/src/rp2_common/pico_printf/printf.c.obj
 .text._ntoa_format
                0x10002c46      0x110 CMakeFiles/LCD.dir/C_/VSARM/sdk/pico/pico-sdk/src/rp2_common/pico_printf/printf.c.obj
 .text._ntoa_long
                0x10002d56       0xbc CMakeFiles/LCD.dir/C_/VSARM/sdk/pico/pico-sdk/src/rp2_common/pico_printf/printf.c.obj
 .text._ntoa_long_long
                0x10002e12      0x10e CMakeFiles/LCD.dir/C_/VSARM/sdk/pico/pico-sdk/src/rp2_common/pico_printf/printf.c.obj
 .text._etoa    0x10002f20      0x420 CMakeFiles/LCD.dir/C_/VSARM/sdk/pico/pico-sdk/src/rp2_common/pico_printf/printf.c.obj
 .text._ftoa    0x10003340      0x354 CMakeFiles/LCD.dir/C_/VSARM/sdk/pico/pico-sdk/src/rp2_common/pico_printf/printf.c.obj
 .text._vsnprintf
                0x10003694      0x65c CMakeFiles/LCD.dir/C_/VSARM/sdk/pico/pico-sdk/src/rp2_common/pico_printf/printf.c.obj
 .text.vfctprintf
                0x10003cf0       0x20 CMakeFiles/LCD.dir/C_/VSARM/sdk/pico/pico-sdk/src/rp2_common/pico_printf/printf.c.obj
                0x10003cf0                vfctprintf
 .text          0x10003d10       0x10 CMakeFiles/LCD.dir/C_/VSARM/sdk/pico/pico-sdk/src/rp2_common/pico_bit_ops/bit_ops_aeabi.S.obj
 .text.rom_func_lookup
                0x10003d20       0x10 CMakeFiles/LCD.dir/C_/VSARM/sdk/pico/pico-sdk/src/rp2_common/pico_bootrom/bootrom.c.obj
                0x10003d20                rom_func_lookup
 .text.rom_data_lookup
                0x10003d30       0x10 CMakeFiles/LCD.dir/C_/VSARM/sdk/pico/pico-sdk/src/rp2_common/pico_bootrom/bootrom.c.obj
                0x10003d30                rom_data_lookup
 .text.rom_funcs_lookup
                0x10003d40       0x36 CMakeFiles/LCD.dir/C_/VSARM/sdk/pico/pico-sdk/src/rp2_common/pico_bootrom/bootrom.c.obj
                0x10003d40                rom_funcs_lookup
 *fill*         0x10003d76        0x2 
 .text.__wrap___aeabi_idiv
                0x10003d78       0x50 CMakeFiles/LCD.dir/C_/VSARM/sdk/pico/pico-sdk/src/rp2_common/pico_divider/divider.S.obj
                0x10003d78                __wrap___aeabi_idivmod
                0x10003d78                divmod_s32s32
                0x10003d78                div_s32s32
                0x10003d78                __wrap___aeabi_idiv
                0x10003d80                divmod_s32s32_unsafe
                0x10003dac                divmod_s32s32_savestate
 .text.__wrap___aeabi_uidiv
                0x10003dc8       0x4c CMakeFiles/LCD.dir/C_/VSARM/sdk/pico/pico-sdk/src/rp2_common/pico_divider/divider.S.obj
                0x10003dc8                __wrap___aeabi_uidiv
                0x10003dc8                __wrap___aeabi_uidivmod
                0x10003dc8                div_u32u32
                0x10003dc8                divmod_u32u32
                0x10003dd0                divmod_u32u32_unsafe
                0x10003df8                divmod_u32u32_savestate
 .text.__wrap___aeabi_ldiv
                0x10003e14      0x434 CMakeFiles/LCD.dir/C_/VSARM/sdk/pico/pico-sdk/src/rp2_common/pico_divider/divider.S.obj
                0x10003e14                div_s64s64
                0x10003e14                divmod_s64s64
                0x10003e14                __wrap___aeabi_ldivmod
                0x10003e4c                divmod_u64u64
                0x10003e4c                div_u64u64
                0x10003e4c                __wrap___aeabi_uldivmod
                0x10003e5c                divmod_u64u64_savestate
                0x10003e84                divmod_s64s64_unsafe
                0x10003f0c                divmod_u64u64_unsafe
 .text.__wrap___aeabi_darithmetic
                0x10004248       0x80 CMakeFiles/LCD.dir/C_/VSARM/sdk/pico/pico-sdk/src/rp2_common/pico_double/double_aeabi.S.obj
                0x10004248                __wrap___aeabi_drsub
                0x1000424e                __wrap___aeabi_dsub
                0x10004260                __wrap___aeabi_dadd
                0x10004272                __wrap___aeabi_ddiv
                0x100042ae                __wrap___aeabi_dmul
 .text.__wrap___aeabi_cdcmple
                0x100042c8       0x6c CMakeFiles/LCD.dir/C_/VSARM/sdk/pico/pico-sdk/src/rp2_common/pico_double/double_aeabi.S.obj
                0x100042c8                __wrap___aeabi_cdrcmple
                0x100042d8                __wrap___aeabi_cdcmpeq
                0x100042d8                __wrap___aeabi_cdcmple
 .text.__wrap___aeabi_dcmplt
                0x10004334        0xc CMakeFiles/LCD.dir/C_/VSARM/sdk/pico/pico-sdk/src/rp2_common/pico_double/double_aeabi.S.obj
                0x10004334                __wrap___aeabi_dcmplt
 .text.__wrap___aeabi_dcmple
                0x10004340       0x10 CMakeFiles/LCD.dir/C_/VSARM/sdk/pico/pico-sdk/src/rp2_common/pico_double/double_aeabi.S.obj
                0x10004340                __wrap___aeabi_dcmple
 .text.__wrap___aeabi_dcmpge
                0x10004350       0x10 CMakeFiles/LCD.dir/C_/VSARM/sdk/pico/pico-sdk/src/rp2_common/pico_double/double_aeabi.S.obj
                0x10004350                __wrap___aeabi_dcmpge
 .text.__wrap___aeabi_dcmpgt
                0x10004360        0xa CMakeFiles/LCD.dir/C_/VSARM/sdk/pico/pico-sdk/src/rp2_common/pico_double/double_aeabi.S.obj
                0x10004360                __wrap___aeabi_dcmpgt
 .text.__wrap___aeabi_dcmpun
                0x1000436a       0x1c CMakeFiles/LCD.dir/C_/VSARM/sdk/pico/pico-sdk/src/rp2_common/pico_double/double_aeabi.S.obj
                0x1000436a                __wrap___aeabi_dcmpun
 *fill*         0x10004386        0x2 
 .text.__wrap___aeabi_i2d
                0x10004388       0x38 CMakeFiles/LCD.dir/C_/VSARM/sdk/pico/pico-sdk/src/rp2_common/pico_double/double_aeabi.S.obj
                0x10004388                __wrap___aeabi_ui2d
                0x10004390                __wrap___aeabi_i2d
 .text.__wrap___aeabi_d2iz
                0x100043c0       0x48 CMakeFiles/LCD.dir/C_/VSARM/sdk/pico/pico-sdk/src/rp2_common/pico_double/double_aeabi.S.obj
                0x100043c0                double2int_z
                0x100043c0                __wrap___aeabi_d2iz
 .text.__wrap___aeabi_d2uiz
                0x10004408       0x18 CMakeFiles/LCD.dir/C_/VSARM/sdk/pico/pico-sdk/src/rp2_common/pico_double/double_aeabi.S.obj
                0x10004408                __wrap___aeabi_d2uiz
                0x10004408                double2uint
 .text.__aeabi_double_init
                0x10004420       0xcc CMakeFiles/LCD.dir/C_/VSARM/sdk/pico/pico-sdk/src/rp2_common/pico_double/double_init_rom.c.obj
                0x10004420                __aeabi_double_init
 .text.double_table_shim_on_use_helper
                0x100044ec       0x34 CMakeFiles/LCD.dir/C_/VSARM/sdk/pico/pico-sdk/src/rp2_common/pico_double/double_v1_rom_shim.S.obj
                0x100044ec                double_table_shim_on_use_helper
 .text.__wrap___aeabi_dsub
                0x10004520       0x10 CMakeFiles/LCD.dir/C_/VSARM/sdk/pico/pico-sdk/src/rp2_common/pico_double/double_v1_rom_shim.S.obj
                0x10004520                drsub_shim
                0x10004526                dsub_shim
 .text.dadd_shim
                0x10004530      0x15c CMakeFiles/LCD.dir/C_/VSARM/sdk/pico/pico-sdk/src/rp2_common/pico_double/double_v1_rom_shim.S.obj
                0x10004530                dadd_shim
 .text.dmul_shim
                0x1000468c      0x15c CMakeFiles/LCD.dir/C_/VSARM/sdk/pico/pico-sdk/src/rp2_common/pico_double/double_v1_rom_shim.S.obj
                0x1000468c                dmul_shim
 .text.ddiv_shim
                0x100047e8      0x1b0 CMakeFiles/LCD.dir/C_/VSARM/sdk/pico/pico-sdk/src/rp2_common/pico_double/double_v1_rom_shim.S.obj
                0x100047e8                ddiv_shim
 .text.double2uint_shim
                0x10004998        0xe CMakeFiles/LCD.dir/C_/VSARM/sdk/pico/pico-sdk/src/rp2_common/pico_double/double_v1_rom_shim.S.obj
                0x10004998                double2uint_shim
                0x1000499a                double2ufix_shim
 *fill*         0x100049a6        0x2 
 .text.double2uint64_shim
                0x100049a8       0x70 CMakeFiles/LCD.dir/C_/VSARM/sdk/pico/pico-sdk/src/rp2_common/pico_double/double_v1_rom_shim.S.obj
                0x100049a8                double2uint64_shim
                0x100049aa                double2ufix64_shim
                0x100049ca                d2fix_a
 .text.dunpacks
                0x10004a18       0x3c CMakeFiles/LCD.dir/C_/VSARM/sdk/pico/pico-sdk/src/rp2_common/pico_double/double_v1_rom_shim.S.obj
                0x10004a18                dunpacks
 .text.__aeabi_lmul
                0x10004a54       0x32 CMakeFiles/LCD.dir/C_/VSARM/sdk/pico/pico-sdk/src/rp2_common/pico_int64_ops/pico_int64_ops_aeabi.S.obj
                0x10004a54                __wrap___aeabi_lmul
 *fill*         0x10004a86        0x2 
 .text.__aeabi_float_init
                0x10004a88       0xfc CMakeFiles/LCD.dir/C_/VSARM/sdk/pico/pico-sdk/src/rp2_common/pico_float/float_init_rom.c.obj
                0x10004a88                __aeabi_float_init
 .text.float_table_shim_on_use_helper
                0x10004b84       0x34 CMakeFiles/LCD.dir/C_/VSARM/sdk/pico/pico-sdk/src/rp2_common/pico_float/float_v1_rom_shim.S.obj
                0x10004b84                float_table_shim_on_use_helper
 .text.check_alloc
                0x10004bb8       0x20 CMakeFiles/LCD.dir/C_/VSARM/sdk/pico/pico-sdk/src/rp2_common/pico_malloc/pico_malloc.c.obj
 .text.__wrap_malloc
                0x10004bd8       0x14 CMakeFiles/LCD.dir/C_/VSARM/sdk/pico/pico-sdk/src/rp2_common/pico_malloc/pico_malloc.c.obj
                0x10004bd8                __wrap_malloc
 .text.__wrap_free
                0x10004bec        0x8 CMakeFiles/LCD.dir/C_/VSARM/sdk/pico/pico-sdk/src/rp2_common/pico_malloc/pico_malloc.c.obj
                0x10004bec                __wrap_free
 .text          0x10004bf4       0x10 CMakeFiles/LCD.dir/C_/VSARM/sdk/pico/pico-sdk/src/rp2_common/pico_mem_ops/mem_ops_aeabi.S.obj
                0x10004bf4                __aeabi_mem_init
 .text.memset   0x10004c04        0xc CMakeFiles/LCD.dir/C_/VSARM/sdk/pico/pico-sdk/src/rp2_common/pico_mem_ops/mem_ops_aeabi.S.obj
                0x10004c04                __wrap_memset
 .text.memcpy   0x10004c10        0xc CMakeFiles/LCD.dir/C_/VSARM/sdk/pico/pico-sdk/src/rp2_common/pico_mem_ops/mem_ops_aeabi.S.obj
                0x10004c10                __wrap_memcpy
                0x10004c10                __wrap___aeabi_memcpy
 .text.stdio_out_chars_no_crlf
                0x10004c1c        0xe CMakeFiles/LCD.dir/C_/VSARM/sdk/pico/pico-sdk/src/rp2_common/pico_stdio/stdio.c.obj
 *fill*         0x10004c2a        0x2 
 .text.stdio_out_chars_crlf
                0x10004c2c       0x80 CMakeFiles/LCD.dir/C_/VSARM/sdk/pico/pico-sdk/src/rp2_common/pico_stdio/stdio.c.obj
 .text.stdio_stack_buffer_flush
                0x10004cac       0x44 CMakeFiles/LCD.dir/C_/VSARM/sdk/pico/pico-sdk/src/rp2_common/pico_stdio/stdio.c.obj
 .text.stdio_buffered_printer
                0x10004cf0       0x20 CMakeFiles/LCD.dir/C_/VSARM/sdk/pico/pico-sdk/src/rp2_common/pico_stdio/stdio.c.obj
 .text.stdout_serialize_begin
                0x10004d10       0x30 CMakeFiles/LCD.dir/C_/VSARM/sdk/pico/pico-sdk/src/rp2_common/pico_stdio/stdio.c.obj
                0x10004d10                stdout_serialize_begin
 .text.stdout_serialize_end
                0x10004d40       0x10 CMakeFiles/LCD.dir/C_/VSARM/sdk/pico/pico-sdk/src/rp2_common/pico_stdio/stdio.c.obj
                0x10004d40                stdout_serialize_end
 .text.stdio_put_string
                0x10004d50       0x98 CMakeFiles/LCD.dir/C_/VSARM/sdk/pico/pico-sdk/src/rp2_common/pico_stdio/stdio.c.obj
 .text.stdio_set_driver_enabled
                0x10004de8       0x2c CMakeFiles/LCD.dir/C_/VSARM/sdk/pico/pico-sdk/src/rp2_common/pico_stdio/stdio.c.obj
                0x10004de8                stdio_set_driver_enabled
 .text.stdio_flush
                0x10004e14       0x20 CMakeFiles/LCD.dir/C_/VSARM/sdk/pico/pico-sdk/src/rp2_common/pico_stdio/stdio.c.obj
                0x10004e14                stdio_flush
 .text.__wrap_puts
                0x10004e34       0x1e CMakeFiles/LCD.dir/C_/VSARM/sdk/pico/pico-sdk/src/rp2_common/pico_stdio/stdio.c.obj
                0x10004e34                __wrap_puts
 *fill*         0x10004e52        0x2 
 .text.__wrap_vprintf
                0x10004e54       0x44 CMakeFiles/LCD.dir/C_/VSARM/sdk/pico/pico-sdk/src/rp2_common/pico_stdio/stdio.c.obj
                0x10004e54                __wrap_vprintf
 .text.__wrap_printf
                0x10004e98       0x18 CMakeFiles/LCD.dir/C_/VSARM/sdk/pico/pico-sdk/src/rp2_common/pico_stdio/stdio.c.obj
                0x10004e98                __wrap_printf
 .text.stdio_init_all
                0x10004eb0        0x8 CMakeFiles/LCD.dir/C_/VSARM/sdk/pico/pico-sdk/src/rp2_common/pico_stdio/stdio.c.obj
                0x10004eb0                stdio_init_all
 .text.resetd_init
                0x10004eb8        0x2 CMakeFiles/LCD.dir/C_/VSARM/sdk/pico/pico-sdk/src/rp2_common/pico_stdio_usb/reset_interface.c.obj
 *fill*         0x10004eba        0x2 
 .text.resetd_reset
                0x10004ebc        0xc CMakeFiles/LCD.dir/C_/VSARM/sdk/pico/pico-sdk/src/rp2_common/pico_stdio_usb/reset_interface.c.obj
 .text.resetd_open
                0x10004ec8       0x34 CMakeFiles/LCD.dir/C_/VSARM/sdk/pico/pico-sdk/src/rp2_common/pico_stdio_usb/reset_interface.c.obj
 .text.resetd_xfer_cb
                0x10004efc        0x4 CMakeFiles/LCD.dir/C_/VSARM/sdk/pico/pico-sdk/src/rp2_common/pico_stdio_usb/reset_interface.c.obj
 .text.reset_usb_boot
                0x10004f00       0x18 CMakeFiles/LCD.dir/C_/VSARM/sdk/pico/pico-sdk/src/rp2_common/pico_stdio_usb/reset_interface.c.obj
 .text.resetd_control_xfer_cb
                0x10004f18       0x5c CMakeFiles/LCD.dir/C_/VSARM/sdk/pico/pico-sdk/src/rp2_common/pico_stdio_usb/reset_interface.c.obj
 .text.usbd_app_driver_get_cb
                0x10004f74        0xc CMakeFiles/LCD.dir/C_/VSARM/sdk/pico/pico-sdk/src/rp2_common/pico_stdio_usb/reset_interface.c.obj
                0x10004f74                usbd_app_driver_get_cb
 .text.tud_cdc_line_coding_cb
                0x10004f80       0x28 CMakeFiles/LCD.dir/C_/VSARM/sdk/pico/pico-sdk/src/rp2_common/pico_stdio_usb/reset_interface.c.obj
                0x10004f80                tud_cdc_line_coding_cb
 .text.stdio_usb_in_chars
                0x10004fa8       0x70 CMakeFiles/LCD.dir/C_/VSARM/sdk/pico/pico-sdk/src/rp2_common/pico_stdio_usb/stdio_usb.c.obj
                0x10004fa8                stdio_usb_in_chars
 .text.low_priority_worker_irq
                0x10005018       0x20 CMakeFiles/LCD.dir/C_/VSARM/sdk/pico/pico-sdk/src/rp2_common/pico_stdio_usb/stdio_usb.c.obj
 .text.stdio_usb_out_chars
                0x10005038       0xd4 CMakeFiles/LCD.dir/C_/VSARM/sdk/pico/pico-sdk/src/rp2_common/pico_stdio_usb/stdio_usb.c.obj
 .text.update_us_since_boot
                0x1000510c       0x24 CMakeFiles/LCD.dir/C_/VSARM/sdk/pico/pico-sdk/src/rp2_common/pico_stdio_usb/stdio_usb.c.obj
 .text.get_absolute_time
                0x10005130       0x22 CMakeFiles/LCD.dir/C_/VSARM/sdk/pico/pico-sdk/src/rp2_common/pico_stdio_usb/stdio_usb.c.obj
 .text.delayed_by_us
                0x10005152       0x36 CMakeFiles/LCD.dir/C_/VSARM/sdk/pico/pico-sdk/src/rp2_common/pico_stdio_usb/stdio_usb.c.obj
 .text.timer_task
                0x10005188       0x40 CMakeFiles/LCD.dir/C_/VSARM/sdk/pico/pico-sdk/src/rp2_common/pico_stdio_usb/stdio_usb.c.obj
 .text.usb_irq  0x100051c8       0x10 CMakeFiles/LCD.dir/C_/VSARM/sdk/pico/pico-sdk/src/rp2_common/pico_stdio_usb/stdio_usb.c.obj
 .text.alarm_pool_add_alarm_in_us
                0x100051d8       0x3a CMakeFiles/LCD.dir/C_/VSARM/sdk/pico/pico-sdk/src/rp2_common/pico_stdio_usb/stdio_usb.c.obj
 .text.add_alarm_in_us
                0x10005212       0x2e CMakeFiles/LCD.dir/C_/VSARM/sdk/pico/pico-sdk/src/rp2_common/pico_stdio_usb/stdio_usb.c.obj
 .text.stdio_usb_init
                0x10005240       0x98 CMakeFiles/LCD.dir/C_/VSARM/sdk/pico/pico-sdk/src/rp2_common/pico_stdio_usb/stdio_usb.c.obj
                0x10005240                stdio_usb_init
 .text.tud_descriptor_device_cb
                0x100052d8        0x8 CMakeFiles/LCD.dir/C_/VSARM/sdk/pico/pico-sdk/src/rp2_common/pico_stdio_usb/stdio_usb_descriptors.c.obj
                0x100052d8                tud_descriptor_device_cb
 .text.tud_descriptor_configuration_cb
                0x100052e0        0x8 CMakeFiles/LCD.dir/C_/VSARM/sdk/pico/pico-sdk/src/rp2_common/pico_stdio_usb/stdio_usb_descriptors.c.obj
                0x100052e0                tud_descriptor_configuration_cb
 .text.tud_descriptor_string_cb
                0x100052e8       0x6c CMakeFiles/LCD.dir/C_/VSARM/sdk/pico/pico-sdk/src/rp2_common/pico_stdio_usb/stdio_usb_descriptors.c.obj
                0x100052e8                tud_descriptor_string_cb
 .text.hw_endpoint_get_by_addr
                0x10005354       0x18 CMakeFiles/LCD.dir/C_/VSARM/sdk/pico/pico-sdk/lib/tinyusb/src/portable/raspberrypi/rp2040/dcd_rp2040.c.obj
 .text.reset_ep0_pid
                0x1000536c       0x28 CMakeFiles/LCD.dir/C_/VSARM/sdk/pico/pico-sdk/lib/tinyusb/src/portable/raspberrypi/rp2040/dcd_rp2040.c.obj
 .text._hw_endpoint_alloc
                0x10005394       0x70 CMakeFiles/LCD.dir/C_/VSARM/sdk/pico/pico-sdk/lib/tinyusb/src/portable/raspberrypi/rp2040/dcd_rp2040.c.obj
 .text.hw_endpoint_init
                0x10005404       0x88 CMakeFiles/LCD.dir/C_/VSARM/sdk/pico/pico-sdk/lib/tinyusb/src/portable/raspberrypi/rp2040/dcd_rp2040.c.obj
 .text.reset_non_control_endpoints
                0x1000548c       0x40 CMakeFiles/LCD.dir/C_/VSARM/sdk/pico/pico-sdk/lib/tinyusb/src/portable/raspberrypi/rp2040/dcd_rp2040.c.obj
 .text.hw_handle_buff_status
                0x100054cc       0x8c CMakeFiles/LCD.dir/C_/VSARM/sdk/pico/pico-sdk/lib/tinyusb/src/portable/raspberrypi/rp2040/dcd_rp2040.c.obj
 .text.dcd_rp2040_irq
                0x10005558       0xc0 CMakeFiles/LCD.dir/C_/VSARM/sdk/pico/pico-sdk/lib/tinyusb/src/portable/raspberrypi/rp2040/dcd_rp2040.c.obj
 .text.hw_endpoint_xfer
                0x10005618       0x14 CMakeFiles/LCD.dir/C_/VSARM/sdk/pico/pico-sdk/lib/tinyusb/src/portable/raspberrypi/rp2040/dcd_rp2040.c.obj
 .text.dcd_int_enable
                0x1000562c       0x2c CMakeFiles/LCD.dir/C_/VSARM/sdk/pico/pico-sdk/lib/tinyusb/src/portable/raspberrypi/rp2040/dcd_rp2040.c.obj
                0x1000562c                dcd_int_enable
 .text.dcd_set_address
                0x10005658       0x2c CMakeFiles/LCD.dir/C_/VSARM/sdk/pico/pico-sdk/lib/tinyusb/src/portable/raspberrypi/rp2040/dcd_rp2040.c.obj
                0x10005658                dcd_set_address
 .text.dcd_connect
                0x10005684       0x10 CMakeFiles/LCD.dir/C_/VSARM/sdk/pico/pico-sdk/lib/tinyusb/src/portable/raspberrypi/rp2040/dcd_rp2040.c.obj
                0x10005684                dcd_connect
 .text.dcd_init
                0x10005694       0x7c CMakeFiles/LCD.dir/C_/VSARM/sdk/pico/pico-sdk/lib/tinyusb/src/portable/raspberrypi/rp2040/dcd_rp2040.c.obj
                0x10005694                dcd_init
 .text.dcd_edpt0_status_complete
                0x10005710       0x1c CMakeFiles/LCD.dir/C_/VSARM/sdk/pico/pico-sdk/lib/tinyusb/src/portable/raspberrypi/rp2040/dcd_rp2040.c.obj
                0x10005710                dcd_edpt0_status_complete
 .text.dcd_edpt_open
                0x1000572c       0x40 CMakeFiles/LCD.dir/C_/VSARM/sdk/pico/pico-sdk/lib/tinyusb/src/portable/raspberrypi/rp2040/dcd_rp2040.c.obj
                0x1000572c                dcd_edpt_open
 .text.dcd_edpt_close_all
                0x1000576c        0x8 CMakeFiles/LCD.dir/C_/VSARM/sdk/pico/pico-sdk/lib/tinyusb/src/portable/raspberrypi/rp2040/dcd_rp2040.c.obj
                0x1000576c                dcd_edpt_close_all
 .text.dcd_edpt_xfer
                0x10005774       0x30 CMakeFiles/LCD.dir/C_/VSARM/sdk/pico/pico-sdk/lib/tinyusb/src/portable/raspberrypi/rp2040/dcd_rp2040.c.obj
                0x10005774                dcd_edpt_xfer
 .text.dcd_edpt_stall
                0x100057a4       0x2c CMakeFiles/LCD.dir/C_/VSARM/sdk/pico/pico-sdk/lib/tinyusb/src/portable/raspberrypi/rp2040/dcd_rp2040.c.obj
                0x100057a4                dcd_edpt_stall
 .text.dcd_edpt_clear_stall
                0x100057d0       0x20 CMakeFiles/LCD.dir/C_/VSARM/sdk/pico/pico-sdk/lib/tinyusb/src/portable/raspberrypi/rp2040/dcd_rp2040.c.obj
                0x100057d0                dcd_edpt_clear_stall
 .text.prepare_ep_buffer
                0x100057f0       0x6c CMakeFiles/LCD.dir/C_/VSARM/sdk/pico/pico-sdk/lib/tinyusb/src/portable/raspberrypi/rp2040/rp2040_usb.c.obj
 .text.sync_ep_buffer
                0x1000585c       0x78 CMakeFiles/LCD.dir/C_/VSARM/sdk/pico/pico-sdk/lib/tinyusb/src/portable/raspberrypi/rp2040/rp2040_usb.c.obj
 .text._hw_endpoint_xfer_sync
                0x100058d4       0x28 CMakeFiles/LCD.dir/C_/VSARM/sdk/pico/pico-sdk/lib/tinyusb/src/portable/raspberrypi/rp2040/rp2040_usb.c.obj
 .text.rp2040_usb_init
                0x100058fc       0x4c CMakeFiles/LCD.dir/C_/VSARM/sdk/pico/pico-sdk/lib/tinyusb/src/portable/raspberrypi/rp2040/rp2040_usb.c.obj
                0x100058fc                rp2040_usb_init
 .text.hw_endpoint_reset_transfer
                0x10005948        0xc CMakeFiles/LCD.dir/C_/VSARM/sdk/pico/pico-sdk/lib/tinyusb/src/portable/raspberrypi/rp2040/rp2040_usb.c.obj
                0x10005948                hw_endpoint_reset_transfer
 .text._hw_endpoint_buffer_control_update32
                0x10005954       0x58 CMakeFiles/LCD.dir/C_/VSARM/sdk/pico/pico-sdk/lib/tinyusb/src/portable/raspberrypi/rp2040/rp2040_usb.c.obj
                0x10005954                _hw_endpoint_buffer_control_update32
 .text._hw_endpoint_start_next_buffer
                0x100059ac       0x74 CMakeFiles/LCD.dir/C_/VSARM/sdk/pico/pico-sdk/lib/tinyusb/src/portable/raspberrypi/rp2040/rp2040_usb.c.obj
 .text.hw_endpoint_xfer_start
                0x10005a20       0x48 CMakeFiles/LCD.dir/C_/VSARM/sdk/pico/pico-sdk/lib/tinyusb/src/portable/raspberrypi/rp2040/rp2040_usb.c.obj
                0x10005a20                hw_endpoint_xfer_start
 .text.hw_endpoint_xfer_continue
                0x10005a68       0x38 CMakeFiles/LCD.dir/C_/VSARM/sdk/pico/pico-sdk/lib/tinyusb/src/portable/raspberrypi/rp2040/rp2040_usb.c.obj
                0x10005a68                hw_endpoint_xfer_continue
 .text.configuration_reset
                0x10005aa0       0x84 CMakeFiles/LCD.dir/C_/VSARM/sdk/pico/pico-sdk/lib/tinyusb/src/device/usbd.c.obj
 .text.osal_queue_receive
                0x10005b24       0x30 CMakeFiles/LCD.dir/C_/VSARM/sdk/pico/pico-sdk/lib/tinyusb/src/device/usbd.c.obj
 .text.usbd_reset
                0x10005b54        0xc CMakeFiles/LCD.dir/C_/VSARM/sdk/pico/pico-sdk/lib/tinyusb/src/device/usbd.c.obj
 .text.invoke_class_control
                0x10005b60       0x1a CMakeFiles/LCD.dir/C_/VSARM/sdk/pico/pico-sdk/lib/tinyusb/src/device/usbd.c.obj
 *fill*         0x10005b7a        0x2 
 .text.process_set_config
                0x10005b7c      0x1b0 CMakeFiles/LCD.dir/C_/VSARM/sdk/pico/pico-sdk/lib/tinyusb/src/device/usbd.c.obj
 .text.process_get_descriptor
                0x10005d2c       0xec CMakeFiles/LCD.dir/C_/VSARM/sdk/pico/pico-sdk/lib/tinyusb/src/device/usbd.c.obj
 .text.osal_queue_send
                0x10005e18       0x4c CMakeFiles/LCD.dir/C_/VSARM/sdk/pico/pico-sdk/lib/tinyusb/src/device/usbd.c.obj
 .text.tud_mounted
                0x10005e64       0x10 CMakeFiles/LCD.dir/C_/VSARM/sdk/pico/pico-sdk/lib/tinyusb/src/device/usbd.c.obj
                0x10005e64                tud_mounted
 .text.tud_suspended
                0x10005e74       0x10 CMakeFiles/LCD.dir/C_/VSARM/sdk/pico/pico-sdk/lib/tinyusb/src/device/usbd.c.obj
                0x10005e74                tud_suspended
 .text.tud_inited
                0x10005e84        0xc CMakeFiles/LCD.dir/C_/VSARM/sdk/pico/pico-sdk/lib/tinyusb/src/device/usbd.c.obj
                0x10005e84                tud_inited
 .text.tud_init
                0x10005e90       0xcc CMakeFiles/LCD.dir/C_/VSARM/sdk/pico/pico-sdk/lib/tinyusb/src/device/usbd.c.obj
                0x10005e90                tud_init
 .text.dcd_event_handler
                0x10005f5c       0xd4 CMakeFiles/LCD.dir/C_/VSARM/sdk/pico/pico-sdk/lib/tinyusb/src/device/usbd.c.obj
                0x10005f5c                dcd_event_handler
 .text.dcd_event_bus_signal
                0x10006030       0x26 CMakeFiles/LCD.dir/C_/VSARM/sdk/pico/pico-sdk/lib/tinyusb/src/device/usbd.c.obj
                0x10006030                dcd_event_bus_signal
 .text.dcd_event_bus_reset
                0x10006056       0x2a CMakeFiles/LCD.dir/C_/VSARM/sdk/pico/pico-sdk/lib/tinyusb/src/device/usbd.c.obj
                0x10006056                dcd_event_bus_reset
 .text.dcd_event_setup_received
                0x10006080       0x34 CMakeFiles/LCD.dir/C_/VSARM/sdk/pico/pico-sdk/lib/tinyusb/src/device/usbd.c.obj
                0x10006080                dcd_event_setup_received
 .text.dcd_event_xfer_complete
                0x100060b4       0x44 CMakeFiles/LCD.dir/C_/VSARM/sdk/pico/pico-sdk/lib/tinyusb/src/device/usbd.c.obj
                0x100060b4                dcd_event_xfer_complete
 .text.usbd_edpt_open
                0x100060f8       0x58 CMakeFiles/LCD.dir/C_/VSARM/sdk/pico/pico-sdk/lib/tinyusb/src/device/usbd.c.obj
                0x100060f8                usbd_edpt_open
 .text.usbd_open_edpt_pair
                0x10006150       0x8c CMakeFiles/LCD.dir/C_/VSARM/sdk/pico/pico-sdk/lib/tinyusb/src/device/usbd.c.obj
                0x10006150                usbd_open_edpt_pair
 .text.usbd_edpt_claim
                0x100061dc       0x8c CMakeFiles/LCD.dir/C_/VSARM/sdk/pico/pico-sdk/lib/tinyusb/src/device/usbd.c.obj
                0x100061dc                usbd_edpt_claim
 .text.usbd_edpt_release
                0x10006268       0x60 CMakeFiles/LCD.dir/C_/VSARM/sdk/pico/pico-sdk/lib/tinyusb/src/device/usbd.c.obj
                0x10006268                usbd_edpt_release
 .text.usbd_edpt_xfer
                0x100062c8       0x80 CMakeFiles/LCD.dir/C_/VSARM/sdk/pico/pico-sdk/lib/tinyusb/src/device/usbd.c.obj
                0x100062c8                usbd_edpt_xfer
 .text.usbd_edpt_stall
                0x10006348       0x40 CMakeFiles/LCD.dir/C_/VSARM/sdk/pico/pico-sdk/lib/tinyusb/src/device/usbd.c.obj
                0x10006348                usbd_edpt_stall
 .text.usbd_edpt_clear_stall
                0x10006388       0x40 CMakeFiles/LCD.dir/C_/VSARM/sdk/pico/pico-sdk/lib/tinyusb/src/device/usbd.c.obj
                0x10006388                usbd_edpt_clear_stall
 .text.usbd_edpt_stalled
                0x100063c8       0x1c CMakeFiles/LCD.dir/C_/VSARM/sdk/pico/pico-sdk/lib/tinyusb/src/device/usbd.c.obj
                0x100063c8                usbd_edpt_stalled
 .text.process_control_request
                0x100063e4      0x3b0 CMakeFiles/LCD.dir/C_/VSARM/sdk/pico/pico-sdk/lib/tinyusb/src/device/usbd.c.obj
 .text.tud_task
                0x10006794      0x1f0 CMakeFiles/LCD.dir/C_/VSARM/sdk/pico/pico-sdk/lib/tinyusb/src/device/usbd.c.obj
                0x10006794                tud_task
 .text._status_stage_xact
                0x10006984       0x1a CMakeFiles/LCD.dir/C_/VSARM/sdk/pico/pico-sdk/lib/tinyusb/src/device/usbd_control.c.obj
 *fill*         0x1000699e        0x2 
 .text._data_stage_xact
                0x100069a0       0x58 CMakeFiles/LCD.dir/C_/VSARM/sdk/pico/pico-sdk/lib/tinyusb/src/device/usbd_control.c.obj
 .text.tud_control_status
                0x100069f8       0x28 CMakeFiles/LCD.dir/C_/VSARM/sdk/pico/pico-sdk/lib/tinyusb/src/device/usbd_control.c.obj
                0x100069f8                tud_control_status
 .text.tud_control_xfer
                0x10006a20       0x98 CMakeFiles/LCD.dir/C_/VSARM/sdk/pico/pico-sdk/lib/tinyusb/src/device/usbd_control.c.obj
                0x10006a20                tud_control_xfer
 .text.usbd_control_reset
                0x10006ab8       0x14 CMakeFiles/LCD.dir/C_/VSARM/sdk/pico/pico-sdk/lib/tinyusb/src/device/usbd_control.c.obj
                0x10006ab8                usbd_control_reset
 .text.usbd_control_set_complete_callback
                0x10006acc        0xc CMakeFiles/LCD.dir/C_/VSARM/sdk/pico/pico-sdk/lib/tinyusb/src/device/usbd_control.c.obj
                0x10006acc                usbd_control_set_complete_callback
 .text.usbd_control_set_request
                0x10006ad8       0x1c CMakeFiles/LCD.dir/C_/VSARM/sdk/pico/pico-sdk/lib/tinyusb/src/device/usbd_control.c.obj
                0x10006ad8                usbd_control_set_request
 .text.usbd_control_xfer_cb
                0x10006af4       0xe8 CMakeFiles/LCD.dir/C_/VSARM/sdk/pico/pico-sdk/lib/tinyusb/src/device/usbd_control.c.obj
                0x10006af4                usbd_control_xfer_cb
 .text._prep_out_transaction
                0x10006bdc       0x46 CMakeFiles/LCD.dir/C_/VSARM/sdk/pico/pico-sdk/lib/tinyusb/src/class/cdc/cdc_device.c.obj
 *fill*         0x10006c22        0x2 
 .text.tud_cdc_n_connected
                0x10006c24       0x38 CMakeFiles/LCD.dir/C_/VSARM/sdk/pico/pico-sdk/lib/tinyusb/src/class/cdc/cdc_device.c.obj
                0x10006c24                tud_cdc_n_connected
 .text.tud_cdc_n_available
                0x10006c5c       0x18 CMakeFiles/LCD.dir/C_/VSARM/sdk/pico/pico-sdk/lib/tinyusb/src/class/cdc/cdc_device.c.obj
                0x10006c5c                tud_cdc_n_available
 .text.tud_cdc_n_read
                0x10006c74       0x28 CMakeFiles/LCD.dir/C_/VSARM/sdk/pico/pico-sdk/lib/tinyusb/src/class/cdc/cdc_device.c.obj
                0x10006c74                tud_cdc_n_read
 .text.tud_cdc_n_write_flush
                0x10006c9c       0xcc CMakeFiles/LCD.dir/C_/VSARM/sdk/pico/pico-sdk/lib/tinyusb/src/class/cdc/cdc_device.c.obj
                0x10006c9c                tud_cdc_n_write_flush
 .text.tud_cdc_n_write
                0x10006d68       0x38 CMakeFiles/LCD.dir/C_/VSARM/sdk/pico/pico-sdk/lib/tinyusb/src/class/cdc/cdc_device.c.obj
                0x10006d68                tud_cdc_n_write
 .text.tud_cdc_n_write_available
                0x10006da0       0x1c CMakeFiles/LCD.dir/C_/VSARM/sdk/pico/pico-sdk/lib/tinyusb/src/class/cdc/cdc_device.c.obj
                0x10006da0                tud_cdc_n_write_available
 .text.cdcd_init
                0x10006dbc       0xbc CMakeFiles/LCD.dir/C_/VSARM/sdk/pico/pico-sdk/lib/tinyusb/src/class/cdc/cdc_device.c.obj
                0x10006dbc                cdcd_init
 .text.cdcd_reset
                0x10006e78       0x44 CMakeFiles/LCD.dir/C_/VSARM/sdk/pico/pico-sdk/lib/tinyusb/src/class/cdc/cdc_device.c.obj
                0x10006e78                cdcd_reset
 .text.cdcd_open
                0x10006ebc       0xf0 CMakeFiles/LCD.dir/C_/VSARM/sdk/pico/pico-sdk/lib/tinyusb/src/class/cdc/cdc_device.c.obj
                0x10006ebc                cdcd_open
 .text.cdcd_control_xfer_cb
                0x10006fac      0x134 CMakeFiles/LCD.dir/C_/VSARM/sdk/pico/pico-sdk/lib/tinyusb/src/class/cdc/cdc_device.c.obj
                0x10006fac                cdcd_control_xfer_cb
 .text.cdcd_xfer_cb
                0x100070e0      0x144 CMakeFiles/LCD.dir/C_/VSARM/sdk/pico/pico-sdk/lib/tinyusb/src/class/cdc/cdc_device.c.obj
                0x100070e0                cdcd_xfer_cb
 .text.tusb_init
                0x10007224       0x24 CMakeFiles/LCD.dir/C_/VSARM/sdk/pico/pico-sdk/lib/tinyusb/src/tusb.c.obj
                0x10007224                tusb_init
 .text.tusb_inited
                0x10007248        0xe CMakeFiles/LCD.dir/C_/VSARM/sdk/pico/pico-sdk/lib/tinyusb/src/tusb.c.obj
                0x10007248                tusb_inited
 *fill*         0x10007256        0x2 
 .text.tu_edpt_validate
                0x10007258       0xa8 CMakeFiles/LCD.dir/C_/VSARM/sdk/pico/pico-sdk/lib/tinyusb/src/tusb.c.obj
                0x10007258                tu_edpt_validate
 .text.tu_edpt_bind_driver
                0x10007300       0x2a CMakeFiles/LCD.dir/C_/VSARM/sdk/pico/pico-sdk/lib/tinyusb/src/tusb.c.obj
                0x10007300                tu_edpt_bind_driver
 .text.advance_pointer
                0x1000732a       0x18 CMakeFiles/LCD.dir/C_/VSARM/sdk/pico/pico-sdk/lib/tinyusb/src/common/tusb_fifo.c.obj
 .text.backward_pointer
                0x10007342       0x1e CMakeFiles/LCD.dir/C_/VSARM/sdk/pico/pico-sdk/lib/tinyusb/src/common/tusb_fifo.c.obj
 .text.get_relative_pointer
                0x10007360       0x10 CMakeFiles/LCD.dir/C_/VSARM/sdk/pico/pico-sdk/lib/tinyusb/src/common/tusb_fifo.c.obj
 .text._tu_fifo_peek
                0x10007370       0x50 CMakeFiles/LCD.dir/C_/VSARM/sdk/pico/pico-sdk/lib/tinyusb/src/common/tusb_fifo.c.obj
 .text._ff_pull_const_addr
                0x100073c0       0x4c CMakeFiles/LCD.dir/C_/VSARM/sdk/pico/pico-sdk/lib/tinyusb/src/common/tusb_fifo.c.obj
 .text._ff_pull_n
                0x1000740c      0x10c CMakeFiles/LCD.dir/C_/VSARM/sdk/pico/pico-sdk/lib/tinyusb/src/common/tusb_fifo.c.obj
 .text._tu_fifo_peek_n
                0x10007518       0x5e CMakeFiles/LCD.dir/C_/VSARM/sdk/pico/pico-sdk/lib/tinyusb/src/common/tusb_fifo.c.obj
 .text._tu_fifo_read_n
                0x10007576       0x4e CMakeFiles/LCD.dir/C_/VSARM/sdk/pico/pico-sdk/lib/tinyusb/src/common/tusb_fifo.c.obj
 .text._ff_push_const_addr
                0x100075c4       0x40 CMakeFiles/LCD.dir/C_/VSARM/sdk/pico/pico-sdk/lib/tinyusb/src/common/tusb_fifo.c.obj
 .text._ff_push_n
                0x10007604      0x108 CMakeFiles/LCD.dir/C_/VSARM/sdk/pico/pico-sdk/lib/tinyusb/src/common/tusb_fifo.c.obj
 .text._tu_fifo_write_n
                0x1000770c       0x9e CMakeFiles/LCD.dir/C_/VSARM/sdk/pico/pico-sdk/lib/tinyusb/src/common/tusb_fifo.c.obj
 .text.tu_fifo_config
                0x100077aa       0x72 CMakeFiles/LCD.dir/C_/VSARM/sdk/pico/pico-sdk/lib/tinyusb/src/common/tusb_fifo.c.obj
                0x100077aa                tu_fifo_config
 .text.tu_fifo_count
                0x1000781c       0x26 CMakeFiles/LCD.dir/C_/VSARM/sdk/pico/pico-sdk/lib/tinyusb/src/common/tusb_fifo.c.obj
                0x1000781c                tu_fifo_count
 .text.tu_fifo_empty
                0x10007842        0xe CMakeFiles/LCD.dir/C_/VSARM/sdk/pico/pico-sdk/lib/tinyusb/src/common/tusb_fifo.c.obj
                0x10007842                tu_fifo_empty
 .text.tu_fifo_remaining
                0x10007850       0x20 CMakeFiles/LCD.dir/C_/VSARM/sdk/pico/pico-sdk/lib/tinyusb/src/common/tusb_fifo.c.obj
                0x10007850                tu_fifo_remaining
 .text.tu_fifo_read
                0x10007870       0x42 CMakeFiles/LCD.dir/C_/VSARM/sdk/pico/pico-sdk/lib/tinyusb/src/common/tusb_fifo.c.obj
                0x10007870                tu_fifo_read
 .text.tu_fifo_read_n
                0x100078b2        0xa CMakeFiles/LCD.dir/C_/VSARM/sdk/pico/pico-sdk/lib/tinyusb/src/common/tusb_fifo.c.obj
                0x100078b2                tu_fifo_read_n
 .text.tu_fifo_write
                0x100078bc       0x6a CMakeFiles/LCD.dir/C_/VSARM/sdk/pico/pico-sdk/lib/tinyusb/src/common/tusb_fifo.c.obj
                0x100078bc                tu_fifo_write
 .text.tu_fifo_write_n
                0x10007926        0xa CMakeFiles/LCD.dir/C_/VSARM/sdk/pico/pico-sdk/lib/tinyusb/src/common/tusb_fifo.c.obj
                0x10007926                tu_fifo_write_n
 .text.tu_fifo_clear
                0x10007930       0x4c CMakeFiles/LCD.dir/C_/VSARM/sdk/pico/pico-sdk/lib/tinyusb/src/common/tusb_fifo.c.obj
                0x10007930                tu_fifo_clear
 .text.tu_fifo_set_overwritable
                0x1000797c       0x3c CMakeFiles/LCD.dir/C_/VSARM/sdk/pico/pico-sdk/lib/tinyusb/src/common/tusb_fifo.c.obj
                0x1000797c                tu_fifo_set_overwritable
 .text._retrieve_unique_id_on_boot
                0x100079b8       0x10 CMakeFiles/LCD.dir/C_/VSARM/sdk/pico/pico-sdk/src/rp2_common/pico_unique_id/unique_id.c.obj
 .text.pico_get_unique_board_id_string
                0x100079c8       0x5c CMakeFiles/LCD.dir/C_/VSARM/sdk/pico/pico-sdk/src/rp2_common/pico_unique_id/unique_id.c.obj
                0x100079c8                pico_get_unique_board_id_string
 .text.flash_get_unique_id
                0x10007a24       0x46 CMakeFiles/LCD.dir/C_/VSARM/sdk/pico/pico-sdk/src/rp2_common/hardware_flash/flash.c.obj
                0x10007a24                flash_get_unique_id
 .text.spi_set_baudrate
                0x10007a6a       0x92 CMakeFiles/LCD.dir/C_/VSARM/sdk/pico/pico-sdk/src/rp2_common/hardware_spi/spi.c.obj
                0x10007a6a                spi_set_baudrate
 .text.spi_init
                0x10007afc       0x68 CMakeFiles/LCD.dir/C_/VSARM/sdk/pico/pico-sdk/src/rp2_common/hardware_spi/spi.c.obj
                0x10007afc                spi_init
 .text.i2c_write_blocking_internal
                0x10007b64      0x146 CMakeFiles/LCD.dir/C_/VSARM/sdk/pico/pico-sdk/src/rp2_common/hardware_i2c/i2c.c.obj
 *fill*         0x10007caa        0x2 
 .text.i2c_set_baudrate
                0x10007cac       0xf0 CMakeFiles/LCD.dir/C_/VSARM/sdk/pico/pico-sdk/src/rp2_common/hardware_i2c/i2c.c.obj
                0x10007cac                i2c_set_baudrate
 .text.i2c_init
                0x10007d9c       0x58 CMakeFiles/LCD.dir/C_/VSARM/sdk/pico/pico-sdk/src/rp2_common/hardware_i2c/i2c.c.obj
                0x10007d9c                i2c_init
 .text.i2c_write_blocking
                0x10007df4       0x18 CMakeFiles/LCD.dir/C_/VSARM/sdk/pico/pico-sdk/src/rp2_common/hardware_i2c/i2c.c.obj
                0x10007df4                i2c_write_blocking
 .text.malloc   0x10007e0c       0x14 c:/progra~2/armgnu~1/1213fb~1.2mp/bin/../lib/gcc/arm-none-eabi/12.2.0/thumb/v6-m/nofp\libg.a(libc_a-malloc.o)
                0x10007e0c                malloc
 .text.free     0x10007e20       0x14 c:/progra~2/armgnu~1/1213fb~1.2mp/bin/../lib/gcc/arm-none-eabi/12.2.0/thumb/v6-m/nofp\libg.a(libc_a-malloc.o)
                0x10007e20                free
 .text._malloc_r
                0x10007e34      0x55c c:/progra~2/armgnu~1/1213fb~1.2mp/bin/../lib/gcc/arm-none-eabi/12.2.0/thumb/v6-m/nofp\libg.a(libc_a-mallocr.o)
                0x10007e34                _malloc_r
 .text.__malloc_lock
                0x10008390       0x10 c:/progra~2/armgnu~1/1213fb~1.2mp/bin/../lib/gcc/arm-none-eabi/12.2.0/thumb/v6-m/nofp\libg.a(libc_a-mlock.o)
                0x10008390                __malloc_lock
 .text.__malloc_unlock
                0x100083a0       0x10 c:/progra~2/armgnu~1/1213fb~1.2mp/bin/../lib/gcc/arm-none-eabi/12.2.0/thumb/v6-m/nofp\libg.a(libc_a-mlock.o)
                0x100083a0                __malloc_unlock
 .text._sbrk_r  0x100083b0       0x24 c:/progra~2/armgnu~1/1213fb~1.2mp/bin/../lib/gcc/arm-none-eabi/12.2.0/thumb/v6-m/nofp\libg.a(libc_a-sbrkr.o)
                0x100083b0                _sbrk_r
 .text.__retarget_lock_acquire_recursive
                0x100083d4        0x4 c:/progra~2/armgnu~1/1213fb~1.2mp/bin/../lib/gcc/arm-none-eabi/12.2.0/thumb/v6-m/nofp\libg.a(libc_a-lock.o)
                0x100083d4                __retarget_lock_acquire_recursive
 .text.__retarget_lock_release_recursive
                0x100083d8        0x4 c:/progra~2/armgnu~1/1213fb~1.2mp/bin/../lib/gcc/arm-none-eabi/12.2.0/thumb/v6-m/nofp\libg.a(libc_a-lock.o)
                0x100083d8                __retarget_lock_release_recursive
 .text.strlen   0x100083dc       0x5c c:/progra~2/armgnu~1/1213fb~1.2mp/bin/../lib/gcc/arm-none-eabi/12.2.0/thumb/v6-m/nofp\libg.a(libc_a-strlen-stub.o)
                0x100083dc                strlen
 .text._malloc_trim_r
                0x10008438       0xa8 c:/progra~2/armgnu~1/1213fb~1.2mp/bin/../lib/gcc/arm-none-eabi/12.2.0/thumb/v6-m/nofp\libg.a(libc_a-freer.o)
                0x10008438                _malloc_trim_r
 .text._free_r  0x100084e0      0x1c0 c:/progra~2/armgnu~1/1213fb~1.2mp/bin/../lib/gcc/arm-none-eabi/12.2.0/thumb/v6-m/nofp\libg.a(libc_a-freer.o)
                0x100084e0                _free_r
 *(.fini)
 .fini          0x100086a0        0x4 c:/progra~2/armgnu~1/1213fb~1.2mp/bin/../lib/gcc/arm-none-eabi/12.2.0/thumb/v6-m/nofp/crti.o
                0x100086a0                _fini
 *fill*         0x100086a4        0x4 
 .fini.__stub   0x100086a8       0x90 linker stubs
 *crtbegin.o(.ctors)
 *crtbegin?.o(.ctors)
 *(EXCLUDE_FILE(*crtend.o *crtend?.o) .ctors)
 *(SORT_BY_NAME(.ctors.*))
 *(.ctors)
 *crtbegin.o(.dtors)
 *crtbegin?.o(.dtors)
 *(EXCLUDE_FILE(*crtend.o *crtend?.o) .dtors)
 *(SORT_BY_NAME(.dtors.*))
 *(.dtors)
 *(.eh_frame*)
 .eh_frame      0x10008738        0x0 c:/progra~2/armgnu~1/1213fb~1.2mp/bin/../lib/gcc/arm-none-eabi/12.2.0/thumb/v6-m/nofp/crtbegin.o
                0x10008738                        . = ALIGN (0x4)

.glue_7         0x10008738        0x0
 .glue_7        0x10008738        0x0 linker stubs

.glue_7t        0x10008738        0x0
 .glue_7t       0x10008738        0x0 linker stubs

.vfp11_veneer   0x10008738        0x0
 .vfp11_veneer  0x10008738        0x0 linker stubs

.v4_bx          0x10008738        0x0
 .v4_bx         0x10008738        0x0 linker stubs

.iplt           0x10008738        0x0
 .iplt          0x10008738        0x0 c:/progra~2/armgnu~1/1213fb~1.2mp/bin/../lib/gcc/arm-none-eabi/12.2.0/thumb/v6-m/nofp/crtbegin.o

.rodata         0x10008738    0x274fc
 *(EXCLUDE_FILE(*libm.a: *libc.a:*lib_a-mem*.o *libgcc.a:) .rodata*)
 .rodata.main.str1.4
                0x10008738       0x11 CMakeFiles/LCD.dir/main.c.obj
 *fill*         0x10008749        0x3 
 .rodata.gImage_imageN
                0x1000874c    0x25808 CMakeFiles/LCD.dir/main.c.obj
                0x1000874c                gImage_imageN
 .rodata.oled_setCursor.str1.4
                0x1002df54        0x2 CMakeFiles/LCD.dir/OLED.c.obj
 *fill*         0x1002df56        0x2 
 .rodata.ASCII16
                0x1002df58      0x5f0 CMakeFiles/LCD.dir/OLED.c.obj
                0x1002df58                ASCII16
 .rodata.spin_lock_claim_unused.str1.4
                0x1002e548       0x1b CMakeFiles/LCD.dir/C_/VSARM/sdk/pico/pico-sdk/src/rp2_common/hardware_sync/sync.c.obj
 *fill*         0x1002e563        0x1 
 .rodata.resolve_branch.str1.4
                0x1002e564       0x55 CMakeFiles/LCD.dir/C_/VSARM/sdk/pico/pico-sdk/src/rp2_common/hardware_irq/irq.c.obj
 *fill*         0x1002e5b9        0x3 
 .rodata.make_branch.str1.4
                0x1002e5bc       0x30 CMakeFiles/LCD.dir/C_/VSARM/sdk/pico/pico-sdk/src/rp2_common/hardware_irq/irq.c.obj
 .rodata.insert_branch_and_link.str1.4
                0x1002e5ec       0x10 CMakeFiles/LCD.dir/C_/VSARM/sdk/pico/pico-sdk/src/rp2_common/hardware_irq/irq.c.obj
 .rodata.irq_set_exclusive_handler.str1.4
                0x1002e5fc       0x36 CMakeFiles/LCD.dir/C_/VSARM/sdk/pico/pico-sdk/src/rp2_common/hardware_irq/irq.c.obj
 *fill*         0x1002e632        0x2 
 .rodata.irq_add_shared_handler.str1.4
                0x1002e634       0xc2 CMakeFiles/LCD.dir/C_/VSARM/sdk/pico/pico-sdk/src/rp2_common/hardware_irq/irq.c.obj
 *fill*         0x1002e6f6        0x2 
 .rodata.irq_remove_handler.str1.4
                0x1002e6f8       0x2a CMakeFiles/LCD.dir/C_/VSARM/sdk/pico/pico-sdk/src/rp2_common/hardware_irq/irq.c.obj
 *fill*         0x1002e722        0x2 
 .rodata.irq_add_tail_to_free_list.str1.4
                0x1002e724       0x3a CMakeFiles/LCD.dir/C_/VSARM/sdk/pico/pico-sdk/src/rp2_common/hardware_irq/irq.c.obj
 *fill*         0x1002e75e        0x2 
 .rodata.user_irq_claim_unused.str1.4
                0x1002e760       0x1b CMakeFiles/LCD.dir/C_/VSARM/sdk/pico/pico-sdk/src/rp2_common/hardware_irq/irq.c.obj
 *fill*         0x1002e77b        0x1 
 .rodata.__func__.0
                0x1002e77c       0x1a CMakeFiles/LCD.dir/C_/VSARM/sdk/pico/pico-sdk/src/rp2_common/hardware_irq/irq.c.obj
 *fill*         0x1002e796        0x2 
 .rodata.__func__.1
                0x1002e798       0x17 CMakeFiles/LCD.dir/C_/VSARM/sdk/pico/pico-sdk/src/rp2_common/hardware_irq/irq.c.obj
 *fill*         0x1002e7af        0x1 
 .rodata.__func__.2
                0x1002e7b0       0x13 CMakeFiles/LCD.dir/C_/VSARM/sdk/pico/pico-sdk/src/rp2_common/hardware_irq/irq.c.obj
 *fill*         0x1002e7c3        0x1 
 .rodata.__func__.3
                0x1002e7c4        0xc CMakeFiles/LCD.dir/C_/VSARM/sdk/pico/pico-sdk/src/rp2_common/hardware_irq/irq.c.obj
 .rodata.__func__.4
                0x1002e7d0        0xf CMakeFiles/LCD.dir/C_/VSARM/sdk/pico/pico-sdk/src/rp2_common/hardware_irq/irq.c.obj
 *fill*         0x1002e7df        0x1 
 .rodata.__func__.5
                0x1002e7e0       0x17 CMakeFiles/LCD.dir/C_/VSARM/sdk/pico/pico-sdk/src/rp2_common/hardware_irq/irq.c.obj
 *fill*         0x1002e7f7        0x1 
 .rodata.__func__.6
                0x1002e7f8       0x1a CMakeFiles/LCD.dir/C_/VSARM/sdk/pico/pico-sdk/src/rp2_common/hardware_irq/irq.c.obj
 *fill*         0x1002e812        0x2 
 .rodata.get_entry.str1.4
                0x1002e814       0x5b CMakeFiles/LCD.dir/C_/VSARM/sdk/pico/pico-sdk/src/common/pico_time/time.c.obj
 *fill*         0x1002e86f        0x1 
 .rodata.update_us_since_boot.str1.4
                0x1002e870       0x61 CMakeFiles/LCD.dir/C_/VSARM/sdk/pico/pico-sdk/src/common/pico_time/time.c.obj
 *fill*         0x1002e8d1        0x3 
 .rodata.ph_get_node.str1.4
                0x1002e8d4       0x66 CMakeFiles/LCD.dir/C_/VSARM/sdk/pico/pico-sdk/src/common/pico_time/time.c.obj
 *fill*         0x1002e93a        0x2 
 .rodata.ph_add_child_node.str1.4
                0x1002e93c       0x2e CMakeFiles/LCD.dir/C_/VSARM/sdk/pico/pico-sdk/src/common/pico_time/time.c.obj
 *fill*         0x1002e96a        0x2 
 .rodata.ph_insert_node.str1.4
                0x1002e96c        0x3 CMakeFiles/LCD.dir/C_/VSARM/sdk/pico/pico-sdk/src/common/pico_time/time.c.obj
 *fill*         0x1002e96f        0x1 
 .rodata.ph_free_node.str1.4
                0x1002e970       0x22 CMakeFiles/LCD.dir/C_/VSARM/sdk/pico/pico-sdk/src/common/pico_time/time.c.obj
 *fill*         0x1002e992        0x2 
 .rodata.add_alarm_under_lock.str1.4
                0x1002e994       0x28 CMakeFiles/LCD.dir/C_/VSARM/sdk/pico/pico-sdk/src/common/pico_time/time.c.obj
 .rodata.alarm_pool_alarm_callback.str1.4
                0x1002e9bc       0x60 CMakeFiles/LCD.dir/C_/VSARM/sdk/pico/pico-sdk/src/common/pico_time/time.c.obj
 .rodata.alarm_pool_get_default.str1.4
                0x1002ea1c       0x21 CMakeFiles/LCD.dir/C_/VSARM/sdk/pico/pico-sdk/src/common/pico_time/time.c.obj
 *fill*         0x1002ea3d        0x3 
 .rodata.alarm_pool_cancel_alarm.str1.4
                0x1002ea40       0x27 CMakeFiles/LCD.dir/C_/VSARM/sdk/pico/pico-sdk/src/common/pico_time/time.c.obj
 *fill*         0x1002ea67        0x1 
 .rodata.sleep_until.str1.4
                0x1002ea68       0x4d CMakeFiles/LCD.dir/C_/VSARM/sdk/pico/pico-sdk/src/common/pico_time/time.c.obj
 *fill*         0x1002eab5        0x3 
 .rodata.__func__.1
                0x1002eab8       0x18 CMakeFiles/LCD.dir/C_/VSARM/sdk/pico/pico-sdk/src/common/pico_time/time.c.obj
 .rodata.__func__.3
                0x1002ead0       0x17 CMakeFiles/LCD.dir/C_/VSARM/sdk/pico/pico-sdk/src/common/pico_time/time.c.obj
 *fill*         0x1002eae7        0x1 
 .rodata.__func__.4
                0x1002eae8       0x12 CMakeFiles/LCD.dir/C_/VSARM/sdk/pico/pico-sdk/src/common/pico_time/time.c.obj
 *fill*         0x1002eafa        0x2 
 .rodata.__func__.5
                0x1002eafc        0xd CMakeFiles/LCD.dir/C_/VSARM/sdk/pico/pico-sdk/src/common/pico_time/time.c.obj
 *fill*         0x1002eb09        0x3 
 .rodata.__func__.6
                0x1002eb0c       0x12 CMakeFiles/LCD.dir/C_/VSARM/sdk/pico/pico-sdk/src/common/pico_time/time.c.obj
 *fill*         0x1002eb1e        0x2 
 .rodata.__func__.7
                0x1002eb20        0xf CMakeFiles/LCD.dir/C_/VSARM/sdk/pico/pico-sdk/src/common/pico_time/time.c.obj
 *fill*         0x1002eb2f        0x1 
 .rodata.__func__.8
                0x1002eb30        0xc CMakeFiles/LCD.dir/C_/VSARM/sdk/pico/pico-sdk/src/common/pico_time/time.c.obj
 .rodata.__func__.9
                0x1002eb3c       0x15 CMakeFiles/LCD.dir/C_/VSARM/sdk/pico/pico-sdk/src/common/pico_time/time.c.obj
 *fill*         0x1002eb51        0x3 
 .rodata.__func__.10
                0x1002eb54       0x15 CMakeFiles/LCD.dir/C_/VSARM/sdk/pico/pico-sdk/src/common/pico_time/time.c.obj
 *fill*         0x1002eb69        0x3 
 .rodata.__func__.11
                0x1002eb6c       0x1a CMakeFiles/LCD.dir/C_/VSARM/sdk/pico/pico-sdk/src/common/pico_time/time.c.obj
 *fill*         0x1002eb86        0x2 
 .rodata.__func__.12
                0x1002eb88        0xa CMakeFiles/LCD.dir/C_/VSARM/sdk/pico/pico-sdk/src/common/pico_time/time.c.obj
 *fill*         0x1002eb92        0x2 
 .rodata.hardware_alarm_claim.str1.4
                0x1002eb94       0x22 CMakeFiles/LCD.dir/C_/VSARM/sdk/pico/pico-sdk/src/rp2_common/hardware_timer/timer.c.obj
 *fill*         0x1002ebb6        0x2 
 .rodata.hardware_alarm_set_target.str1.4
                0x1002ebb8       0x65 CMakeFiles/LCD.dir/C_/VSARM/sdk/pico/pico-sdk/src/rp2_common/hardware_timer/timer.c.obj
 *fill*         0x1002ec1d        0x3 
 .rodata.__func__.0
                0x1002ec20       0x1a CMakeFiles/LCD.dir/C_/VSARM/sdk/pico/pico-sdk/src/rp2_common/hardware_timer/timer.c.obj
 .rodata.ph_get_node.str1.4
                0x1002ec3a       0x66 CMakeFiles/LCD.dir/C_/VSARM/sdk/pico/pico-sdk/src/common/pico_util/pheap.c.obj
 .rodata.ph_add_child_node.str1.4
                0x1002ec3a       0x2e CMakeFiles/LCD.dir/C_/VSARM/sdk/pico/pico-sdk/src/common/pico_util/pheap.c.obj
 *fill*         0x1002ec3a        0x2 
 .rodata.ph_remove_any_head.str1.4
                0x1002ec3c       0x8c CMakeFiles/LCD.dir/C_/VSARM/sdk/pico/pico-sdk/src/common/pico_util/pheap.c.obj
 .rodata.ph_remove_and_free_node.str1.4
                0x1002ecc8       0x1e CMakeFiles/LCD.dir/C_/VSARM/sdk/pico/pico-sdk/src/common/pico_util/pheap.c.obj
                                 0x26 (size before relaxing)
 *fill*         0x1002ece6        0x2 
 .rodata.__func__.0
                0x1002ece8       0x18 CMakeFiles/LCD.dir/C_/VSARM/sdk/pico/pico-sdk/src/common/pico_util/pheap.c.obj
 .rodata.__func__.1
                0x1002ed00       0x13 CMakeFiles/LCD.dir/C_/VSARM/sdk/pico/pico-sdk/src/common/pico_util/pheap.c.obj
 *fill*         0x1002ed13        0x1 
 .rodata.__func__.2
                0x1002ed14       0x12 CMakeFiles/LCD.dir/C_/VSARM/sdk/pico/pico-sdk/src/common/pico_util/pheap.c.obj
 *fill*         0x1002ed26        0x2 
 .rodata.__func__.3
                0x1002ed28        0xc CMakeFiles/LCD.dir/C_/VSARM/sdk/pico/pico-sdk/src/common/pico_util/pheap.c.obj
 .rodata.update_us_since_boot.str1.4
                0x1002ed34       0x61 CMakeFiles/LCD.dir/C_/VSARM/sdk/pico/pico-sdk/src/common/pico_sync/mutex.c.obj
 .rodata.str1.4
                0x1002ed34       0x89 CMakeFiles/LCD.dir/C_/VSARM/sdk/pico/pico-sdk/src/common/pico_sync/mutex.c.obj
 *fill*         0x1002edbd        0x3 
 .rodata.__func__.1
                0x1002edc0        0xb CMakeFiles/LCD.dir/C_/VSARM/sdk/pico/pico-sdk/src/common/pico_sync/mutex.c.obj
 *fill*         0x1002edcb        0x1 
 .rodata.__func__.3
                0x1002edcc       0x18 CMakeFiles/LCD.dir/C_/VSARM/sdk/pico/pico-sdk/src/common/pico_sync/mutex.c.obj
 .rodata.__func__.4
                0x1002ede4       0x15 CMakeFiles/LCD.dir/C_/VSARM/sdk/pico/pico-sdk/src/common/pico_sync/mutex.c.obj
 *fill*         0x1002edf9        0x3 
 .rodata.__assert_func.str1.4
                0x1002edfc       0x3f CMakeFiles/LCD.dir/C_/VSARM/sdk/pico/pico-sdk/src/rp2_common/pico_runtime/runtime.c.obj
                                 0x43 (size before relaxing)
 *fill*         0x1002ee3b        0x1 
 .rodata.runtime_init.str1.4
                0x1002ee3c       0x61 CMakeFiles/LCD.dir/C_/VSARM/sdk/pico/pico-sdk/src/rp2_common/pico_runtime/runtime.c.obj
 *fill*         0x1002ee9d        0x3 
 .rodata.panic.str1.4
                0x1002eea0       0x12 CMakeFiles/LCD.dir/C_/VSARM/sdk/pico/pico-sdk/src/rp2_common/pico_runtime/runtime.c.obj
 *fill*         0x1002eeb2        0x2 
 .rodata.__func__.1
                0x1002eeb4        0xd CMakeFiles/LCD.dir/C_/VSARM/sdk/pico/pico-sdk/src/rp2_common/pico_runtime/runtime.c.obj
 *fill*         0x1002eec1        0x3 
 .rodata.clock_configure.str1.4
                0x1002eec4       0x57 CMakeFiles/LCD.dir/C_/VSARM/sdk/pico/pico-sdk/src/rp2_common/hardware_clocks/clocks.c.obj
 *fill*         0x1002ef1b        0x1 
 .rodata.__func__.1
                0x1002ef1c       0x10 CMakeFiles/LCD.dir/C_/VSARM/sdk/pico/pico-sdk/src/rp2_common/hardware_clocks/clocks.c.obj
 .rodata.pll_init.str1.4
                0x1002ef2c      0x13b CMakeFiles/LCD.dir/C_/VSARM/sdk/pico/pico-sdk/src/rp2_common/hardware_pll/pll.c.obj
 *fill*         0x1002f067        0x1 
 .rodata.__func__.0
                0x1002f068        0x9 CMakeFiles/LCD.dir/C_/VSARM/sdk/pico/pico-sdk/src/rp2_common/hardware_pll/pll.c.obj
 *fill*         0x1002f071        0x3 
 .rodata._ftoa.str1.4
                0x1002f074       0x15 CMakeFiles/LCD.dir/C_/VSARM/sdk/pico/pico-sdk/src/rp2_common/pico_printf/printf.c.obj
 *fill*         0x1002f089        0x3 
 .rodata._vsnprintf
                0x1002f08c      0x19c CMakeFiles/LCD.dir/C_/VSARM/sdk/pico/pico-sdk/src/rp2_common/pico_printf/printf.c.obj
 .rodata.pow10.0
                0x1002f228       0x50 CMakeFiles/LCD.dir/C_/VSARM/sdk/pico/pico-sdk/src/rp2_common/pico_printf/printf.c.obj
 .rodata.__aeabi_double_init.str1.4
                0x1002f278       0xa8 CMakeFiles/LCD.dir/C_/VSARM/sdk/pico/pico-sdk/src/rp2_common/pico_double/double_init_rom.c.obj
 .rodata.__func__.0
                0x1002f320       0x14 CMakeFiles/LCD.dir/C_/VSARM/sdk/pico/pico-sdk/src/rp2_common/pico_double/double_init_rom.c.obj
 .rodata.__aeabi_float_init.str1.4
                0x1002f334       0x7a CMakeFiles/LCD.dir/C_/VSARM/sdk/pico/pico-sdk/src/rp2_common/pico_float/float_init_rom.c.obj
                                 0x7e (size before relaxing)
 *fill*         0x1002f3ae        0x2 
 .rodata.__func__.0
                0x1002f3b0       0x13 CMakeFiles/LCD.dir/C_/VSARM/sdk/pico/pico-sdk/src/rp2_common/pico_float/float_init_rom.c.obj
 *fill*         0x1002f3c3        0x1 
 .rodata.check_alloc.str1.4
                0x1002f3c4        0xe CMakeFiles/LCD.dir/C_/VSARM/sdk/pico/pico-sdk/src/rp2_common/pico_malloc/pico_malloc.c.obj
 *fill*         0x1002f3d2        0x2 
 .rodata.str1.4
                0x1002f3d4       0x38 CMakeFiles/LCD.dir/C_/VSARM/sdk/pico/pico-sdk/src/rp2_common/pico_standard_link/binary_info.c.obj
 .rodata.__bi_81
                0x1002f40c        0xc CMakeFiles/LCD.dir/C_/VSARM/sdk/pico/pico-sdk/src/rp2_common/pico_standard_link/binary_info.c.obj
 .rodata.__bi_75
                0x1002f418        0xc CMakeFiles/LCD.dir/C_/VSARM/sdk/pico/pico-sdk/src/rp2_common/pico_standard_link/binary_info.c.obj
 .rodata.__bi_44
                0x1002f424        0xc CMakeFiles/LCD.dir/C_/VSARM/sdk/pico/pico-sdk/src/rp2_common/pico_standard_link/binary_info.c.obj
 .rodata.crlf_str.3
                0x1002f430        0x2 CMakeFiles/LCD.dir/C_/VSARM/sdk/pico/pico-sdk/src/rp2_common/pico_stdio/stdio.c.obj
 *fill*         0x1002f432        0x2 
 .rodata._resetd_driver
                0x1002f434       0x18 CMakeFiles/LCD.dir/C_/VSARM/sdk/pico/pico-sdk/src/rp2_common/pico_stdio_usb/reset_interface.c.obj
 .rodata.update_us_since_boot.str1.4
                0x1002f44c       0x61 CMakeFiles/LCD.dir/C_/VSARM/sdk/pico/pico-sdk/src/rp2_common/pico_stdio_usb/stdio_usb.c.obj
 .rodata.timer_task.str1.4
                0x1002f44c       0x6d CMakeFiles/LCD.dir/C_/VSARM/sdk/pico/pico-sdk/src/rp2_common/pico_stdio_usb/stdio_usb.c.obj
 *fill*         0x1002f4b9        0x3 
 .rodata.__func__.0
                0x1002f4bc       0x15 CMakeFiles/LCD.dir/C_/VSARM/sdk/pico/pico-sdk/src/rp2_common/pico_stdio_usb/stdio_usb.c.obj
 *fill*         0x1002f4d1        0x3 
 .rodata.__func__.1
                0x1002f4d4        0xb CMakeFiles/LCD.dir/C_/VSARM/sdk/pico/pico-sdk/src/rp2_common/pico_stdio_usb/stdio_usb.c.obj
 *fill*         0x1002f4df        0x1 
 .rodata.str1.4
                0x1002f4e0       0x13 CMakeFiles/LCD.dir/C_/VSARM/sdk/pico/pico-sdk/src/rp2_common/pico_stdio_usb/stdio_usb.c.obj
 *fill*         0x1002f4f3        0x1 
 .rodata.__bi_118.2
                0x1002f4f4        0xc CMakeFiles/LCD.dir/C_/VSARM/sdk/pico/pico-sdk/src/rp2_common/pico_stdio_usb/stdio_usb.c.obj
 .rodata.str1.4
                0x1002f500       0x2a CMakeFiles/LCD.dir/C_/VSARM/sdk/pico/pico-sdk/src/rp2_common/pico_stdio_usb/stdio_usb_descriptors.c.obj
 *fill*         0x1002f52a        0x2 
 .rodata.usbd_desc_str
                0x1002f52c       0x18 CMakeFiles/LCD.dir/C_/VSARM/sdk/pico/pico-sdk/src/rp2_common/pico_stdio_usb/stdio_usb_descriptors.c.obj
 .rodata.usbd_desc_cfg
                0x1002f544       0x54 CMakeFiles/LCD.dir/C_/VSARM/sdk/pico/pico-sdk/src/rp2_common/pico_stdio_usb/stdio_usb_descriptors.c.obj
 .rodata.usbd_desc_device
                0x1002f598       0x12 CMakeFiles/LCD.dir/C_/VSARM/sdk/pico/pico-sdk/src/rp2_common/pico_stdio_usb/stdio_usb_descriptors.c.obj
 *fill*         0x1002f5aa        0x2 
 .rodata._hw_endpoint_alloc.str1.4
                0x1002f5ac       0xb5 CMakeFiles/LCD.dir/C_/VSARM/sdk/pico/pico-sdk/lib/tinyusb/src/portable/raspberrypi/rp2040/dcd_rp2040.c.obj
 *fill*         0x1002f661        0x3 
 .rodata.dcd_rp2040_irq.str1.4
                0x1002f664       0x14 CMakeFiles/LCD.dir/C_/VSARM/sdk/pico/pico-sdk/lib/tinyusb/src/portable/raspberrypi/rp2040/dcd_rp2040.c.obj
 .rodata.dcd_int_enable.str1.4
                0x1002f678        0xc CMakeFiles/LCD.dir/C_/VSARM/sdk/pico/pico-sdk/lib/tinyusb/src/portable/raspberrypi/rp2040/dcd_rp2040.c.obj
 .rodata.__func__.0
                0x1002f684        0xe CMakeFiles/LCD.dir/C_/VSARM/sdk/pico/pico-sdk/lib/tinyusb/src/portable/raspberrypi/rp2040/dcd_rp2040.c.obj
 *fill*         0x1002f692        0x2 
 .rodata.__func__.1
                0x1002f694        0xe CMakeFiles/LCD.dir/C_/VSARM/sdk/pico/pico-sdk/lib/tinyusb/src/portable/raspberrypi/rp2040/dcd_rp2040.c.obj
 *fill*         0x1002f6a2        0x2 
 .rodata.__func__.3
                0x1002f6a4       0x10 CMakeFiles/LCD.dir/C_/VSARM/sdk/pico/pico-sdk/lib/tinyusb/src/portable/raspberrypi/rp2040/dcd_rp2040.c.obj
 .rodata.__func__.5
                0x1002f6b4        0xf CMakeFiles/LCD.dir/C_/VSARM/sdk/pico/pico-sdk/lib/tinyusb/src/portable/raspberrypi/rp2040/dcd_rp2040.c.obj
 *fill*         0x1002f6c3        0x1 
 .rodata.__func__.6
                0x1002f6c4       0x13 CMakeFiles/LCD.dir/C_/VSARM/sdk/pico/pico-sdk/lib/tinyusb/src/portable/raspberrypi/rp2040/dcd_rp2040.c.obj
 *fill*         0x1002f6d7        0x1 
 .rodata.__func__.7
                0x1002f6d8        0x9 CMakeFiles/LCD.dir/C_/VSARM/sdk/pico/pico-sdk/lib/tinyusb/src/portable/raspberrypi/rp2040/dcd_rp2040.c.obj
 *fill*         0x1002f6e1        0x3 
 .rodata.sync_ep_buffer.str1.4
                0x1002f6e4       0x91 CMakeFiles/LCD.dir/C_/VSARM/sdk/pico/pico-sdk/lib/tinyusb/src/portable/raspberrypi/rp2040/rp2040_usb.c.obj
 *fill*         0x1002f775        0x3 
 .rodata._hw_endpoint_buffer_control_update32.str1.4
                0x1002f778       0x1f CMakeFiles/LCD.dir/C_/VSARM/sdk/pico/pico-sdk/lib/tinyusb/src/portable/raspberrypi/rp2040/rp2040_usb.c.obj
 *fill*         0x1002f797        0x1 
 .rodata.hw_endpoint_xfer_start.str1.4
                0x1002f798       0x38 CMakeFiles/LCD.dir/C_/VSARM/sdk/pico/pico-sdk/lib/tinyusb/src/portable/raspberrypi/rp2040/rp2040_usb.c.obj
 .rodata.hw_endpoint_xfer_continue.str1.4
                0x1002f7d0       0x29 CMakeFiles/LCD.dir/C_/VSARM/sdk/pico/pico-sdk/lib/tinyusb/src/portable/raspberrypi/rp2040/rp2040_usb.c.obj
 *fill*         0x1002f7f9        0x3 
 .rodata.__func__.0
                0x1002f7fc        0xf CMakeFiles/LCD.dir/C_/VSARM/sdk/pico/pico-sdk/lib/tinyusb/src/portable/raspberrypi/rp2040/rp2040_usb.c.obj
 *fill*         0x1002f80b        0x1 
 .rodata.str1.4
                0x1002f80c        0x7 CMakeFiles/LCD.dir/C_/VSARM/sdk/pico/pico-sdk/lib/tinyusb/src/portable/raspberrypi/rp2040/rp2040_usb.c.obj
 *fill*         0x1002f813        0x1 
 .rodata.process_set_config.str1.4
                0x1002f814       0x17 CMakeFiles/LCD.dir/C_/VSARM/sdk/pico/pico-sdk/lib/tinyusb/src/device/usbd.c.obj
 *fill*         0x1002f82b        0x1 
 .rodata.process_get_descriptor
                0x1002f82c       0x40 CMakeFiles/LCD.dir/C_/VSARM/sdk/pico/pico-sdk/lib/tinyusb/src/device/usbd.c.obj
 .rodata.process_control_request
                0x1002f86c       0x28 CMakeFiles/LCD.dir/C_/VSARM/sdk/pico/pico-sdk/lib/tinyusb/src/device/usbd.c.obj
 .rodata.tud_task
                0x1002f894       0x24 CMakeFiles/LCD.dir/C_/VSARM/sdk/pico/pico-sdk/lib/tinyusb/src/device/usbd.c.obj
 .rodata.__func__.2
                0x1002f8b8        0xf CMakeFiles/LCD.dir/C_/VSARM/sdk/pico/pico-sdk/lib/tinyusb/src/device/usbd.c.obj
 *fill*         0x1002f8c7        0x1 
 .rodata.__func__.3
                0x1002f8c8        0xf CMakeFiles/LCD.dir/C_/VSARM/sdk/pico/pico-sdk/lib/tinyusb/src/device/usbd.c.obj
 *fill*         0x1002f8d7        0x1 
 .rodata.__func__.4
                0x1002f8d8       0x14 CMakeFiles/LCD.dir/C_/VSARM/sdk/pico/pico-sdk/lib/tinyusb/src/device/usbd.c.obj
 .rodata.__func__.5
                0x1002f8ec       0x10 CMakeFiles/LCD.dir/C_/VSARM/sdk/pico/pico-sdk/lib/tinyusb/src/device/usbd.c.obj
 .rodata.__func__.6
                0x1002f8fc       0x17 CMakeFiles/LCD.dir/C_/VSARM/sdk/pico/pico-sdk/lib/tinyusb/src/device/usbd.c.obj
 *fill*         0x1002f913        0x1 
 .rodata.__func__.7
                0x1002f914       0x13 CMakeFiles/LCD.dir/C_/VSARM/sdk/pico/pico-sdk/lib/tinyusb/src/device/usbd.c.obj
 *fill*         0x1002f927        0x1 
 .rodata.__func__.8
                0x1002f928       0x18 CMakeFiles/LCD.dir/C_/VSARM/sdk/pico/pico-sdk/lib/tinyusb/src/device/usbd.c.obj
 .rodata.__func__.9
                0x1002f940        0x9 CMakeFiles/LCD.dir/C_/VSARM/sdk/pico/pico-sdk/lib/tinyusb/src/device/usbd.c.obj
 *fill*         0x1002f949        0x3 
 .rodata._usbd_driver
                0x1002f94c       0x18 CMakeFiles/LCD.dir/C_/VSARM/sdk/pico/pico-sdk/lib/tinyusb/src/device/usbd.c.obj
 .rodata.tud_control_xfer.str1.4
                0x1002f964       0x17 CMakeFiles/LCD.dir/C_/VSARM/sdk/pico/pico-sdk/lib/tinyusb/src/device/usbd_control.c.obj
 .rodata.__func__.0
                0x1002f964       0x15 CMakeFiles/LCD.dir/C_/VSARM/sdk/pico/pico-sdk/lib/tinyusb/src/device/usbd_control.c.obj
 *fill*         0x1002f979        0x3 
 .rodata.__func__.1
                0x1002f97c       0x11 CMakeFiles/LCD.dir/C_/VSARM/sdk/pico/pico-sdk/lib/tinyusb/src/device/usbd_control.c.obj
 .rodata.tud_cdc_n_write_flush.str1.4
                0x1002f98d       0x17 CMakeFiles/LCD.dir/C_/VSARM/sdk/pico/pico-sdk/lib/tinyusb/src/class/cdc/cdc_device.c.obj
 *fill*         0x1002f98d        0x3 
 .rodata.__func__.0
                0x1002f990        0xd CMakeFiles/LCD.dir/C_/VSARM/sdk/pico/pico-sdk/lib/tinyusb/src/class/cdc/cdc_device.c.obj
 *fill*         0x1002f99d        0x3 
 .rodata.__func__.1
                0x1002f9a0        0xa CMakeFiles/LCD.dir/C_/VSARM/sdk/pico/pico-sdk/lib/tinyusb/src/class/cdc/cdc_device.c.obj
 *fill*         0x1002f9aa        0x2 
 .rodata.__func__.2
                0x1002f9ac       0x16 CMakeFiles/LCD.dir/C_/VSARM/sdk/pico/pico-sdk/lib/tinyusb/src/class/cdc/cdc_device.c.obj
 .rodata.tusb_init.str1.4
                0x1002f9c2       0x17 CMakeFiles/LCD.dir/C_/VSARM/sdk/pico/pico-sdk/lib/tinyusb/src/tusb.c.obj
 *fill*         0x1002f9c2        0x2 
 .rodata.__func__.0
                0x1002f9c4       0x11 CMakeFiles/LCD.dir/C_/VSARM/sdk/pico/pico-sdk/lib/tinyusb/src/tusb.c.obj
 *fill*         0x1002f9d5        0x3 
 .rodata.__func__.1
                0x1002f9d8        0xa CMakeFiles/LCD.dir/C_/VSARM/sdk/pico/pico-sdk/lib/tinyusb/src/tusb.c.obj
 *fill*         0x1002f9e2        0x2 
 .rodata.pico_get_unique_board_id_string.str1.4
                0x1002f9e4       0x4d CMakeFiles/LCD.dir/C_/VSARM/sdk/pico/pico-sdk/src/rp2_common/pico_unique_id/unique_id.c.obj
 *fill*         0x1002fa31        0x3 
 .rodata.__func__.0
                0x1002fa34       0x20 CMakeFiles/LCD.dir/C_/VSARM/sdk/pico/pico-sdk/src/rp2_common/pico_unique_id/unique_id.c.obj
 .rodata.str1.4
                0x1002fa54      0x15a CMakeFiles/LCD.dir/C_/VSARM/sdk/pico/pico-sdk/src/rp2_common/hardware_flash/flash.c.obj
 *fill*         0x1002fbae        0x2 
 .rodata.__func__.0
                0x1002fbb0        0xd CMakeFiles/LCD.dir/C_/VSARM/sdk/pico/pico-sdk/src/rp2_common/hardware_flash/flash.c.obj
 *fill*         0x1002fbbd        0x3 
 .rodata.i2c_set_baudrate.str1.4
                0x1002fbc0       0x5d CMakeFiles/LCD.dir/C_/VSARM/sdk/pico/pico-sdk/src/rp2_common/hardware_i2c/i2c.c.obj
 *fill*         0x1002fc1d        0x3 
 .rodata.__func__.0
                0x1002fc20       0x11 CMakeFiles/LCD.dir/C_/VSARM/sdk/pico/pico-sdk/src/rp2_common/hardware_i2c/i2c.c.obj
                0x1002fc34                        . = ALIGN (0x4)
 *fill*         0x1002fc31        0x3 
 *(SORT_BY_ALIGNMENT(SORT_BY_NAME(.flashdata*)))
                0x1002fc34                        . = ALIGN (0x4)

.rel.dyn        0x1002fc34        0x0
 .rel.iplt      0x1002fc34        0x0 c:/progra~2/armgnu~1/1213fb~1.2mp/bin/../lib/gcc/arm-none-eabi/12.2.0/thumb/v6-m/nofp/crtbegin.o

.ARM.extab
 *(.ARM.extab* .gnu.linkonce.armextab.*)
                0x1002fc34                        __exidx_start = .

.ARM.exidx
 *(.ARM.exidx* .gnu.linkonce.armexidx.*)
                0x1002fc34                        __exidx_end = .
                0x1002fc34                        . = ALIGN (0x4)
                0x1002fc34                        __binary_info_start = .

.binary_info    0x1002fc34       0x20
 *(.binary_info.keep.*)
 .binary_info.keep.__bi_ptr81
                0x1002fc34        0x4 CMakeFiles/LCD.dir/C_/VSARM/sdk/pico/pico-sdk/src/rp2_common/pico_standard_link/binary_info.c.obj
 .binary_info.keep.__bi_ptr75
                0x1002fc38        0x4 CMakeFiles/LCD.dir/C_/VSARM/sdk/pico/pico-sdk/src/rp2_common/pico_standard_link/binary_info.c.obj
 .binary_info.keep.__bi_ptr50
                0x1002fc3c        0x4 CMakeFiles/LCD.dir/C_/VSARM/sdk/pico/pico-sdk/src/rp2_common/pico_standard_link/binary_info.c.obj
 .binary_info.keep.__bi_ptr44
                0x1002fc40        0x4 CMakeFiles/LCD.dir/C_/VSARM/sdk/pico/pico-sdk/src/rp2_common/pico_standard_link/binary_info.c.obj
 .binary_info.keep.__bi_ptr38
                0x1002fc44        0x4 CMakeFiles/LCD.dir/C_/VSARM/sdk/pico/pico-sdk/src/rp2_common/pico_standard_link/binary_info.c.obj
 .binary_info.keep.__bi_ptr30
                0x1002fc48        0x4 CMakeFiles/LCD.dir/C_/VSARM/sdk/pico/pico-sdk/src/rp2_common/pico_standard_link/binary_info.c.obj
 .binary_info.keep.__bi_ptr22
                0x1002fc4c        0x4 CMakeFiles/LCD.dir/C_/VSARM/sdk/pico/pico-sdk/src/rp2_common/pico_standard_link/binary_info.c.obj
 *(.binary_info.*)
 .binary_info.__bi_ptr118
                0x1002fc50        0x4 CMakeFiles/LCD.dir/C_/VSARM/sdk/pico/pico-sdk/src/rp2_common/pico_stdio_usb/stdio_usb.c.obj
                0x1002fc54                        __binary_info_end = .
                0x1002fc54                        . = ALIGN (0x4)
                0x1002fc54                        __etext = .

.ram_vector_table
                0x20000000       0xc0
 *(.ram_vector_table)
 .ram_vector_table
                0x20000000       0xc0 CMakeFiles/LCD.dir/C_/VSARM/sdk/pico/pico-sdk/src/rp2_common/pico_runtime/runtime.c.obj
                0x20000000                ram_vector_table

.data           0x200000c0      0x9b0 load address 0x1002fc54
                0x200000c0                        __data_start__ = .
 *(vtable)
 *(.time_critical*)