Archive member included to satisfy reference by file (symbol)

/usr/local/Cellar/arm-none-eabi-gcc/10.3-2021.07/gcc/bin/../lib/gcc/arm-none-eabi/10.3.1/thumb/v6-m/nofp/libgcc.a(_dvmd_tls.o)
                              CMakeFiles/SYNTH.dir/Users/landonburk/pico/pico-sdk/src/rp2_common/pico_divider/divider.S.obj (__aeabi_idiv0)
/usr/local/Cellar/arm-none-eabi-gcc/10.3-2021.07/gcc/bin/../lib/gcc/arm-none-eabi/10.3.1/../../../../arm-none-eabi/lib/thumb/v6-m/nofp/libg.a(lib_a-atoi.o)
                              CMakeFiles/SYNTH.dir/main.c.obj (atoi)
/usr/local/Cellar/arm-none-eabi-gcc/10.3-2021.07/gcc/bin/../lib/gcc/arm-none-eabi/10.3.1/../../../../arm-none-eabi/lib/thumb/v6-m/nofp/libg.a(lib_a-calloc.o)
                              CMakeFiles/SYNTH.dir/Users/landonburk/pico/pico-sdk/src/rp2_common/pico_malloc/pico_malloc.c.obj (calloc)
/usr/local/Cellar/arm-none-eabi-gcc/10.3-2021.07/gcc/bin/../lib/gcc/arm-none-eabi/10.3.1/../../../../arm-none-eabi/lib/thumb/v6-m/nofp/libg.a(lib_a-callocr.o)
                              /usr/local/Cellar/arm-none-eabi-gcc/10.3-2021.07/gcc/bin/../lib/gcc/arm-none-eabi/10.3.1/../../../../arm-none-eabi/lib/thumb/v6-m/nofp/libg.a(lib_a-calloc.o) (_calloc_r)
/usr/local/Cellar/arm-none-eabi-gcc/10.3-2021.07/gcc/bin/../lib/gcc/arm-none-eabi/10.3.1/../../../../arm-none-eabi/lib/thumb/v6-m/nofp/libg.a(lib_a-ctype_.o)
                              CMakeFiles/SYNTH.dir/Users/landonburk/pico/pico-sdk/lib/tinyusb/src/tusb.c.obj (_ctype_)
/usr/local/Cellar/arm-none-eabi-gcc/10.3-2021.07/gcc/bin/../lib/gcc/arm-none-eabi/10.3.1/../../../../arm-none-eabi/lib/thumb/v6-m/nofp/libg.a(lib_a-errno.o)
                              CMakeFiles/SYNTH.dir/lib/no-OS-FatFS-SD-SPI-RPi-Pico/FatFs_SPI/src/ff_stdio.c.obj (__errno)
/usr/local/Cellar/arm-none-eabi-gcc/10.3-2021.07/gcc/bin/../lib/gcc/arm-none-eabi/10.3.1/../../../../arm-none-eabi/lib/thumb/v6-m/nofp/libg.a(lib_a-fflush.o)
                              CMakeFiles/SYNTH.dir/lib/no-OS-FatFS-SD-SPI-RPi-Pico/FatFs_SPI/sd_driver/demo_logging.c.obj (fflush)
/usr/local/Cellar/arm-none-eabi-gcc/10.3-2021.07/gcc/bin/../lib/gcc/arm-none-eabi/10.3.1/../../../../arm-none-eabi/lib/thumb/v6-m/nofp/libg.a(lib_a-findfp.o)
                              /usr/local/Cellar/arm-none-eabi-gcc/10.3-2021.07/gcc/bin/../lib/gcc/arm-none-eabi/10.3.1/../../../../arm-none-eabi/lib/thumb/v6-m/nofp/libg.a(lib_a-fflush.o) (__sinit)
/usr/local/Cellar/arm-none-eabi-gcc/10.3-2021.07/gcc/bin/../lib/gcc/arm-none-eabi/10.3.1/../../../../arm-none-eabi/lib/thumb/v6-m/nofp/libg.a(lib_a-freer.o)
                              /usr/local/Cellar/arm-none-eabi-gcc/10.3-2021.07/gcc/bin/../lib/gcc/arm-none-eabi/10.3.1/../../../../arm-none-eabi/lib/thumb/v6-m/nofp/libg.a(lib_a-fflush.o) (_free_r)
/usr/local/Cellar/arm-none-eabi-gcc/10.3-2021.07/gcc/bin/../lib/gcc/arm-none-eabi/10.3.1/../../../../arm-none-eabi/lib/thumb/v6-m/nofp/libg.a(lib_a-fwalk.o)
                              /usr/local/Cellar/arm-none-eabi-gcc/10.3-2021.07/gcc/bin/../lib/gcc/arm-none-eabi/10.3.1/../../../../arm-none-eabi/lib/thumb/v6-m/nofp/libg.a(lib_a-findfp.o) (_fwalk)
/usr/local/Cellar/arm-none-eabi-gcc/10.3-2021.07/gcc/bin/../lib/gcc/arm-none-eabi/10.3.1/../../../../arm-none-eabi/lib/thumb/v6-m/nofp/libg.a(lib_a-impure.o)
                              /usr/local/Cellar/arm-none-eabi-gcc/10.3-2021.07/gcc/bin/../lib/gcc/arm-none-eabi/10.3.1/../../../../arm-none-eabi/lib/thumb/v6-m/nofp/libg.a(lib_a-fflush.o) (_global_impure_ptr)
/usr/local/Cellar/arm-none-eabi-gcc/10.3-2021.07/gcc/bin/../lib/gcc/arm-none-eabi/10.3.1/../../../../arm-none-eabi/lib/thumb/v6-m/nofp/libg.a(lib_a-init.o)
                              /usr/local/Cellar/arm-none-eabi-gcc/10.3-2021.07/gcc/bin/../lib/gcc/arm-none-eabi/10.3.1/../../../../arm-none-eabi/lib/thumb/v6-m/nofp/crt0.o (__libc_init_array)
/usr/local/Cellar/arm-none-eabi-gcc/10.3-2021.07/gcc/bin/../lib/gcc/arm-none-eabi/10.3.1/../../../../arm-none-eabi/lib/thumb/v6-m/nofp/libg.a(lib_a-lock.o)
                              /usr/local/Cellar/arm-none-eabi-gcc/10.3-2021.07/gcc/bin/../lib/gcc/arm-none-eabi/10.3.1/../../../../arm-none-eabi/lib/thumb/v6-m/nofp/libg.a(lib_a-findfp.o) (__retarget_lock_init_recursive)
/usr/local/Cellar/arm-none-eabi-gcc/10.3-2021.07/gcc/bin/../lib/gcc/arm-none-eabi/10.3.1/../../../../arm-none-eabi/lib/thumb/v6-m/nofp/libg.a(lib_a-malloc.o)
                              CMakeFiles/SYNTH.dir/Users/landonburk/pico/pico-sdk/src/rp2_common/pico_malloc/pico_malloc.c.obj (malloc)
/usr/local/Cellar/arm-none-eabi-gcc/10.3-2021.07/gcc/bin/../lib/gcc/arm-none-eabi/10.3.1/../../../../arm-none-eabi/lib/thumb/v6-m/nofp/libg.a(lib_a-mallocr.o)
                              /usr/local/Cellar/arm-none-eabi-gcc/10.3-2021.07/gcc/bin/../lib/gcc/arm-none-eabi/10.3.1/../../../../arm-none-eabi/lib/thumb/v6-m/nofp/libg.a(lib_a-callocr.o) (_malloc_r)
[...]
Memory Configuration

Name             Origin             Length             Attributes
FLASH            0x0000000010000000 0x0000000000200000 xr
RAM              0x0000000020000000 0x0000000000040000 xrw
SCRATCH_X        0x0000000020040000 0x0000000000001000 xrw
SCRATCH_Y        0x0000000020041000 0x0000000000001000 xrw
*default*        0x0000000000000000 0xffffffffffffffff

Linker script and memory map

LOAD /usr/local/Cellar/arm-none-eabi-gcc/10.3-2021.07/gcc/bin/../lib/gcc/arm-none-eabi/10.3.1/thumb/v6-m/nofp/crti.o
LOAD /usr/local/Cellar/arm-none-eabi-gcc/10.3-2021.07/gcc/bin/../lib/gcc/arm-none-eabi/10.3.1/thumb/v6-m/nofp/crtbegin.o
LOAD /usr/local/Cellar/arm-none-eabi-gcc/10.3-2021.07/gcc/bin/../lib/gcc/arm-none-eabi/10.3.1/../../../../arm-none-eabi/lib/thumb/v6-m/nofp/crt0.o

.flash_begin    0x0000000010000000        0x0
                0x0000000010000000                __flash_binary_start = .

.boot2          0x0000000010000000      0x100
                0x0000000010000000                __boot2_start__ = .
 *(.boot2)
 .boot2         0x0000000010000000      0x100 /var/folders/k3/l323409165z4l6bdlyk8mxjr0000gn/T//cceo0miZ.o
                0x0000000010000100                __boot2_end__ = .
                0x0000000000000001                ASSERT (((__boot2_end__ - __boot2_start__) == 0x100), ERROR: Pico second stage bootloader must be 256 bytes in size)

.text           0x0000000010000100     0xe720
                0x0000000010000100                __logical_binary_start = .
 *(.vectors)
 .vectors       0x0000000010000100       0xd4 CMakeFiles/SYNTH.dir/Users/landonburk/pico/pico-sdk/src/rp2_common/pico_standard_link/crt0.S.obj
                0x0000000010000100                __VECTOR_TABLE
                0x0000000010000100                __vectors
                0x00000000100001c0                __default_isrs_start
                0x00000000100001c0                isr_invalid
                0x00000000100001c2                isr_nmi
                0x00000000100001c4                isr_hardfault
                0x00000000100001c6                isr_svcall
                0x00000000100001c8                isr_pendsv
                0x00000000100001ca                isr_systick
                0x00000000100001cc                isr_irq28
                0x00000000100001cc                isr_irq19
                0x00000000100001cc                isr_irq0
                0x00000000100001cc                isr_irq6
                0x00000000100001cc                isr_irq22
                0x00000000100001cc                isr_irq17
                0x00000000100001cc                isr_irq14
                0x00000000100001cc                isr_irq2
                0x00000000100001cc                isr_irq10
                0x00000000100001cc                isr_irq8
                0x00000000100001cc                isr_irq24
                0x00000000100001cc                isr_irq1
                0x00000000100001cc                isr_irq7
                0x00000000100001cc                isr_irq21
                0x00000000100001cc                isr_irq20
                0x00000000100001cc                isr_irq15
                0x00000000100001cc                isr_irq25
                0x00000000100001cc                isr_irq4
                0x00000000100001cc                isr_irq16
                0x00000000100001cc                isr_irq29
                0x00000000100001cc                isr_irq26
                0x00000000100001cc                __default_isrs_end
                0x00000000100001cc                isr_irq3
                0x00000000100001cc                isr_irq9
                0x00000000100001cc                __unhandled_user_irq
                0x00000000100001cc                isr_irq13
                0x00000000100001cc                isr_irq27
                0x00000000100001cc                isr_irq31
                0x00000000100001cc                isr_irq5
                0x00000000100001cc                isr_irq11
                0x00000000100001cc                isr_irq23
                0x00000000100001cc                isr_irq18
                0x00000000100001cc                isr_irq30
                0x00000000100001cc                isr_irq12
                0x00000000100001d2                unhandled_user_irq_num_in_r0
 *(.binary_info_header)
 .binary_info_header
                0x00000000100001d4       0x14 CMakeFiles/SYNTH.dir/Users/landonburk/pico/pico-sdk/src/rp2_common/pico_standard_link/crt0.S.obj
                0x00000000100001e8                __binary_info_header_end = .
 *(.reset)
 .reset         0x00000000100001e8       0xa8 CMakeFiles/SYNTH.dir/Users/landonburk/pico/pico-sdk/src/rp2_common/pico_standard_link/crt0.S.obj
                0x00000000100001e8                _entry_point
                0x0000000010000266                __get_current_exception
 .reset         0x0000000010000290       0x30 CMakeFiles/SYNTH.dir/Users/landonburk/pico/pico-sdk/src/rp2_common/pico_standard_link/binary_info.c.obj
 *(.init)
 .init          0x00000000100002c0        0x4 /usr/local/Cellar/arm-none-eabi-gcc/10.3-2021.07/gcc/bin/../lib/gcc/arm-none-eabi/10.3.1/thumb/v6-m/nofp/crti.o
                0x00000000100002c0                _init
 *(EXCLUDE_FILE(*libm.a: *libc.a:*lib_a-mem*.o *libgcc.a:) .text*)
 .text          0x00000000100002c4       0x48 /usr/local/Cellar/arm-none-eabi-gcc/10.3-2021.07/gcc/bin/../lib/gcc/arm-none-eabi/10.3.1/thumb/v6-m/nofp/crtbegin.o
 .text.printMenuOptions
                0x000000001000030c       0x98 CMakeFiles/SYNTH.dir/main.c.obj
                0x000000001000030c                printMenuOptions
 .text.main     0x00000000100003a4      0x998 CMakeFiles/SYNTH.dir/main.c.obj
                0x00000000100003a4                main
 .text.reg_write
                0x0000000010000d3c       0x18 CMakeFiles/SYNTH.dir/LCD.c.obj
                0x0000000010000d3c                reg_write
 .text.reg_read
                0x0000000010000d54       0x5e CMakeFiles/SYNTH.dir/LCD.c.obj
                0x0000000010000d54                reg_read
 *fill*         0x0000000010000db2        0x2 
 .text.LCD_WriteData_word
                0x0000000010000db4       0x3c CMakeFiles/SYNTH.dir/LCD.c.obj
                0x0000000010000db4                LCD_WriteData_word
 .text.LCD_WriteData_Byte
                0x0000000010000df0       0x30 CMakeFiles/SYNTH.dir/LCD.c.obj
                0x0000000010000df0                LCD_WriteData_Byte
 .text.LCD_Write_Command
                0x0000000010000e20       0x28 CMakeFiles/SYNTH.dir/LCD.c.obj
                0x0000000010000e20                LCD_Write_Command
 .text.LCD_SetCursor
                0x0000000010000e48       0x52 CMakeFiles/SYNTH.dir/LCD.c.obj
                0x0000000010000e48                LCD_SetCursor
 .text.LCD_SetWindow
                0x0000000010000e9a       0x5e CMakeFiles/SYNTH.dir/LCD.c.obj
                0x0000000010000e9a                LCD_SetWindow
 .text.LCD_clear
                0x0000000010000ef8       0x4c CMakeFiles/SYNTH.dir/LCD.c.obj
                0x0000000010000ef8                LCD_clear
 .text.LCD_Reset
                0x0000000010000f44       0x30 CMakeFiles/SYNTH.dir/LCD.c.obj
                0x0000000010000f44                LCD_Reset
 .text.LCD_init
                0x0000000010000f74      0x26c CMakeFiles/SYNTH.dir/LCD.c.obj
                0x0000000010000f74                LCD_init
 .text.LCD_DrawPaint
                0x00000000100011e0       0x10 CMakeFiles/SYNTH.dir/LCD.c.obj
                0x00000000100011e0                LCD_DrawPaint
 .text.Paint_DrawImage
                0x00000000100011f0       0x62 CMakeFiles/SYNTH.dir/LCD.c.obj
                0x00000000100011f0                Paint_DrawImage
 .text.Paint_DrawPoint
                0x0000000010001252       0xb2 CMakeFiles/SYNTH.dir/LCD.c.obj
                0x0000000010001252                Paint_DrawPoint
 .text.Paint_DrawLine
                0x0000000010001304       0xf0 CMakeFiles/SYNTH.dir/LCD.c.obj
                0x0000000010001304                Paint_DrawLine
 .text.Paint_DrawRectangle
                0x00000000100013f4       0xb2 CMakeFiles/SYNTH.dir/LCD.c.obj
                0x00000000100013f4                Paint_DrawRectangle
 *fill*         0x00000000100014a6        0x2 
 .text.Paint_DrawChar
                0x00000000100014a8       0xcc CMakeFiles/SYNTH.dir/LCD.c.obj
                0x00000000100014a8                Paint_DrawChar
 .text.Paint_DrawString_EN
                0x0000000010001574       0x42 CMakeFiles/SYNTH.dir/LCD.c.obj
                0x0000000010001574                Paint_DrawString_EN
 .text.oled_fill
                0x00000000100015b6       0x12 CMakeFiles/SYNTH.dir/OLED.c.obj
                0x00000000100015b6                oled_fill
 .text.oled_send_cmd
                0x00000000100015c8       0x24 CMakeFiles/SYNTH.dir/OLED.c.obj
                0x00000000100015c8                oled_send_cmd
 .text.oled_send_buf
                0x00000000100015ec       0x48 CMakeFiles/SYNTH.dir/OLED.c.obj
                0x00000000100015ec                oled_send_buf
 .text.oled_render
                0x0000000010001634       0x34 CMakeFiles/SYNTH.dir/OLED.c.obj
                0x0000000010001634                oled_render
 .text.calc_render_area_buflen
                0x0000000010001668       0x16 CMakeFiles/SYNTH.dir/OLED.c.obj
                0x0000000010001668                calc_render_area_buflen
 *fill*         0x000000001000167e        0x2 
 .text.oled_init
                0x0000000010001680      0x120 CMakeFiles/SYNTH.dir/OLED.c.obj
                0x0000000010001680                oled_init
 .text.oled_setCursor
                0x00000000100017a0       0x60 CMakeFiles/SYNTH.dir/OLED.c.obj
                0x00000000100017a0                oled_setCursor
 .text.oled_WriteCharacter16
                0x0000000010001800       0x7c CMakeFiles/SYNTH.dir/OLED.c.obj
                0x0000000010001800                oled_WriteCharacter16
 .text.oled_WriteString16
                0x000000001000187c       0x24 CMakeFiles/SYNTH.dir/OLED.c.obj
                0x000000001000187c                oled_WriteString16
 .text.sd_get_num
                0x00000000100018a0        0x4 CMakeFiles/SYNTH.dir/hw_config.c.obj
                0x00000000100018a0                sd_get_num
 .text.sd_get_by_num
                0x00000000100018a4       0x20 CMakeFiles/SYNTH.dir/hw_config.c.obj
                0x00000000100018a4                sd_get_by_num
 .text.spi_get_num
                0x00000000100018c4        0x4 CMakeFiles/SYNTH.dir/hw_config.c.obj
                0x00000000100018c4                spi_get_num
 .text.spi_get_by_num
                0x00000000100018c8       0x1c CMakeFiles/SYNTH.dir/hw_config.c.obj
                0x00000000100018c8                spi_get_by_num
 .text.gpio_set_function
                0x00000000100018e4       0x30 CMakeFiles/SYNTH.dir/Users/landonburk/pico/pico-sdk/src/rp2_common/hardware_gpio/gpio.c.obj
                0x00000000100018e4                gpio_set_function
 .text.gpio_set_pulls
                0x0000000010001914       0x34 CMakeFiles/SYNTH.dir/Users/landonburk/pico/pico-sdk/src/rp2_common/hardware_gpio/gpio.c.obj
                0x0000000010001914                gpio_set_pulls
 .text.gpio_set_drive_strength
                0x0000000010001948       0x20 CMakeFiles/SYNTH.dir/Users/landonburk/pico/pico-sdk/src/rp2_common/hardware_gpio/gpio.c.obj
                0x0000000010001948                gpio_set_drive_strength
 .text.gpio_init
                0x0000000010001968       0x16 CMakeFiles/SYNTH.dir/Users/landonburk/pico/pico-sdk/src/rp2_common/hardware_gpio/gpio.c.obj
                0x0000000010001968                gpio_init
 *fill*         0x000000001000197e        0x2 
 .text.hw_claim_lock
                0x0000000010001980       0x18 CMakeFiles/SYNTH.dir/Users/landonburk/pico/pico-sdk/src/rp2_common/hardware_claim/claim.c.obj
                0x0000000010001980                hw_claim_lock
 .text.hw_claim_unlock
                0x0000000010001998       0x14 CMakeFiles/SYNTH.dir/Users/landonburk/pico/pico-sdk/src/rp2_common/hardware_claim/claim.c.obj
                0x0000000010001998                hw_claim_unlock
 .text.hw_claim_or_assert
                0x00000000100019ac       0x32 CMakeFiles/SYNTH.dir/Users/landonburk/pico/pico-sdk/src/rp2_common/hardware_claim/claim.c.obj
                0x00000000100019ac                hw_claim_or_assert
 .text.hw_claim_unused_from_range
                0x00000000100019de       0x50 CMakeFiles/SYNTH.dir/Users/landonburk/pico/pico-sdk/src/rp2_common/hardware_claim/claim.c.obj
                0x00000000100019de                hw_claim_unused_from_range
 *fill*         0x0000000010001a2e        0x2 
 .text.running_on_fpga
                0x0000000010001a30       0x14 CMakeFiles/SYNTH.dir/Users/landonburk/pico/pico-sdk/src/rp2_common/pico_platform/platform.c.obj
                0x0000000010001a30                running_on_fpga
 .text.spin_locks_reset
                0x0000000010001a44       0x20 CMakeFiles/SYNTH.dir/Users/landonburk/pico/pico-sdk/src/rp2_common/hardware_sync/sync.c.obj
                0x0000000010001a44                spin_locks_reset
 .text.next_striped_spin_lock_num
                0x0000000010001a64       0x1c CMakeFiles/SYNTH.dir/Users/landonburk/pico/pico-sdk/src/rp2_common/hardware_sync/sync.c.obj
                0x0000000010001a64                next_striped_spin_lock_num
 .text.spin_lock_claim_unused
                0x0000000010001a80       0x20 CMakeFiles/SYNTH.dir/Users/landonburk/pico/pico-sdk/src/rp2_common/hardware_sync/sync.c.obj
                0x0000000010001a80                spin_lock_claim_unused
 .text.set_raw_irq_handler_and_unlock
                0x0000000010001aa0       0x28 CMakeFiles/SYNTH.dir/Users/landonburk/pico/pico-sdk/src/rp2_common/hardware_irq/irq.c.obj
 .text.make_branch
                0x0000000010001ac8       0x48 CMakeFiles/SYNTH.dir/Users/landonburk/pico/pico-sdk/src/rp2_common/hardware_irq/irq.c.obj
 .text.insert_branch_and_link
                0x0000000010001b10       0x40 CMakeFiles/SYNTH.dir/Users/landonburk/pico/pico-sdk/src/rp2_common/hardware_irq/irq.c.obj
 .text.irq_is_enabled
                0x0000000010001b50       0x18 CMakeFiles/SYNTH.dir/Users/landonburk/pico/pico-sdk/src/rp2_common/hardware_irq/irq.c.obj
                0x0000000010001b50                irq_is_enabled
 .text.irq_set_mask_enabled
                0x0000000010001b68       0x20 CMakeFiles/SYNTH.dir/Users/landonburk/pico/pico-sdk/src/rp2_common/hardware_irq/irq.c.obj
                0x0000000010001b68                irq_set_mask_enabled
 .text.irq_set_enabled
                0x0000000010001b88        0xe CMakeFiles/SYNTH.dir/Users/landonburk/pico/pico-sdk/src/rp2_common/hardware_irq/irq.c.obj
                0x0000000010001b88                irq_set_enabled
 *fill*         0x0000000010001b96        0x2 
 .text.irq_set_pending
                0x0000000010001b98       0x10 CMakeFiles/SYNTH.dir/Users/landonburk/pico/pico-sdk/src/rp2_common/hardware_irq/irq.c.obj
                0x0000000010001b98                irq_set_pending
 .text.irq_get_vtable_handler
                0x0000000010001ba8       0x10 CMakeFiles/SYNTH.dir/Users/landonburk/pico/pico-sdk/src/rp2_common/hardware_irq/irq.c.obj
                0x0000000010001ba8                irq_get_vtable_handler
 .text.irq_has_shared_handler
                0x0000000010001bb8       0x24 CMakeFiles/SYNTH.dir/Users/landonburk/pico/pico-sdk/src/rp2_common/hardware_irq/irq.c.obj
                0x0000000010001bb8                irq_has_shared_handler
 .text.irq_set_exclusive_handler
                0x0000000010001bdc       0x54 CMakeFiles/SYNTH.dir/Users/landonburk/pico/pico-sdk/src/rp2_common/hardware_irq/irq.c.obj
                0x0000000010001bdc                irq_set_exclusive_handler
 .text.irq_add_shared_handler
                0x0000000010001c30      0x230 CMakeFiles/SYNTH.dir/Users/landonburk/pico/pico-sdk/src/rp2_common/hardware_irq/irq.c.obj
                0x0000000010001c30                irq_add_shared_handler
 .text.irq_remove_handler
                0x0000000010001e60      0x1a8 CMakeFiles/SYNTH.dir/Users/landonburk/pico/pico-sdk/src/rp2_common/hardware_irq/irq.c.obj
                0x0000000010001e60                irq_remove_handler
 .text.irq_add_tail_to_free_list
                0x0000000010002008       0xf0 CMakeFiles/SYNTH.dir/Users/landonburk/pico/pico-sdk/src/rp2_common/hardware_irq/irq.c.obj
                0x0000000010002008                irq_add_tail_to_free_list
 .text.irq_init_priorities
                0x00000000100020f8       0x1c CMakeFiles/SYNTH.dir/Users/landonburk/pico/pico-sdk/src/rp2_common/hardware_irq/irq.c.obj
                0x00000000100020f8                irq_init_priorities
 .text.user_irq_claim_unused
                0x0000000010002114       0x30 CMakeFiles/SYNTH.dir/Users/landonburk/pico/pico-sdk/src/rp2_common/hardware_irq/irq.c.obj
                0x0000000010002114                user_irq_claim_unused
 .text.sem_init
                0x0000000010002144       0x1e CMakeFiles/SYNTH.dir/Users/landonburk/pico/pico-sdk/src/common/pico_sync/sem.c.obj
                0x0000000010002144                sem_init
 *fill*         0x0000000010002162        0x2 
 .text.lock_init
                0x0000000010002164       0x10 CMakeFiles/SYNTH.dir/Users/landonburk/pico/pico-sdk/src/common/pico_sync/lock_core.c.obj
                0x0000000010002164                lock_init
 .text.alarm_pool_post_alloc_init
                0x0000000010002174       0x40 CMakeFiles/SYNTH.dir/Users/landonburk/pico/pico-sdk/src/common/pico_time/time.c.obj
 .text.sleep_until_callback
                0x00000000100021b4       0x30 CMakeFiles/SYNTH.dir/Users/landonburk/pico/pico-sdk/src/common/pico_time/time.c.obj
 .text.timer_pool_entry_comparator
                0x00000000100021e4       0x7c CMakeFiles/SYNTH.dir/Users/landonburk/pico/pico-sdk/src/common/pico_time/time.c.obj
                0x00000000100021e4                timer_pool_entry_comparator
 .text.ph_add_child_node
                0x0000000010002260       0xa4 CMakeFiles/SYNTH.dir/Users/landonburk/pico/pico-sdk/src/common/pico_time/time.c.obj
 .text.ph_merge_nodes
                0x0000000010002304       0x3e CMakeFiles/SYNTH.dir/Users/landonburk/pico/pico-sdk/src/common/pico_time/time.c.obj
 *fill*         0x0000000010002342        0x2 
 .text.add_alarm_under_lock
                0x0000000010002344      0x174 CMakeFiles/SYNTH.dir/Users/landonburk/pico/pico-sdk/src/common/pico_time/time.c.obj
 .text.alarm_pool_alarm_callback
                0x00000000100024b8      0x328 CMakeFiles/SYNTH.dir/Users/landonburk/pico/pico-sdk/src/common/pico_time/time.c.obj
 .text.alarm_pool_init_default
                0x00000000100027e0       0x38 CMakeFiles/SYNTH.dir/Users/landonburk/pico/pico-sdk/src/common/pico_time/time.c.obj
                0x00000000100027e0                alarm_pool_init_default
 .text.alarm_pool_get_default
                0x0000000010002818       0x2c CMakeFiles/SYNTH.dir/Users/landonburk/pico/pico-sdk/src/common/pico_time/time.c.obj
                0x0000000010002818                alarm_pool_get_default
 .text.alarm_pool_add_alarm_at
                0x0000000010002844      0x170 CMakeFiles/SYNTH.dir/Users/landonburk/pico/pico-sdk/src/common/pico_time/time.c.obj
                0x0000000010002844                alarm_pool_add_alarm_at
 .text.alarm_pool_cancel_alarm
                0x00000000100029b4       0xf0 CMakeFiles/SYNTH.dir/Users/landonburk/pico/pico-sdk/src/common/pico_time/time.c.obj
                0x00000000100029b4                alarm_pool_cancel_alarm
 .text.sleep_until
                0x0000000010002aa4       0xfc CMakeFiles/SYNTH.dir/Users/landonburk/pico/pico-sdk/src/common/pico_time/time.c.obj
                0x0000000010002aa4                sleep_until
 .text.sleep_us
                0x0000000010002ba0       0x58 CMakeFiles/SYNTH.dir/Users/landonburk/pico/pico-sdk/src/common/pico_time/time.c.obj
                0x0000000010002ba0                sleep_us
 .text.sleep_ms
                0x0000000010002bf8       0x14 CMakeFiles/SYNTH.dir/Users/landonburk/pico/pico-sdk/src/common/pico_time/time.c.obj
                0x0000000010002bf8                sleep_ms
 .text.best_effort_wfe_or_timeout
                0x0000000010002c0c       0x80 CMakeFiles/SYNTH.dir/Users/landonburk/pico/pico-sdk/src/common/pico_time/time.c.obj
                0x0000000010002c0c                best_effort_wfe_or_timeout
 .text.hardware_alarm_irq_handler
                0x0000000010002c8c       0x8c CMakeFiles/SYNTH.dir/Users/landonburk/pico/pico-sdk/src/rp2_common/hardware_timer/timer.c.obj
 .text.hardware_alarm_claim
                0x0000000010002d18       0x18 CMakeFiles/SYNTH.dir/Users/landonburk/pico/pico-sdk/src/rp2_common/hardware_timer/timer.c.obj
                0x0000000010002d18                hardware_alarm_claim
 .text.time_us_64
                0x0000000010002d30       0x18 CMakeFiles/SYNTH.dir/Users/landonburk/pico/pico-sdk/src/rp2_common/hardware_timer/timer.c.obj
                0x0000000010002d30                time_us_64
 .text.busy_wait_until
                0x0000000010002d48       0x28 CMakeFiles/SYNTH.dir/Users/landonburk/pico/pico-sdk/src/rp2_common/hardware_timer/timer.c.obj
                0x0000000010002d48                busy_wait_until
 .text.busy_wait_us
                0x0000000010002d70       0x48 CMakeFiles/SYNTH.dir/Users/landonburk/pico/pico-sdk/src/rp2_common/hardware_timer/timer.c.obj
                0x0000000010002d70                busy_wait_us
 .text.hardware_alarm_set_callback
                0x0000000010002db8       0x90 CMakeFiles/SYNTH.dir/Users/landonburk/pico/pico-sdk/src/rp2_common/hardware_timer/timer.c.obj
                0x0000000010002db8                hardware_alarm_set_callback
 .text.hardware_alarm_set_target
                0x0000000010002e48       0xe8 CMakeFiles/SYNTH.dir/Users/landonburk/pico/pico-sdk/src/rp2_common/hardware_timer/timer.c.obj
                0x0000000010002e48                hardware_alarm_set_target
 .text.hardware_alarm_cancel
                0x0000000010002f30       0x40 CMakeFiles/SYNTH.dir/Users/landonburk/pico/pico-sdk/src/rp2_common/hardware_timer/timer.c.obj
                0x0000000010002f30                hardware_alarm_cancel
 .text.ph_add_child_node
                0x0000000010002f70       0xa4 CMakeFiles/SYNTH.dir/Users/landonburk/pico/pico-sdk/src/common/pico_util/pheap.c.obj
 .text.ph_merge_nodes
                0x0000000010003014       0x3e CMakeFiles/SYNTH.dir/Users/landonburk/pico/pico-sdk/src/common/pico_util/pheap.c.obj
 *fill*         0x0000000010003052        0x2 
 .text.ph_clear
                0x0000000010003054       0x70 CMakeFiles/SYNTH.dir/Users/landonburk/pico/pico-sdk/src/common/pico_util/pheap.c.obj
                0x0000000010003054                ph_clear
 .text.ph_post_alloc_init
                0x00000000100030c4        0xe CMakeFiles/SYNTH.dir/Users/landonburk/pico/pico-sdk/src/common/pico_util/pheap.c.obj
                0x00000000100030c4                ph_post_alloc_init
 *fill*         0x00000000100030d2        0x2 
 .text.ph_merge_two_pass
                0x00000000100030d4       0xa8 CMakeFiles/SYNTH.dir/Users/landonburk/pico/pico-sdk/src/common/pico_util/pheap.c.obj
                0x00000000100030d4                ph_merge_two_pass
 .text.ph_remove_any_head
                0x000000001000317c      0x108 CMakeFiles/SYNTH.dir/Users/landonburk/pico/pico-sdk/src/common/pico_util/pheap.c.obj
 .text.ph_remove_head
                0x0000000010003284       0x14 CMakeFiles/SYNTH.dir/Users/landonburk/pico/pico-sdk/src/common/pico_util/pheap.c.obj
                0x0000000010003284                ph_remove_head
 .text.ph_remove_and_free_node
                0x0000000010003298       0xf8 CMakeFiles/SYNTH.dir/Users/landonburk/pico/pico-sdk/src/common/pico_util/pheap.c.obj
                0x0000000010003298                ph_remove_and_free_node
 .text.mutex_init
                0x0000000010003390       0x1a CMakeFiles/SYNTH.dir/Users/landonburk/pico/pico-sdk/src/common/pico_sync/mutex.c.obj
                0x0000000010003390                mutex_init
 .text.recursive_mutex_init
                0x00000000100033aa       0x1e CMakeFiles/SYNTH.dir/Users/landonburk/pico/pico-sdk/src/common/pico_sync/mutex.c.obj
                0x00000000100033aa                recursive_mutex_init
 .text.critical_section_init_with_lock_num
                0x00000000100033c8       0x14 CMakeFiles/SYNTH.dir/Users/landonburk/pico/pico-sdk/src/common/pico_sync/critical_section.c.obj
                0x00000000100033c8                critical_section_init_with_lock_num
 .text.critical_section_init
                0x00000000100033dc       0x14 CMakeFiles/SYNTH.dir/Users/landonburk/pico/pico-sdk/src/common/pico_sync/critical_section.c.obj
                0x00000000100033dc                critical_section_init
 .text._exit    0x00000000100033f0        0x4 CMakeFiles/SYNTH.dir/Users/landonburk/pico/pico-sdk/src/rp2_common/pico_runtime/runtime.c.obj
                0x00000000100033f0                _exit
 .text._sbrk    0x00000000100033f4       0x38 CMakeFiles/SYNTH.dir/Users/landonburk/pico/pico-sdk/src/rp2_common/pico_runtime/runtime.c.obj
                0x00000000100033f4                _sbrk
 .text.exit     0x000000001000342c        0x6 CMakeFiles/SYNTH.dir/Users/landonburk/pico/pico-sdk/src/rp2_common/pico_runtime/runtime.c.obj
                0x000000001000342c                exit
 *fill*         0x0000000010003432        0x2 
 .text.__assert_func
                0x0000000010003434       0x3c CMakeFiles/SYNTH.dir/Users/landonburk/pico/pico-sdk/src/rp2_common/pico_runtime/runtime.c.obj
                0x0000000010003434                __assert_func
 .text.runtime_init
                0x0000000010003470       0xf8 CMakeFiles/SYNTH.dir/Users/landonburk/pico/pico-sdk/src/rp2_common/pico_runtime/runtime.c.obj
                0x0000000010003470                runtime_init
 .text.panic    0x0000000010003568       0x30 CMakeFiles/SYNTH.dir/Users/landonburk/pico/pico-sdk/src/rp2_common/pico_runtime/runtime.c.obj
                0x0000000010003568                panic
 .text.clock_configure
                0x0000000010003598      0x104 CMakeFiles/SYNTH.dir/Users/landonburk/pico/pico-sdk/src/rp2_common/hardware_clocks/clocks.c.obj
                0x0000000010003598                clock_configure
 .text.clocks_init
                0x000000001000369c      0x100 CMakeFiles/SYNTH.dir/Users/landonburk/pico/pico-sdk/src/rp2_common/hardware_clocks/clocks.c.obj
                0x000000001000369c                clocks_init
 .text.clock_get_hz
                0x000000001000379c        0xc CMakeFiles/SYNTH.dir/Users/landonburk/pico/pico-sdk/src/rp2_common/hardware_clocks/clocks.c.obj
                0x000000001000379c                clock_get_hz
 .text.pll_init
                0x00000000100037a8      0x140 CMakeFiles/SYNTH.dir/Users/landonburk/pico/pico-sdk/src/rp2_common/hardware_pll/pll.c.obj
                0x00000000100037a8                pll_init
 .text.watchdog_start_tick
                0x00000000100038e8       0x10 CMakeFiles/SYNTH.dir/Users/landonburk/pico/pico-sdk/src/rp2_common/hardware_watchdog/watchdog.c.obj
                0x00000000100038e8                watchdog_start_tick
 .text.watchdog_update
                0x00000000100038f8       0x14 CMakeFiles/SYNTH.dir/Users/landonburk/pico/pico-sdk/src/rp2_common/hardware_watchdog/watchdog.c.obj
                0x00000000100038f8                watchdog_update
 .text._watchdog_enable
                0x000000001000390c       0x78 CMakeFiles/SYNTH.dir/Users/landonburk/pico/pico-sdk/src/rp2_common/hardware_watchdog/watchdog.c.obj
                0x000000001000390c                _watchdog_enable
 .text.watchdog_reboot
                0x0000000010003984       0x48 CMakeFiles/SYNTH.dir/Users/landonburk/pico/pico-sdk/src/rp2_common/hardware_watchdog/watchdog.c.obj
                0x0000000010003984                watchdog_reboot
 .text.xosc_init
                0x00000000100039cc       0x28 CMakeFiles/SYNTH.dir/Users/landonburk/pico/pico-sdk/src/rp2_common/hardware_xosc/xosc.c.obj
                0x00000000100039cc                xosc_init
 .text._out_buffer
                0x00000000100039f4        0x8 CMakeFiles/SYNTH.dir/Users/landonburk/pico/pico-sdk/src/rp2_common/pico_printf/printf.c.obj
 .text._out_null
                0x00000000100039fc        0x2 CMakeFiles/SYNTH.dir/Users/landonburk/pico/pico-sdk/src/rp2_common/pico_printf/printf.c.obj
 .text._out_fct
                0x00000000100039fe        0xe CMakeFiles/SYNTH.dir/Users/landonburk/pico/pico-sdk/src/rp2_common/pico_printf/printf.c.obj
 .text._atoi    0x0000000010003a0c       0x24 CMakeFiles/SYNTH.dir/Users/landonburk/pico/pico-sdk/src/rp2_common/pico_printf/printf.c.obj
 .text._out_rev
                0x0000000010003a30       0xae CMakeFiles/SYNTH.dir/Users/landonburk/pico/pico-sdk/src/rp2_common/pico_printf/printf.c.obj
 .text._ntoa_format
                0x0000000010003ade      0x112 CMakeFiles/SYNTH.dir/Users/landonburk/pico/pico-sdk/src/rp2_common/pico_printf/printf.c.obj
 .text._ntoa_long
                0x0000000010003bf0       0xbc CMakeFiles/SYNTH.dir/Users/landonburk/pico/pico-sdk/src/rp2_common/pico_printf/printf.c.obj
 .text._ntoa_long_long
                0x0000000010003cac       0xe2 CMakeFiles/SYNTH.dir/Users/landonburk/pico/pico-sdk/src/rp2_common/pico_printf/printf.c.obj
 *fill*         0x0000000010003d8e        0x2 
 .text._etoa    0x0000000010003d90      0x414 CMakeFiles/SYNTH.dir/Users/landonburk/pico/pico-sdk/src/rp2_common/pico_printf/printf.c.obj
 .text._ftoa    0x00000000100041a4      0x354 CMakeFiles/SYNTH.dir/Users/landonburk/pico/pico-sdk/src/rp2_common/pico_printf/printf.c.obj
 .text._vsnprintf
                0x00000000100044f8      0x624 CMakeFiles/SYNTH.dir/Users/landonburk/pico/pico-sdk/src/rp2_common/pico_printf/printf.c.obj
 .text.__wrap_vsnprintf
                0x0000000010004b1c       0x1c CMakeFiles/SYNTH.dir/Users/landonburk/pico/pico-sdk/src/rp2_common/pico_printf/printf.c.obj
                0x0000000010004b1c                __wrap_vsnprintf
 .text.vfctprintf
                0x0000000010004b38       0x20 CMakeFiles/SYNTH.dir/Users/landonburk/pico/pico-sdk/src/rp2_common/pico_printf/printf.c.obj
                0x0000000010004b38                vfctprintf
 .text          0x0000000010004b58       0x10 CMakeFiles/SYNTH.dir/Users/landonburk/pico/pico-sdk/src/rp2_common/pico_bit_ops/bit_ops_aeabi.S.obj
 .text.rom_func_lookup
                0x0000000010004b68       0x10 CMakeFiles/SYNTH.dir/Users/landonburk/pico/pico-sdk/src/rp2_common/pico_bootrom/bootrom.c.obj
                0x0000000010004b68                rom_func_lookup
 .text.rom_data_lookup
                0x0000000010004b78       0x10 CMakeFiles/SYNTH.dir/Users/landonburk/pico/pico-sdk/src/rp2_common/pico_bootrom/bootrom.c.obj
                0x0000000010004b78                rom_data_lookup
 .text.rom_funcs_lookup
                0x0000000010004b88       0x36 CMakeFiles/SYNTH.dir/Users/landonburk/pico/pico-sdk/src/rp2_common/pico_bootrom/bootrom.c.obj
                0x0000000010004b88                rom_funcs_lookup
 *fill*         0x0000000010004bbe        0x2 
 .text.__wrap___aeabi_idiv
                0x0000000010004bc0       0x50 CMakeFiles/SYNTH.dir/Users/landonburk/pico/pico-sdk/src/rp2_common/pico_divider/divider.S.obj
                0x0000000010004bc0                __wrap___aeabi_idivmod
                0x0000000010004bc0                divmod_s32s32
                0x0000000010004bc0                div_s32s32
                0x0000000010004bc0                __wrap___aeabi_idiv
                0x0000000010004bc8                divmod_s32s32_unsafe
                0x0000000010004bf4                divmod_s32s32_savestate
 .text.__wrap___aeabi_uidiv
                0x0000000010004c10       0x4c CMakeFiles/SYNTH.dir/Users/landonburk/pico/pico-sdk/src/rp2_common/pico_divider/divider.S.obj
                0x0000000010004c10                __wrap___aeabi_uidiv
                0x0000000010004c10                __wrap___aeabi_uidivmod
                0x0000000010004c10                div_u32u32
                0x0000000010004c10                divmod_u32u32
                0x0000000010004c18                divmod_u32u32_unsafe
                0x0000000010004c40                divmod_u32u32_savestate
 .text.__wrap___aeabi_ldiv
                0x0000000010004c5c      0x434 CMakeFiles/SYNTH.dir/Users/landonburk/pico/pico-sdk/src/rp2_common/pico_divider/divider.S.obj
                0x0000000010004c5c                __wrap___aeabi_ldivmod
                0x0000000010004c5c                div_s64s64
                0x0000000010004c5c                divmod_s64s64
                0x0000000010004c94                divmod_u64u64
                0x0000000010004c94                div_u64u64
                0x0000000010004c94                __wrap___aeabi_uldivmod
                0x0000000010004ca4                divmod_u64u64_savestate
                0x0000000010004ccc                divmod_s64s64_unsafe
                0x0000000010004d54                divmod_u64u64_unsafe
 .text.__wrap___aeabi_darithmetic
                0x0000000010005090       0x80 CMakeFiles/SYNTH.dir/Users/landonburk/pico/pico-sdk/src/rp2_common/pico_double/double_aeabi.S.obj
                0x0000000010005090                __wrap___aeabi_drsub
                0x0000000010005096                __wrap___aeabi_dsub
                0x00000000100050a8                __wrap___aeabi_dadd
                0x00000000100050ba                __wrap___aeabi_ddiv
                0x00000000100050f6                __wrap___aeabi_dmul
 .text.__wrap___aeabi_cdcmple
                0x0000000010005110       0x6c CMakeFiles/SYNTH.dir/Users/landonburk/pico/pico-sdk/src/rp2_common/pico_double/double_aeabi.S.obj
                0x0000000010005110                __wrap___aeabi_cdrcmple
                0x0000000010005120                __wrap___aeabi_cdcmple
                0x0000000010005120                __wrap___aeabi_cdcmpeq
 .text.__wrap___aeabi_dcmplt
                0x000000001000517c        0xc CMakeFiles/SYNTH.dir/Users/landonburk/pico/pico-sdk/src/rp2_common/pico_double/double_aeabi.S.obj
                0x000000001000517c                __wrap___aeabi_dcmplt
 .text.__wrap___aeabi_dcmple
                0x0000000010005188       0x10 CMakeFiles/SYNTH.dir/Users/landonburk/pico/pico-sdk/src/rp2_common/pico_double/double_aeabi.S.obj
                0x0000000010005188                __wrap___aeabi_dcmple
 .text.__wrap___aeabi_dcmpge
                0x0000000010005198       0x10 CMakeFiles/SYNTH.dir/Users/landonburk/pico/pico-sdk/src/rp2_common/pico_double/double_aeabi.S.obj
                0x0000000010005198                __wrap___aeabi_dcmpge
 .text.__wrap___aeabi_dcmpgt
                0x00000000100051a8        0xa CMakeFiles/SYNTH.dir/Users/landonburk/pico/pico-sdk/src/rp2_common/pico_double/double_aeabi.S.obj
                0x00000000100051a8                __wrap___aeabi_dcmpgt
 .text.__wrap___aeabi_dcmpun
                0x00000000100051b2       0x1c CMakeFiles/SYNTH.dir/Users/landonburk/pico/pico-sdk/src/rp2_common/pico_double/double_aeabi.S.obj
                0x00000000100051b2                __wrap___aeabi_dcmpun
 *fill*         0x00000000100051ce        0x2 
 .text.__wrap___aeabi_i2d
                0x00000000100051d0       0x38 CMakeFiles/SYNTH.dir/Users/landonburk/pico/pico-sdk/src/rp2_common/pico_double/double_aeabi.S.obj
                0x00000000100051d0                __wrap___aeabi_ui2d
                0x00000000100051d8                __wrap___aeabi_i2d
 .text.__wrap___aeabi_d2iz
                0x0000000010005208       0x48 CMakeFiles/SYNTH.dir/Users/landonburk/pico/pico-sdk/src/rp2_common/pico_double/double_aeabi.S.obj
                0x0000000010005208                __wrap___aeabi_d2iz
                0x0000000010005208                double2int_z
 .text.__wrap___aeabi_d2uiz
                0x0000000010005250       0x18 CMakeFiles/SYNTH.dir/Users/landonburk/pico/pico-sdk/src/rp2_common/pico_double/double_aeabi.S.obj
                0x0000000010005250                double2uint
                0x0000000010005250                __wrap___aeabi_d2uiz
 .text.__aeabi_double_init
                0x0000000010005268       0xc8 CMakeFiles/SYNTH.dir/Users/landonburk/pico/pico-sdk/src/rp2_common/pico_double/double_init_rom.c.obj
                0x0000000010005268                __aeabi_double_init
 .text.double_table_shim_on_use_helper
                0x0000000010005330       0x34 CMakeFiles/SYNTH.dir/Users/landonburk/pico/pico-sdk/src/rp2_common/pico_double/double_v1_rom_shim.S.obj
                0x0000000010005330                double_table_shim_on_use_helper
 .text.__wrap___aeabi_dsub
                0x0000000010005364       0x10 CMakeFiles/SYNTH.dir/Users/landonburk/pico/pico-sdk/src/rp2_common/pico_double/double_v1_rom_shim.S.obj
                0x0000000010005364                drsub_shim
                0x000000001000536a                dsub_shim
 .text.dadd_shim
                0x0000000010005374      0x15c CMakeFiles/SYNTH.dir/Users/landonburk/pico/pico-sdk/src/rp2_common/pico_double/double_v1_rom_shim.S.obj
                0x0000000010005374                dadd_shim
 .text.dmul_shim
                0x00000000100054d0      0x15c CMakeFiles/SYNTH.dir/Users/landonburk/pico/pico-sdk/src/rp2_common/pico_double/double_v1_rom_shim.S.obj
                0x00000000100054d0                dmul_shim
 .text.ddiv_shim
                0x000000001000562c      0x1b0 CMakeFiles/SYNTH.dir/Users/landonburk/pico/pico-sdk/src/rp2_common/pico_double/double_v1_rom_shim.S.obj
                0x000000001000562c                ddiv_shim
 .text.double2uint_shim
                0x00000000100057dc        0xe CMakeFiles/SYNTH.dir/Users/landonburk/pico/pico-sdk/src/rp2_common/pico_double/double_v1_rom_shim.S.obj
                0x00000000100057dc                double2uint_shim
                0x00000000100057de                double2ufix_shim
 *fill*         0x00000000100057ea        0x2 
 .text.double2uint64_shim
                0x00000000100057ec       0x70 CMakeFiles/SYNTH.dir/Users/landonburk/pico/pico-sdk/src/rp2_common/pico_double/double_v1_rom_shim.S.obj
                0x00000000100057ec                double2uint64_shim
                0x00000000100057ee                double2ufix64_shim
                0x000000001000580e                d2fix_a
 .text.dunpacks
                0x000000001000585c       0x3c CMakeFiles/SYNTH.dir/Users/landonburk/pico/pico-sdk/src/rp2_common/pico_double/double_v1_rom_shim.S.obj
                0x000000001000585c                dunpacks
 .text.__aeabi_lmul
                0x0000000010005898       0x32 CMakeFiles/SYNTH.dir/Users/landonburk/pico/pico-sdk/src/rp2_common/pico_int64_ops/pico_int64_ops_aeabi.S.obj
                0x0000000010005898                __wrap___aeabi_lmul
 *fill*         0x00000000100058ca        0x2 
 .text.__aeabi_float_init
                0x00000000100058cc       0xfc CMakeFiles/SYNTH.dir/Users/landonburk/pico/pico-sdk/src/rp2_common/pico_float/float_init_rom.c.obj
                0x00000000100058cc                __aeabi_float_init
 .text.float_table_shim_on_use_helper
                0x00000000100059c8       0x34 CMakeFiles/SYNTH.dir/Users/landonburk/pico/pico-sdk/src/rp2_common/pico_float/float_v1_rom_shim.S.obj
                0x00000000100059c8                float_table_shim_on_use_helper
 .text.__wrap_malloc
                0x00000000100059fc       0x24 CMakeFiles/SYNTH.dir/Users/landonburk/pico/pico-sdk/src/rp2_common/pico_malloc/pico_malloc.c.obj
                0x00000000100059fc                __wrap_malloc
 .text.__wrap_free
                0x0000000010005a20        0x8 CMakeFiles/SYNTH.dir/Users/landonburk/pico/pico-sdk/src/rp2_common/pico_malloc/pico_malloc.c.obj
                0x0000000010005a20                __wrap_free
 .text          0x0000000010005a28       0x10 CMakeFiles/SYNTH.dir/Users/landonburk/pico/pico-sdk/src/rp2_common/pico_mem_ops/mem_ops_aeabi.S.obj
                0x0000000010005a28                __aeabi_mem_init
 .text.memset   0x0000000010005a38        0xc CMakeFiles/SYNTH.dir/Users/landonburk/pico/pico-sdk/src/rp2_common/pico_mem_ops/mem_ops_aeabi.S.obj
                0x0000000010005a38                __wrap_memset
 .text.memcpy   0x0000000010005a44        0xc CMakeFiles/SYNTH.dir/Users/landonburk/pico/pico-sdk/src/rp2_common/pico_mem_ops/mem_ops_aeabi.S.obj
                0x0000000010005a44                __wrap___aeabi_memcpy
                0x0000000010005a44                __wrap_memcpy
 .text.stdio_out_chars_no_crlf
                0x0000000010005a50        0xe CMakeFiles/SYNTH.dir/Users/landonburk/pico/pico-sdk/src/rp2_common/pico_stdio/stdio.c.obj
 *fill*         0x0000000010005a5e        0x2 
 .text.stdio_out_chars_crlf
                0x0000000010005a60       0x80 CMakeFiles/SYNTH.dir/Users/landonburk/pico/pico-sdk/src/rp2_common/pico_stdio/stdio.c.obj
 .text.stdio_stack_buffer_flush
                0x0000000010005ae0       0x44 CMakeFiles/SYNTH.dir/Users/landonburk/pico/pico-sdk/src/rp2_common/pico_stdio/stdio.c.obj
 .text.stdio_buffered_printer
                0x0000000010005b24       0x20 CMakeFiles/SYNTH.dir/Users/landonburk/pico/pico-sdk/src/rp2_common/pico_stdio/stdio.c.obj
 .text.stdio_get_until
                0x0000000010005b44       0x80 CMakeFiles/SYNTH.dir/Users/landonburk/pico/pico-sdk/src/rp2_common/pico_stdio/stdio.c.obj
 .text.stdout_serialize_begin
                0x0000000010005bc4       0x30 CMakeFiles/SYNTH.dir/Users/landonburk/pico/pico-sdk/src/rp2_common/pico_stdio/stdio.c.obj
                0x0000000010005bc4                stdout_serialize_begin
 .text.stdout_serialize_end
                0x0000000010005bf4       0x10 CMakeFiles/SYNTH.dir/Users/landonburk/pico/pico-sdk/src/rp2_common/pico_stdio/stdio.c.obj
                0x0000000010005bf4                stdout_serialize_end
 .text.stdio_put_string
                0x0000000010005c04       0x98 CMakeFiles/SYNTH.dir/Users/landonburk/pico/pico-sdk/src/rp2_common/pico_stdio/stdio.c.obj
 .text.__wrap_putchar
                0x0000000010005c9c       0x1c CMakeFiles/SYNTH.dir/Users/landonburk/pico/pico-sdk/src/rp2_common/pico_stdio/stdio.c.obj
                0x0000000010005c9c                __wrap_putchar
 .text._read    0x0000000010005cb8       0x24 CMakeFiles/SYNTH.dir/Users/landonburk/pico/pico-sdk/src/rp2_common/pico_stdio/stdio.c.obj
                0x0000000010005cb8                _read
 .text._write   0x0000000010005cdc       0x22 CMakeFiles/SYNTH.dir/Users/landonburk/pico/pico-sdk/src/rp2_common/pico_stdio/stdio.c.obj
                0x0000000010005cdc                _write
 *fill*         0x0000000010005cfe        0x2 
 .text.stdio_set_driver_enabled
                0x0000000010005d00       0x2c CMakeFiles/SYNTH.dir/Users/landonburk/pico/pico-sdk/src/rp2_common/pico_stdio/stdio.c.obj
                0x0000000010005d00                stdio_set_driver_enabled
 .text.stdio_flush
                0x0000000010005d2c       0x20 CMakeFiles/SYNTH.dir/Users/landonburk/pico/pico-sdk/src/rp2_common/pico_stdio/stdio.c.obj
                0x0000000010005d2c                stdio_flush
 .text.__wrap_puts
                0x0000000010005d4c       0x1e CMakeFiles/SYNTH.dir/Users/landonburk/pico/pico-sdk/src/rp2_common/pico_stdio/stdio.c.obj
                0x0000000010005d4c                __wrap_puts
 *fill*         0x0000000010005d6a        0x2 
 .text.__wrap_vprintf
                0x0000000010005d6c       0x44 CMakeFiles/SYNTH.dir/Users/landonburk/pico/pico-sdk/src/rp2_common/pico_stdio/stdio.c.obj
                0x0000000010005d6c                __wrap_vprintf
 .text.__wrap_printf
                0x0000000010005db0       0x18 CMakeFiles/SYNTH.dir/Users/landonburk/pico/pico-sdk/src/rp2_common/pico_stdio/stdio.c.obj
                0x0000000010005db0                __wrap_printf
 .text.stdio_init_all
                0x0000000010005dc8        0x8 CMakeFiles/SYNTH.dir/Users/landonburk/pico/pico-sdk/src/rp2_common/pico_stdio/stdio.c.obj
                0x0000000010005dc8                stdio_init_all
 .text.resetd_init
                0x0000000010005dd0        0x2 CMakeFiles/SYNTH.dir/Users/landonburk/pico/pico-sdk/src/rp2_common/pico_stdio_usb/reset_interface.c.obj
 *fill*         0x0000000010005dd2        0x2 
 .text.resetd_reset
                0x0000000010005dd4        0xc CMakeFiles/SYNTH.dir/Users/landonburk/pico/pico-sdk/src/rp2_common/pico_stdio_usb/reset_interface.c.obj
 .text.resetd_open
                0x0000000010005de0       0x34 CMakeFiles/SYNTH.dir/Users/landonburk/pico/pico-sdk/src/rp2_common/pico_stdio_usb/reset_interface.c.obj
 .text.resetd_xfer_cb
                0x0000000010005e14        0x4 CMakeFiles/SYNTH.dir/Users/landonburk/pico/pico-sdk/src/rp2_common/pico_stdio_usb/reset_interface.c.obj
 .text.reset_usb_boot
                0x0000000010005e18       0x18 CMakeFiles/SYNTH.dir/Users/landonburk/pico/pico-sdk/src/rp2_common/pico_stdio_usb/reset_interface.c.obj
 .text.resetd_control_xfer_cb
                0x0000000010005e30       0x5c CMakeFiles/SYNTH.dir/Users/landonburk/pico/pico-sdk/src/rp2_common/pico_stdio_usb/reset_interface.c.obj
 .text.usbd_app_driver_get_cb
                0x0000000010005e8c        0xc CMakeFiles/SYNTH.dir/Users/landonburk/pico/pico-sdk/src/rp2_common/pico_stdio_usb/reset_interface.c.obj
                0x0000000010005e8c                usbd_app_driver_get_cb
 .text.tud_cdc_line_coding_cb
                0x0000000010005e98       0x28 CMakeFiles/SYNTH.dir/Users/landonburk/pico/pico-sdk/src/rp2_common/pico_stdio_usb/reset_interface.c.obj
                0x0000000010005e98                tud_cdc_line_coding_cb
 .text.stdio_usb_in_chars
                0x0000000010005ec0       0x70 CMakeFiles/SYNTH.dir/Users/landonburk/pico/pico-sdk/src/rp2_common/pico_stdio_usb/stdio_usb.c.obj
                0x0000000010005ec0                stdio_usb_in_chars
 .text.low_priority_worker_irq
                0x0000000010005f30       0x20 CMakeFiles/SYNTH.dir/Users/landonburk/pico/pico-sdk/src/rp2_common/pico_stdio_usb/stdio_usb.c.obj
 .text.stdio_usb_out_chars
                0x0000000010005f50       0xd4 CMakeFiles/SYNTH.dir/Users/landonburk/pico/pico-sdk/src/rp2_common/pico_stdio_usb/stdio_usb.c.obj
 .text.timer_task
                0x0000000010006024       0x40 CMakeFiles/SYNTH.dir/Users/landonburk/pico/pico-sdk/src/rp2_common/pico_stdio_usb/stdio_usb.c.obj
 .text.usb_irq  0x0000000010006064       0x10 CMakeFiles/SYNTH.dir/Users/landonburk/pico/pico-sdk/src/rp2_common/pico_stdio_usb/stdio_usb.c.obj
 .text.stdio_usb_init
                0x0000000010006074       0xec CMakeFiles/SYNTH.dir/Users/landonburk/pico/pico-sdk/src/rp2_common/pico_stdio_usb/stdio_usb.c.obj
                0x0000000010006074                stdio_usb_init
 .text.tud_descriptor_device_cb
                0x0000000010006160        0x8 CMakeFiles/SYNTH.dir/Users/landonburk/pico/pico-sdk/src/rp2_common/pico_stdio_usb/stdio_usb_descriptors.c.obj
                0x0000000010006160                tud_descriptor_device_cb
 .text.tud_descriptor_configuration_cb
                0x0000000010006168        0x8 CMakeFiles/SYNTH.dir/Users/landonburk/pico/pico-sdk/src/rp2_common/pico_stdio_usb/stdio_usb_descriptors.c.obj
                0x0000000010006168                tud_descriptor_configuration_cb
 .text.tud_descriptor_string_cb
                0x0000000010006170       0x6c CMakeFiles/SYNTH.dir/Users/landonburk/pico/pico-sdk/src/rp2_common/pico_stdio_usb/stdio_usb_descriptors.c.obj
                0x0000000010006170                tud_descriptor_string_cb
 .text.hw_endpoint_get_by_addr
                0x00000000100061dc       0x18 CMakeFiles/SYNTH.dir/Users/landonburk/pico/pico-sdk/lib/tinyusb/src/portable/raspberrypi/rp2040/dcd_rp2040.c.obj
 .text.reset_ep0_pid
                0x00000000100061f4       0x28 CMakeFiles/SYNTH.dir/Users/landonburk/pico/pico-sdk/lib/tinyusb/src/portable/raspberrypi/rp2040/dcd_rp2040.c.obj
 .text._hw_endpoint_alloc
                0x000000001000621c       0x70 CMakeFiles/SYNTH.dir/Users/landonburk/pico/pico-sdk/lib/tinyusb/src/portable/raspberrypi/rp2040/dcd_rp2040.c.obj
 .text.hw_endpoint_init
                0x000000001000628c       0x88 CMakeFiles/SYNTH.dir/Users/landonburk/pico/pico-sdk/lib/tinyusb/src/portable/raspberrypi/rp2040/dcd_rp2040.c.obj
 .text.reset_non_control_endpoints
                0x0000000010006314       0x40 CMakeFiles/SYNTH.dir/Users/landonburk/pico/pico-sdk/lib/tinyusb/src/portable/raspberrypi/rp2040/dcd_rp2040.c.obj
 .text.hw_handle_buff_status
                0x0000000010006354       0x8c CMakeFiles/SYNTH.dir/Users/landonburk/pico/pico-sdk/lib/tinyusb/src/portable/raspberrypi/rp2040/dcd_rp2040.c.obj
 .text.dcd_rp2040_irq
                0x00000000100063e0       0xc0 CMakeFiles/SYNTH.dir/Users/landonburk/pico/pico-sdk/lib/tinyusb/src/portable/raspberrypi/rp2040/dcd_rp2040.c.obj
 .text.hw_endpoint_xfer
                0x00000000100064a0       0x14 CMakeFiles/SYNTH.dir/Users/landonburk/pico/pico-sdk/lib/tinyusb/src/portable/raspberrypi/rp2040/dcd_rp2040.c.obj
 .text.dcd_int_enable
                0x00000000100064b4       0x2c CMakeFiles/SYNTH.dir/Users/landonburk/pico/pico-sdk/lib/tinyusb/src/portable/raspberrypi/rp2040/dcd_rp2040.c.obj
                0x00000000100064b4                dcd_int_enable
 .text.dcd_set_address
                0x00000000100064e0       0x2c CMakeFiles/SYNTH.dir/Users/landonburk/pico/pico-sdk/lib/tinyusb/src/portable/raspberrypi/rp2040/dcd_rp2040.c.obj
                0x00000000100064e0                dcd_set_address
 .text.dcd_connect
                0x000000001000650c       0x10 CMakeFiles/SYNTH.dir/Users/landonburk/pico/pico-sdk/lib/tinyusb/src/portable/raspberrypi/rp2040/dcd_rp2040.c.obj
                0x000000001000650c                dcd_connect
 .text.dcd_init
                0x000000001000651c       0x7c CMakeFiles/SYNTH.dir/Users/landonburk/pico/pico-sdk/lib/tinyusb/src/portable/raspberrypi/rp2040/dcd_rp2040.c.obj
                0x000000001000651c                dcd_init
 .text.dcd_edpt0_status_complete
                0x0000000010006598       0x1c CMakeFiles/SYNTH.dir/Users/landonburk/pico/pico-sdk/lib/tinyusb/src/portable/raspberrypi/rp2040/dcd_rp2040.c.obj
                0x0000000010006598                dcd_edpt0_status_complete
 .text.dcd_edpt_open
                0x00000000100065b4       0x40 CMakeFiles/SYNTH.dir/Users/landonburk/pico/pico-sdk/lib/tinyusb/src/portable/raspberrypi/rp2040/dcd_rp2040.c.obj
                0x00000000100065b4                dcd_edpt_open
 .text.dcd_edpt_close_all
                0x00000000100065f4        0x8 CMakeFiles/SYNTH.dir/Users/landonburk/pico/pico-sdk/lib/tinyusb/src/portable/raspberrypi/rp2040/dcd_rp2040.c.obj
                0x00000000100065f4                dcd_edpt_close_all
 .text.dcd_edpt_xfer
                0x00000000100065fc       0x30 CMakeFiles/SYNTH.dir/Users/landonburk/pico/pico-sdk/lib/tinyusb/src/portable/raspberrypi/rp2040/dcd_rp2040.c.obj
                0x00000000100065fc                dcd_edpt_xfer
 .text.dcd_edpt_stall
                0x000000001000662c       0x2c CMakeFiles/SYNTH.dir/Users/landonburk/pico/pico-sdk/lib/tinyusb/src/portable/raspberrypi/rp2040/dcd_rp2040.c.obj
                0x000000001000662c                dcd_edpt_stall
 .text.dcd_edpt_clear_stall
                0x0000000010006658       0x20 CMakeFiles/SYNTH.dir/Users/landonburk/pico/pico-sdk/lib/tinyusb/src/portable/raspberrypi/rp2040/dcd_rp2040.c.obj
                0x0000000010006658                dcd_edpt_clear_stall
 .text.prepare_ep_buffer
                0x0000000010006678       0x70 CMakeFiles/SYNTH.dir/Users/landonburk/pico/pico-sdk/lib/tinyusb/src/portable/raspberrypi/rp2040/rp2040_usb.c.obj
 .text.sync_ep_buffer
                0x00000000100066e8       0x7c CMakeFiles/SYNTH.dir/Users/landonburk/pico/pico-sdk/lib/tinyusb/src/portable/raspberrypi/rp2040/rp2040_usb.c.obj
 .text._hw_endpoint_xfer_sync
                0x0000000010006764       0x28 CMakeFiles/SYNTH.dir/Users/landonburk/pico/pico-sdk/lib/tinyusb/src/portable/raspberrypi/rp2040/rp2040_usb.c.obj
 .text.rp2040_usb_init
                0x000000001000678c       0x4c CMakeFiles/SYNTH.dir/Users/landonburk/pico/pico-sdk/lib/tinyusb/src/portable/raspberrypi/rp2040/rp2040_usb.c.obj
                0x000000001000678c                rp2040_usb_init
 .text.hw_endpoint_reset_transfer
                0x00000000100067d8        0xc CMakeFiles/SYNTH.dir/Users/landonburk/pico/pico-sdk/lib/tinyusb/src/portable/raspberrypi/rp2040/rp2040_usb.c.obj
                0x00000000100067d8                hw_endpoint_reset_transfer
 .text._hw_endpoint_buffer_control_update32
                0x00000000100067e4       0x58 CMakeFiles/SYNTH.dir/Users/landonburk/pico/pico-sdk/lib/tinyusb/src/portable/raspberrypi/rp2040/rp2040_usb.c.obj
                0x00000000100067e4                _hw_endpoint_buffer_control_update32
 .text._hw_endpoint_start_next_buffer
                0x000000001000683c       0x74 CMakeFiles/SYNTH.dir/Users/landonburk/pico/pico-sdk/lib/tinyusb/src/portable/raspberrypi/rp2040/rp2040_usb.c.obj
 .text.hw_endpoint_xfer_start
                0x00000000100068b0       0x48 CMakeFiles/SYNTH.dir/Users/landonburk/pico/pico-sdk/lib/tinyusb/src/portable/raspberrypi/rp2040/rp2040_usb.c.obj
                0x00000000100068b0                hw_endpoint_xfer_start
 .text.hw_endpoint_xfer_continue
                0x00000000100068f8       0x38 CMakeFiles/SYNTH.dir/Users/landonburk/pico/pico-sdk/lib/tinyusb/src/portable/raspberrypi/rp2040/rp2040_usb.c.obj
                0x00000000100068f8                hw_endpoint_xfer_continue
 .text.configuration_reset
                0x0000000010006930       0x84 CMakeFiles/SYNTH.dir/Users/landonburk/pico/pico-sdk/lib/tinyusb/src/device/usbd.c.obj
 .text.usbd_reset
                0x00000000100069b4        0xc CMakeFiles/SYNTH.dir/Users/landonburk/pico/pico-sdk/lib/tinyusb/src/device/usbd.c.obj
 .text.invoke_class_control
                0x00000000100069c0       0x1a CMakeFiles/SYNTH.dir/Users/landonburk/pico/pico-sdk/lib/tinyusb/src/device/usbd.c.obj
 *fill*         0x00000000100069da        0x2 
 .text.process_set_config
                0x00000000100069dc      0x1b0 CMakeFiles/SYNTH.dir/Users/landonburk/pico/pico-sdk/lib/tinyusb/src/device/usbd.c.obj
 .text.process_get_descriptor
                0x0000000010006b8c       0xec CMakeFiles/SYNTH.dir/Users/landonburk/pico/pico-sdk/lib/tinyusb/src/device/usbd.c.obj
 .text.tud_mounted
                0x0000000010006c78       0x10 CMakeFiles/SYNTH.dir/Users/landonburk/pico/pico-sdk/lib/tinyusb/src/device/usbd.c.obj
                0x0000000010006c78                tud_mounted
 .text.tud_suspended
                0x0000000010006c88       0x10 CMakeFiles/SYNTH.dir/Users/landonburk/pico/pico-sdk/lib/tinyusb/src/device/usbd.c.obj
                0x0000000010006c88                tud_suspended
 .text.tud_inited
                0x0000000010006c98        0xc CMakeFiles/SYNTH.dir/Users/landonburk/pico/pico-sdk/lib/tinyusb/src/device/usbd.c.obj
                0x0000000010006c98                tud_inited
 .text.tud_init
                0x0000000010006ca4       0xcc CMakeFiles/SYNTH.dir/Users/landonburk/pico/pico-sdk/lib/tinyusb/src/device/usbd.c.obj
                0x0000000010006ca4                tud_init
 .text.dcd_event_handler
                0x0000000010006d70      0x1e0 CMakeFiles/SYNTH.dir/Users/landonburk/pico/pico-sdk/lib/tinyusb/src/device/usbd.c.obj
                0x0000000010006d70                dcd_event_handler
 .text.dcd_event_bus_signal
                0x0000000010006f50       0x26 CMakeFiles/SYNTH.dir/Users/landonburk/pico/pico-sdk/lib/tinyusb/src/device/usbd.c.obj
                0x0000000010006f50                dcd_event_bus_signal
 .text.dcd_event_bus_reset
                0x0000000010006f76       0x2a CMakeFiles/SYNTH.dir/Users/landonburk/pico/pico-sdk/lib/tinyusb/src/device/usbd.c.obj
                0x0000000010006f76                dcd_event_bus_reset
 .text.dcd_event_setup_received
                0x0000000010006fa0       0x34 CMakeFiles/SYNTH.dir/Users/landonburk/pico/pico-sdk/lib/tinyusb/src/device/usbd.c.obj
                0x0000000010006fa0                dcd_event_setup_received
 .text.dcd_event_xfer_complete
                0x0000000010006fd4       0x44 CMakeFiles/SYNTH.dir/Users/landonburk/pico/pico-sdk/lib/tinyusb/src/device/usbd.c.obj
                0x0000000010006fd4                dcd_event_xfer_complete
 .text.usbd_edpt_open
                0x0000000010007018       0x58 CMakeFiles/SYNTH.dir/Users/landonburk/pico/pico-sdk/lib/tinyusb/src/device/usbd.c.obj
                0x0000000010007018                usbd_edpt_open
 .text.usbd_open_edpt_pair
                0x0000000010007070       0x8c CMakeFiles/SYNTH.dir/Users/landonburk/pico/pico-sdk/lib/tinyusb/src/device/usbd.c.obj
                0x0000000010007070                usbd_open_edpt_pair
 .text.usbd_edpt_claim
                0x00000000100070fc       0x8c CMakeFiles/SYNTH.dir/Users/landonburk/pico/pico-sdk/lib/tinyusb/src/device/usbd.c.obj
                0x00000000100070fc                usbd_edpt_claim
 .text.usbd_edpt_release
                0x0000000010007188       0x68 CMakeFiles/SYNTH.dir/Users/landonburk/pico/pico-sdk/lib/tinyusb/src/device/usbd.c.obj
                0x0000000010007188                usbd_edpt_release
 .text.usbd_edpt_xfer
                0x00000000100071f0       0x80 CMakeFiles/SYNTH.dir/Users/landonburk/pico/pico-sdk/lib/tinyusb/src/device/usbd.c.obj
                0x00000000100071f0                usbd_edpt_xfer
 .text.usbd_edpt_stall
                0x0000000010007270       0x40 CMakeFiles/SYNTH.dir/Users/landonburk/pico/pico-sdk/lib/tinyusb/src/device/usbd.c.obj
                0x0000000010007270                usbd_edpt_stall
 .text.usbd_edpt_clear_stall
                0x00000000100072b0       0x40 CMakeFiles/SYNTH.dir/Users/landonburk/pico/pico-sdk/lib/tinyusb/src/device/usbd.c.obj
                0x00000000100072b0                usbd_edpt_clear_stall
 .text.usbd_edpt_stalled
                0x00000000100072f0       0x1c CMakeFiles/SYNTH.dir/Users/landonburk/pico/pico-sdk/lib/tinyusb/src/device/usbd.c.obj
                0x00000000100072f0                usbd_edpt_stalled
 .text.process_control_request
                0x000000001000730c      0x3b8 CMakeFiles/SYNTH.dir/Users/landonburk/pico/pico-sdk/lib/tinyusb/src/device/usbd.c.obj
 .text.tud_task
                0x00000000100076c4      0x218 CMakeFiles/SYNTH.dir/Users/landonburk/pico/pico-sdk/lib/tinyusb/src/device/usbd.c.obj
                0x00000000100076c4                tud_task
 .text._data_stage_xact
                0x00000000100078dc       0x58 CMakeFiles/SYNTH.dir/Users/landonburk/pico/pico-sdk/lib/tinyusb/src/device/usbd_control.c.obj
 .text.tud_control_status
                0x0000000010007934       0x38 CMakeFiles/SYNTH.dir/Users/landonburk/pico/pico-sdk/lib/tinyusb/src/device/usbd_control.c.obj
                0x0000000010007934                tud_control_status
 .text.tud_control_xfer
                0x000000001000796c       0xa8 CMakeFiles/SYNTH.dir/Users/landonburk/pico/pico-sdk/lib/tinyusb/src/device/usbd_control.c.obj
                0x000000001000796c                tud_control_xfer
 .text.usbd_control_reset
                0x0000000010007a14       0x14 CMakeFiles/SYNTH.dir/Users/landonburk/pico/pico-sdk/lib/tinyusb/src/device/usbd_control.c.obj
                0x0000000010007a14                usbd_control_reset
 .text.usbd_control_set_complete_callback
                0x0000000010007a28        0xc CMakeFiles/SYNTH.dir/Users/landonburk/pico/pico-sdk/lib/tinyusb/src/device/usbd_control.c.obj
                0x0000000010007a28                usbd_control_set_complete_callback
 .text.usbd_control_set_request
                0x0000000010007a34       0x1c CMakeFiles/SYNTH.dir/Users/landonburk/pico/pico-sdk/lib/tinyusb/src/device/usbd_control.c.obj
                0x0000000010007a34                usbd_control_set_request
 .text.usbd_control_xfer_cb
                0x0000000010007a50       0xfc CMakeFiles/SYNTH.dir/Users/landonburk/pico/pico-sdk/lib/tinyusb/src/device/usbd_control.c.obj
                0x0000000010007a50                usbd_control_xfer_cb
 .text._prep_out_transaction
                0x0000000010007b4c       0x46 CMakeFiles/SYNTH.dir/Users/landonburk/pico/pico-sdk/lib/tinyusb/src/class/cdc/cdc_device.c.obj
 *fill*         0x0000000010007b92        0x2 
 .text.tud_cdc_n_connected
                0x0000000010007b94       0x44 CMakeFiles/SYNTH.dir/Users/landonburk/pico/pico-sdk/lib/tinyusb/src/class/cdc/cdc_device.c.obj
                0x0000000010007b94                tud_cdc_n_connected
 .text.tud_cdc_n_available
                0x0000000010007bd8       0x18 CMakeFiles/SYNTH.dir/Users/landonburk/pico/pico-sdk/lib/tinyusb/src/class/cdc/cdc_device.c.obj
                0x0000000010007bd8                tud_cdc_n_available
 .text.tud_cdc_n_read
                0x0000000010007bf0       0x28 CMakeFiles/SYNTH.dir/Users/landonburk/pico/pico-sdk/lib/tinyusb/src/class/cdc/cdc_device.c.obj
                0x0000000010007bf0                tud_cdc_n_read
 .text.tud_cdc_n_write_flush
                0x0000000010007c18       0xcc CMakeFiles/SYNTH.dir/Users/landonburk/pico/pico-sdk/lib/tinyusb/src/class/cdc/cdc_device.c.obj
                0x0000000010007c18                tud_cdc_n_write_flush
 .text.tud_cdc_n_write
                0x0000000010007ce4       0x38 CMakeFiles/SYNTH.dir/Users/landonburk/pico/pico-sdk/lib/tinyusb/src/class/cdc/cdc_device.c.obj
                0x0000000010007ce4                tud_cdc_n_write
 .text.tud_cdc_n_write_available
                0x0000000010007d1c       0x1c CMakeFiles/SYNTH.dir/Users/landonburk/pico/pico-sdk/lib/tinyusb/src/class/cdc/cdc_device.c.obj
                0x0000000010007d1c                tud_cdc_n_write_available
 .text.cdcd_init
                0x0000000010007d38       0xbc CMakeFiles/SYNTH.dir/Users/landonburk/pico/pico-sdk/lib/tinyusb/src/class/cdc/cdc_device.c.obj
                0x0000000010007d38                cdcd_init
 .text.cdcd_reset
                0x0000000010007df4       0x44 CMakeFiles/SYNTH.dir/Users/landonburk/pico/pico-sdk/lib/tinyusb/src/class/cdc/cdc_device.c.obj
                0x0000000010007df4                cdcd_reset
 .text.cdcd_open
                0x0000000010007e38       0xf8 CMakeFiles/SYNTH.dir/Users/landonburk/pico/pico-sdk/lib/tinyusb/src/class/cdc/cdc_device.c.obj
                0x0000000010007e38                cdcd_open
 .text.cdcd_control_xfer_cb
                0x0000000010007f30      0x134 CMakeFiles/SYNTH.dir/Users/landonburk/pico/pico-sdk/lib/tinyusb/src/class/cdc/cdc_device.c.obj
                0x0000000010007f30                cdcd_control_xfer_cb
 .text.cdcd_xfer_cb
                0x0000000010008064      0x144 CMakeFiles/SYNTH.dir/Users/landonburk/pico/pico-sdk/lib/tinyusb/src/class/cdc/cdc_device.c.obj
                0x0000000010008064                cdcd_xfer_cb
 .text.tusb_init
                0x00000000100081a8       0x24 CMakeFiles/SYNTH.dir/Users/landonburk/pico/pico-sdk/lib/tinyusb/src/tusb.c.obj
                0x00000000100081a8                tusb_init
 .text.tusb_inited
                0x00000000100081cc        0xe CMakeFiles/SYNTH.dir/Users/landonburk/pico/pico-sdk/lib/tinyusb/src/tusb.c.obj
                0x00000000100081cc                tusb_inited
 *fill*         0x00000000100081da        0x2 
 .text.tu_edpt_validate
                0x00000000100081dc       0xa8 CMakeFiles/SYNTH.dir/Users/landonburk/pico/pico-sdk/lib/tinyusb/src/tusb.c.obj
                0x00000000100081dc                tu_edpt_validate
 .text.tu_edpt_bind_driver
                0x0000000010008284       0x2a CMakeFiles/SYNTH.dir/Users/landonburk/pico/pico-sdk/lib/tinyusb/src/tusb.c.obj
                0x0000000010008284                tu_edpt_bind_driver
 .text.advance_pointer
                0x00000000100082ae       0x18 CMakeFiles/SYNTH.dir/Users/landonburk/pico/pico-sdk/lib/tinyusb/src/common/tusb_fifo.c.obj
 .text.backward_pointer
                0x00000000100082c6       0x1e CMakeFiles/SYNTH.dir/Users/landonburk/pico/pico-sdk/lib/tinyusb/src/common/tusb_fifo.c.obj
 .text.get_relative_pointer
                0x00000000100082e4       0x10 CMakeFiles/SYNTH.dir/Users/landonburk/pico/pico-sdk/lib/tinyusb/src/common/tusb_fifo.c.obj
 .text._tu_fifo_peek
                0x00000000100082f4       0x50 CMakeFiles/SYNTH.dir/Users/landonburk/pico/pico-sdk/lib/tinyusb/src/common/tusb_fifo.c.obj
 .text._ff_pull_const_addr
                0x0000000010008344       0x4c CMakeFiles/SYNTH.dir/Users/landonburk/pico/pico-sdk/lib/tinyusb/src/common/tusb_fifo.c.obj
 .text._ff_pull_n
                0x0000000010008390      0x10c CMakeFiles/SYNTH.dir/Users/landonburk/pico/pico-sdk/lib/tinyusb/src/common/tusb_fifo.c.obj
 .text._tu_fifo_peek_n
                0x000000001000849c       0x5e CMakeFiles/SYNTH.dir/Users/landonburk/pico/pico-sdk/lib/tinyusb/src/common/tusb_fifo.c.obj
 .text._tu_fifo_read_n
                0x00000000100084fa       0x4e CMakeFiles/SYNTH.dir/Users/landonburk/pico/pico-sdk/lib/tinyusb/src/common/tusb_fifo.c.obj
 .text._ff_push_const_addr
                0x0000000010008548       0x40 CMakeFiles/SYNTH.dir/Users/landonburk/pico/pico-sdk/lib/tinyusb/src/common/tusb_fifo.c.obj
 .text._ff_push_n
                0x0000000010008588      0x108 CMakeFiles/SYNTH.dir/Users/landonburk/pico/pico-sdk/lib/tinyusb/src/common/tusb_fifo.c.obj
 .text._tu_fifo_write_n
                0x0000000010008690       0x9e CMakeFiles/SYNTH.dir/Users/landonburk/pico/pico-sdk/lib/tinyusb/src/common/tusb_fifo.c.obj
 .text.tu_fifo_config
                0x000000001000872e       0x72 CMakeFiles/SYNTH.dir/Users/landonburk/pico/pico-sdk/lib/tinyusb/src/common/tusb_fifo.c.obj
                0x000000001000872e                tu_fifo_config
 .text.tu_fifo_count
                0x00000000100087a0       0x26 CMakeFiles/SYNTH.dir/Users/landonburk/pico/pico-sdk/lib/tinyusb/src/common/tusb_fifo.c.obj
                0x00000000100087a0                tu_fifo_count
 .text.tu_fifo_empty
                0x00000000100087c6       0x10 CMakeFiles/SYNTH.dir/Users/landonburk/pico/pico-sdk/lib/tinyusb/src/common/tusb_fifo.c.obj
                0x00000000100087c6                tu_fifo_empty
 .text.tu_fifo_remaining
                0x00000000100087d6       0x20 CMakeFiles/SYNTH.dir/Users/landonburk/pico/pico-sdk/lib/tinyusb/src/common/tusb_fifo.c.obj
                0x00000000100087d6                tu_fifo_remaining
 .text.tu_fifo_read
                0x00000000100087f6       0x42 CMakeFiles/SYNTH.dir/Users/landonburk/pico/pico-sdk/lib/tinyusb/src/common/tusb_fifo.c.obj
                0x00000000100087f6                tu_fifo_read
 .text.tu_fifo_read_n
                0x0000000010008838        0xa CMakeFiles/SYNTH.dir/Users/landonburk/pico/pico-sdk/lib/tinyusb/src/common/tusb_fifo.c.obj
                0x0000000010008838                tu_fifo_read_n
 .text.tu_fifo_write
                0x0000000010008842       0x6c CMakeFiles/SYNTH.dir/Users/landonburk/pico/pico-sdk/lib/tinyusb/src/common/tusb_fifo.c.obj
                0x0000000010008842                tu_fifo_write
 .text.tu_fifo_write_n
                0x00000000100088ae        0xa CMakeFiles/SYNTH.dir/Users/landonburk/pico/pico-sdk/lib/tinyusb/src/common/tusb_fifo.c.obj
                0x00000000100088ae                tu_fifo_write_n
 .text.tu_fifo_clear
                0x00000000100088b8       0x4c CMakeFiles/SYNTH.dir/Users/landonburk/pico/pico-sdk/lib/tinyusb/src/common/tusb_fifo.c.obj
                0x00000000100088b8                tu_fifo_clear
 .text.tu_fifo_set_overwritable
                0x0000000010008904       0x3c CMakeFiles/SYNTH.dir/Users/landonburk/pico/pico-sdk/lib/tinyusb/src/common/tusb_fifo.c.obj
                0x0000000010008904                tu_fifo_set_overwritable
 .text._retrieve_unique_id_on_boot
                0x0000000010008940       0x10 CMakeFiles/SYNTH.dir/Users/landonburk/pico/pico-sdk/src/rp2_common/pico_unique_id/unique_id.c.obj
 .text.pico_get_unique_board_id_string
                0x0000000010008950       0x60 CMakeFiles/SYNTH.dir/Users/landonburk/pico/pico-sdk/src/rp2_common/pico_unique_id/unique_id.c.obj
                0x0000000010008950                pico_get_unique_board_id_string
 .text.flash_get_unique_id
                0x00000000100089b0       0x46 CMakeFiles/SYNTH.dir/Users/landonburk/pico/pico-sdk/src/rp2_common/hardware_flash/flash.c.obj
                0x00000000100089b0                flash_get_unique_id
 .text.spi_set_baudrate
                0x00000000100089f6       0x92 CMakeFiles/SYNTH.dir/Users/landonburk/pico/pico-sdk/src/rp2_common/hardware_spi/spi.c.obj
                0x00000000100089f6                spi_set_baudrate
 .text.spi_init
                0x0000000010008a88       0x68 CMakeFiles/SYNTH.dir/Users/landonburk/pico/pico-sdk/src/rp2_common/hardware_spi/spi.c.obj
                0x0000000010008a88                spi_init
 .text.i2c_write_blocking_internal
                0x0000000010008af0      0x140 CMakeFiles/SYNTH.dir/Users/landonburk/pico/pico-sdk/src/rp2_common/hardware_i2c/i2c.c.obj
 .text.i2c_set_baudrate
                0x0000000010008c30       0xf0 CMakeFiles/SYNTH.dir/Users/landonburk/pico/pico-sdk/src/rp2_common/hardware_i2c/i2c.c.obj
                0x0000000010008c30                i2c_set_baudrate
 .text.i2c_init
                0x0000000010008d20       0x58 CMakeFiles/SYNTH.dir/Users/landonburk/pico/pico-sdk/src/rp2_common/hardware_i2c/i2c.c.obj
                0x0000000010008d20                i2c_init
 .text.i2c_write_blocking
                0x0000000010008d78       0x18 CMakeFiles/SYNTH.dir/Users/landonburk/pico/pico-sdk/src/rp2_common/hardware_i2c/i2c.c.obj
                0x0000000010008d78                i2c_write_blocking
 .text.ff_memalloc
                0x0000000010008d90        0x8 CMakeFiles/SYNTH.dir/lib/no-OS-FatFS-SD-SPI-RPi-Pico/FatFs_SPI/ff15/source/ffsystem.c.obj
                0x0000000010008d90                ff_memalloc
 .text.ff_memfree
                0x0000000010008d98        0x8 CMakeFiles/SYNTH.dir/lib/no-OS-FatFS-SD-SPI-RPi-Pico/FatFs_SPI/ff15/source/ffsystem.c.obj
                0x0000000010008d98                ff_memfree
 .text.ff_uni2oem
                0x0000000010008da0       0x44 CMakeFiles/SYNTH.dir/lib/no-OS-FatFS-SD-SPI-RPi-Pico/FatFs_SPI/ff15/source/ffunicode.c.obj
                0x0000000010008da0                ff_uni2oem
 .text.ff_wtoupper
                0x0000000010008de4       0xa8 CMakeFiles/SYNTH.dir/lib/no-OS-FatFS-SD-SPI-RPi-Pico/FatFs_SPI/ff15/source/ffunicode.c.obj
                0x0000000010008de4                ff_wtoupper
 .text.ld_word  0x0000000010008e8c        0xa CMakeFiles/SYNTH.dir/lib/no-OS-FatFS-SD-SPI-RPi-Pico/FatFs_SPI/ff15/source/ff.c.obj
 .text.ld_dword
                0x0000000010008e96       0x18 CMakeFiles/SYNTH.dir/lib/no-OS-FatFS-SD-SPI-RPi-Pico/FatFs_SPI/ff15/source/ff.c.obj
 .text.ld_qword
                0x0000000010008eae       0x42 CMakeFiles/SYNTH.dir/lib/no-OS-FatFS-SD-SPI-RPi-Pico/FatFs_SPI/ff15/source/ff.c.obj
 .text.st_word  0x0000000010008ef0        0x8 CMakeFiles/SYNTH.dir/lib/no-OS-FatFS-SD-SPI-RPi-Pico/FatFs_SPI/ff15/source/ff.c.obj
 .text.st_dword
                0x0000000010008ef8       0x10 CMakeFiles/SYNTH.dir/lib/no-OS-FatFS-SD-SPI-RPi-Pico/FatFs_SPI/ff15/source/ff.c.obj
 .text.st_qword
                0x0000000010008f08       0x1e CMakeFiles/SYNTH.dir/lib/no-OS-FatFS-SD-SPI-RPi-Pico/FatFs_SPI/ff15/source/ff.c.obj
 .text.dbc_1st  0x0000000010008f26        0x4 CMakeFiles/SYNTH.dir/lib/no-OS-FatFS-SD-SPI-RPi-Pico/FatFs_SPI/ff15/source/ff.c.obj
 *fill*         0x0000000010008f2a        0x2 
 .text.tchar2uni
                0x0000000010008f2c       0xd0 CMakeFiles/SYNTH.dir/lib/no-OS-FatFS-SD-SPI-RPi-Pico/FatFs_SPI/ff15/source/ff.c.obj
 .text.chk_share
                0x0000000010008ffc       0x78 CMakeFiles/SYNTH.dir/lib/no-OS-FatFS-SD-SPI-RPi-Pico/FatFs_SPI/ff15/source/ff.c.obj
 .text.enq_share
                0x0000000010009074       0x20 CMakeFiles/SYNTH.dir/lib/no-OS-FatFS-SD-SPI-RPi-Pico/FatFs_SPI/ff15/source/ff.c.obj
 .text.inc_share
                0x0000000010009094       0xa8 CMakeFiles/SYNTH.dir/lib/no-OS-FatFS-SD-SPI-RPi-Pico/FatFs_SPI/ff15/source/ff.c.obj
 .text.dec_share
                0x000000001000913c       0x44 CMakeFiles/SYNTH.dir/lib/no-OS-FatFS-SD-SPI-RPi-Pico/FatFs_SPI/ff15/source/ff.c.obj
 .text.clear_share
                0x0000000010009180       0x24 CMakeFiles/SYNTH.dir/lib/no-OS-FatFS-SD-SPI-RPi-Pico/FatFs_SPI/ff15/source/ff.c.obj
 .text.clst2sect
                0x00000000100091a4       0x28 CMakeFiles/SYNTH.dir/lib/no-OS-FatFS-SD-SPI-RPi-Pico/FatFs_SPI/ff15/source/ff.c.obj
 .text.clmt_clust
                0x00000000100091cc       0x30 CMakeFiles/SYNTH.dir/lib/no-OS-FatFS-SD-SPI-RPi-Pico/FatFs_SPI/ff15/source/ff.c.obj
 .text.ld_clust
                0x00000000100091fc       0x26 CMakeFiles/SYNTH.dir/lib/no-OS-FatFS-SD-SPI-RPi-Pico/FatFs_SPI/ff15/source/ff.c.obj
 .text.st_clust
                0x0000000010009222       0x26 CMakeFiles/SYNTH.dir/lib/no-OS-FatFS-SD-SPI-RPi-Pico/FatFs_SPI/ff15/source/ff.c.obj
 .text.pick_lfn
                0x0000000010009248       0x94 CMakeFiles/SYNTH.dir/lib/no-OS-FatFS-SD-SPI-RPi-Pico/FatFs_SPI/ff15/source/ff.c.obj
 .text.put_lfn  0x00000000100092dc       0x8c CMakeFiles/SYNTH.dir/lib/no-OS-FatFS-SD-SPI-RPi-Pico/FatFs_SPI/ff15/source/ff.c.obj
 .text.sum_sfn  0x0000000010009368       0x20 CMakeFiles/SYNTH.dir/lib/no-OS-FatFS-SD-SPI-RPi-Pico/FatFs_SPI/ff15/source/ff.c.obj
 .text.xdir_sum
                0x0000000010009388       0x2e CMakeFiles/SYNTH.dir/lib/no-OS-FatFS-SD-SPI-RPi-Pico/FatFs_SPI/ff15/source/ff.c.obj
 .text.init_alloc_info
                0x00000000100093b6       0x2e CMakeFiles/SYNTH.dir/lib/no-OS-FatFS-SD-SPI-RPi-Pico/FatFs_SPI/ff15/source/ff.c.obj
 .text.get_ldnumber
                0x00000000100093e4       0x5c CMakeFiles/SYNTH.dir/lib/no-OS-FatFS-SD-SPI-RPi-Pico/FatFs_SPI/ff15/source/ff.c.obj
 .text.crc32    0x0000000010009440       0x2c CMakeFiles/SYNTH.dir/lib/no-OS-FatFS-SD-SPI-RPi-Pico/FatFs_SPI/ff15/source/ff.c.obj
 .text.validate
                0x000000001000946c       0x52 CMakeFiles/SYNTH.dir/lib/no-OS-FatFS-SD-SPI-RPi-Pico/FatFs_SPI/ff15/source/ff.c.obj
 *fill*         0x00000000100094be        0x2 
 .text.test_gpt_header
                0x00000000100094c0       0x7c CMakeFiles/SYNTH.dir/lib/no-OS-FatFS-SD-SPI-RPi-Pico/FatFs_SPI/ff15/source/ff.c.obj
 .text.sync_window
                0x000000001000953c       0x70 CMakeFiles/SYNTH.dir/lib/no-OS-FatFS-SD-SPI-RPi-Pico/FatFs_SPI/ff15/source/ff.c.obj
 .text.move_window
                0x00000000100095ac       0x4c CMakeFiles/SYNTH.dir/lib/no-OS-FatFS-SD-SPI-RPi-Pico/FatFs_SPI/ff15/source/ff.c.obj
 .text.check_fs
                0x00000000100095f8      0x100 CMakeFiles/SYNTH.dir/lib/no-OS-FatFS-SD-SPI-RPi-Pico/FatFs_SPI/ff15/source/ff.c.obj
 .text.find_volume
                0x00000000100096f8      0x14c CMakeFiles/SYNTH.dir/lib/no-OS-FatFS-SD-SPI-RPi-Pico/FatFs_SPI/ff15/source/ff.c.obj
 .text.mount_volume
                0x0000000010009844      0x540 CMakeFiles/SYNTH.dir/lib/no-OS-FatFS-SD-SPI-RPi-Pico/FatFs_SPI/ff15/source/ff.c.obj
 .text.find_bitmap
                0x0000000010009d84       0xa6 CMakeFiles/SYNTH.dir/lib/no-OS-FatFS-SD-SPI-RPi-Pico/FatFs_SPI/ff15/source/ff.c.obj
 .text.change_bitmap
                0x0000000010009e2a       0x96 CMakeFiles/SYNTH.dir/lib/no-OS-FatFS-SD-SPI-RPi-Pico/FatFs_SPI/ff15/source/ff.c.obj
 .text.put_fat  0x0000000010009ec0      0x176 CMakeFiles/SYNTH.dir/lib/no-OS-FatFS-SD-SPI-RPi-Pico/FatFs_SPI/ff15/source/ff.c.obj
 .text.fill_last_frag
                0x000000001000a036       0x32 CMakeFiles/SYNTH.dir/lib/no-OS-FatFS-SD-SPI-RPi-Pico/FatFs_SPI/ff15/source/ff.c.obj
 .text.fill_first_frag
                0x000000001000a068       0x32 CMakeFiles/SYNTH.dir/lib/no-OS-FatFS-SD-SPI-RPi-Pico/FatFs_SPI/ff15/source/ff.c.obj
 *fill*         0x000000001000a09a        0x2 
 .text.get_fat  0x000000001000a09c      0x1ac CMakeFiles/SYNTH.dir/lib/no-OS-FatFS-SD-SPI-RPi-Pico/FatFs_SPI/ff15/source/ff.c.obj
 .text.create_chain
                0x000000001000a248      0x1c6 CMakeFiles/SYNTH.dir/lib/no-OS-FatFS-SD-SPI-RPi-Pico/FatFs_SPI/ff15/source/ff.c.obj
 .text.dir_sdi  0x000000001000a40e       0xd4 CMakeFiles/SYNTH.dir/lib/no-OS-FatFS-SD-SPI-RPi-Pico/FatFs_SPI/ff15/source/ff.c.obj
 .text.remove_chain
                0x000000001000a4e2      0x14c CMakeFiles/SYNTH.dir/lib/no-OS-FatFS-SD-SPI-RPi-Pico/FatFs_SPI/ff15/source/ff.c.obj
 .text.dir_clear
                0x000000001000a62e       0xf0 CMakeFiles/SYNTH.dir/lib/no-OS-FatFS-SD-SPI-RPi-Pico/FatFs_SPI/ff15/source/ff.c.obj
 .text.dir_next
                0x000000001000a71e      0x104 CMakeFiles/SYNTH.dir/lib/no-OS-FatFS-SD-SPI-RPi-Pico/FatFs_SPI/ff15/source/ff.c.obj
 .text.dir_alloc
                0x000000001000a822       0x70 CMakeFiles/SYNTH.dir/lib/no-OS-FatFS-SD-SPI-RPi-Pico/FatFs_SPI/ff15/source/ff.c.obj
 .text.load_xdir
                0x000000001000a892      0x10c CMakeFiles/SYNTH.dir/lib/no-OS-FatFS-SD-SPI-RPi-Pico/FatFs_SPI/ff15/source/ff.c.obj
 .text.load_obj_xdir
                0x000000001000a99e       0x36 CMakeFiles/SYNTH.dir/lib/no-OS-FatFS-SD-SPI-RPi-Pico/FatFs_SPI/ff15/source/ff.c.obj
 .text.dir_read
                0x000000001000a9d4      0x114 CMakeFiles/SYNTH.dir/lib/no-OS-FatFS-SD-SPI-RPi-Pico/FatFs_SPI/ff15/source/ff.c.obj
 .text.gen_numname
                0x000000001000aae8       0xac CMakeFiles/SYNTH.dir/lib/no-OS-FatFS-SD-SPI-RPi-Pico/FatFs_SPI/ff15/source/ff.c.obj
 .text.store_xdir
                0x000000001000ab94       0x66 CMakeFiles/SYNTH.dir/lib/no-OS-FatFS-SD-SPI-RPi-Pico/FatFs_SPI/ff15/source/ff.c.obj
 *fill*         0x000000001000abfa        0x2 
 .text.create_name
                0x000000001000abfc      0x324 CMakeFiles/SYNTH.dir/lib/no-OS-FatFS-SD-SPI-RPi-Pico/FatFs_SPI/ff15/source/ff.c.obj
 .text.xname_sum
                0x000000001000af20       0x38 CMakeFiles/SYNTH.dir/lib/no-OS-FatFS-SD-SPI-RPi-Pico/FatFs_SPI/ff15/source/ff.c.obj
 .text.create_xdir
                0x000000001000af58       0x90 CMakeFiles/SYNTH.dir/lib/no-OS-FatFS-SD-SPI-RPi-Pico/FatFs_SPI/ff15/source/ff.c.obj
 .text.cmp_lfn  0x000000001000afe8       0xb0 CMakeFiles/SYNTH.dir/lib/no-OS-FatFS-SD-SPI-RPi-Pico/FatFs_SPI/ff15/source/ff.c.obj
 .text.dir_find
                0x000000001000b098      0x18c CMakeFiles/SYNTH.dir/lib/no-OS-FatFS-SD-SPI-RPi-Pico/FatFs_SPI/ff15/source/ff.c.obj
 .text.follow_path
                0x000000001000b224      0x11a CMakeFiles/SYNTH.dir/lib/no-OS-FatFS-SD-SPI-RPi-Pico/FatFs_SPI/ff15/source/ff.c.obj
 .text.dir_register
                0x000000001000b33e      0x202 CMakeFiles/SYNTH.dir/lib/no-OS-FatFS-SD-SPI-RPi-Pico/FatFs_SPI/ff15/source/ff.c.obj
 .text.sync_fs  0x000000001000b540       0xa8 CMakeFiles/SYNTH.dir/lib/no-OS-FatFS-SD-SPI-RPi-Pico/FatFs_SPI/ff15/source/ff.c.obj
 .text.f_mount  0x000000001000b5e8       0x60 CMakeFiles/SYNTH.dir/lib/no-OS-FatFS-SD-SPI-RPi-Pico/FatFs_SPI/ff15/source/ff.c.obj
                0x000000001000b5e8                f_mount
 .text.f_open   0x000000001000b648      0x366 CMakeFiles/SYNTH.dir/lib/no-OS-FatFS-SD-SPI-RPi-Pico/FatFs_SPI/ff15/source/ff.c.obj
                0x000000001000b648                f_open
 .text.f_read   0x000000001000b9ae      0x250 CMakeFiles/SYNTH.dir/lib/no-OS-FatFS-SD-SPI-RPi-Pico/FatFs_SPI/ff15/source/ff.c.obj
                0x000000001000b9ae                f_read
 .text.f_sync   0x000000001000bbfe      0x17e CMakeFiles/SYNTH.dir/lib/no-OS-FatFS-SD-SPI-RPi-Pico/FatFs_SPI/ff15/source/ff.c.obj
                0x000000001000bbfe                f_sync
 .text.f_close  0x000000001000bd7c       0x2e CMakeFiles/SYNTH.dir/lib/no-OS-FatFS-SD-SPI-RPi-Pico/FatFs_SPI/ff15/source/ff.c.obj
                0x000000001000bd7c                f_close
 *fill*         0x000000001000bdaa        0x2 
 .text.f_gets   0x000000001000bdac      0x17c CMakeFiles/SYNTH.dir/lib/no-OS-FatFS-SD-SPI-RPi-Pico/FatFs_SPI/ff15/source/ff.c.obj
                0x000000001000bdac                f_gets
 .text.sd_spi_deselect
                0x000000001000bf28       0x2c CMakeFiles/SYNTH.dir/lib/no-OS-FatFS-SD-SPI-RPi-Pico/FatFs_SPI/sd_driver/sd_spi.c.obj
 .text.sd_spi_select
                0x000000001000bf54       0x2c CMakeFiles/SYNTH.dir/lib/no-OS-FatFS-SD-SPI-RPi-Pico/FatFs_SPI/sd_driver/sd_spi.c.obj
 .text.sd_spi_lock
                0x000000001000bf80        0xa CMakeFiles/SYNTH.dir/lib/no-OS-FatFS-SD-SPI-RPi-Pico/FatFs_SPI/sd_driver/sd_spi.c.obj
 .text.sd_spi_unlock
                0x000000001000bf8a        0xa CMakeFiles/SYNTH.dir/lib/no-OS-FatFS-SD-SPI-RPi-Pico/FatFs_SPI/sd_driver/sd_spi.c.obj
 .text.sd_spi_go_high_frequency
                0x000000001000bf94       0x20 CMakeFiles/SYNTH.dir/lib/no-OS-FatFS-SD-SPI-RPi-Pico/FatFs_SPI/sd_driver/sd_spi.c.obj
                0x000000001000bf94                sd_spi_go_high_frequency
 .text.sd_spi_go_low_frequency
                0x000000001000bfb4       0x24 CMakeFiles/SYNTH.dir/lib/no-OS-FatFS-SD-SPI-RPi-Pico/FatFs_SPI/sd_driver/sd_spi.c.obj
                0x000000001000bfb4                sd_spi_go_low_frequency
 .text.sd_spi_deselect_pulse
                0x000000001000bfd8       0x10 CMakeFiles/SYNTH.dir/lib/no-OS-FatFS-SD-SPI-RPi-Pico/FatFs_SPI/sd_driver/sd_spi.c.obj
                0x000000001000bfd8                sd_spi_deselect_pulse
 .text.sd_spi_acquire
                0x000000001000bfe8       0x10 CMakeFiles/SYNTH.dir/lib/no-OS-FatFS-SD-SPI-RPi-Pico/FatFs_SPI/sd_driver/sd_spi.c.obj
                0x000000001000bfe8                sd_spi_acquire
 .text.sd_spi_release
                0x000000001000bff8       0x10 CMakeFiles/SYNTH.dir/lib/no-OS-FatFS-SD-SPI-RPi-Pico/FatFs_SPI/sd_driver/sd_spi.c.obj
                0x000000001000bff8                sd_spi_release
 .text.sd_spi_transfer
                0x000000001000c008        0xa CMakeFiles/SYNTH.dir/lib/no-OS-FatFS-SD-SPI-RPi-Pico/FatFs_SPI/sd_driver/sd_spi.c.obj
                0x000000001000c008                sd_spi_transfer
 *fill*         0x000000001000c012        0x2 
 .text.sd_spi_write
                0x000000001000c014       0x44 CMakeFiles/SYNTH.dir/lib/no-OS-FatFS-SD-SPI-RPi-Pico/FatFs_SPI/sd_driver/sd_spi.c.obj
                0x000000001000c014                sd_spi_write
 .text.sd_spi_send_initializing_sequence
                0x000000001000c058       0xc0 CMakeFiles/SYNTH.dir/lib/no-OS-FatFS-SD-SPI-RPi-Pico/FatFs_SPI/sd_driver/sd_spi.c.obj
                0x000000001000c058                sd_spi_send_initializing_sequence
 .text.spi_get_by_rx_dma
                0x000000001000c118       0x2a CMakeFiles/SYNTH.dir/lib/no-OS-FatFS-SD-SPI-RPi-Pico/FatFs_SPI/sd_driver/spi.c.obj
 *fill*         0x000000001000c142        0x2 
 .text.spi_lock
                0x000000001000c144       0x30 CMakeFiles/SYNTH.dir/lib/no-OS-FatFS-SD-SPI-RPi-Pico/FatFs_SPI/sd_driver/spi.c.obj
                0x000000001000c144                spi_lock
 .text.spi_unlock
                0x000000001000c174       0x30 CMakeFiles/SYNTH.dir/lib/no-OS-FatFS-SD-SPI-RPi-Pico/FatFs_SPI/sd_driver/spi.c.obj
                0x000000001000c174                spi_unlock
 .text.my_spi_init
                0x000000001000c1a4      0x254 CMakeFiles/SYNTH.dir/lib/no-OS-FatFS-SD-SPI-RPi-Pico/FatFs_SPI/sd_driver/spi.c.obj
                0x000000001000c1a4                my_spi_init
 .text.ext_bits
                0x000000001000c3f8       0x30 CMakeFiles/SYNTH.dir/lib/no-OS-FatFS-SD-SPI-RPi-Pico/FatFs_SPI/sd_driver/sd_card.c.obj
 .text.sd_ctor  0x000000001000c428       0x28 CMakeFiles/SYNTH.dir/lib/no-OS-FatFS-SD-SPI-RPi-Pico/FatFs_SPI/sd_driver/sd_card.c.obj
 .text.sd_lock  0x000000001000c450       0x30 CMakeFiles/SYNTH.dir/lib/no-OS-FatFS-SD-SPI-RPi-Pico/FatFs_SPI/sd_driver/sd_card.c.obj
 .text.sd_acquire
                0x000000001000c480       0x10 CMakeFiles/SYNTH.dir/lib/no-OS-FatFS-SD-SPI-RPi-Pico/FatFs_SPI/sd_driver/sd_card.c.obj
 .text.sd_cmd_spi
                0x000000001000c490       0x74 CMakeFiles/SYNTH.dir/lib/no-OS-FatFS-SD-SPI-RPi-Pico/FatFs_SPI/sd_driver/sd_card.c.obj
 .text.sd_unlock
                0x000000001000c504       0x30 CMakeFiles/SYNTH.dir/lib/no-OS-FatFS-SD-SPI-RPi-Pico/FatFs_SPI/sd_driver/sd_card.c.obj
 .text.sd_release
                0x000000001000c534       0x10 CMakeFiles/SYNTH.dir/lib/no-OS-FatFS-SD-SPI-RPi-Pico/FatFs_SPI/sd_driver/sd_card.c.obj
 .text.sd_wait_token
                0x000000001000c544       0x9c CMakeFiles/SYNTH.dir/lib/no-OS-FatFS-SD-SPI-RPi-Pico/FatFs_SPI/sd_driver/sd_card.c.obj
 .text.sd_read_bytes
                0x000000001000c5e0       0x90 CMakeFiles/SYNTH.dir/lib/no-OS-FatFS-SD-SPI-RPi-Pico/FatFs_SPI/sd_driver/sd_card.c.obj
 .text.sd_read_block
                0x000000001000c670       0x88 CMakeFiles/SYNTH.dir/lib/no-OS-FatFS-SD-SPI-RPi-Pico/FatFs_SPI/sd_driver/sd_card.c.obj
 .text.sd_wait_ready
                0x000000001000c6f8       0xc0 CMakeFiles/SYNTH.dir/lib/no-OS-FatFS-SD-SPI-RPi-Pico/FatFs_SPI/sd_driver/sd_card.c.obj
 .text.sd_cmd   0x000000001000c7b8      0x2f0 CMakeFiles/SYNTH.dir/lib/no-OS-FatFS-SD-SPI-RPi-Pico/FatFs_SPI/sd_driver/sd_card.c.obj
 .text.sd_cmd8  0x000000001000caa8       0x50 CMakeFiles/SYNTH.dir/lib/no-OS-FatFS-SD-SPI-RPi-Pico/FatFs_SPI/sd_driver/sd_card.c.obj
 .text.sd_sectors_nolock
                0x000000001000caf8      0x148 CMakeFiles/SYNTH.dir/lib/no-OS-FatFS-SD-SPI-RPi-Pico/FatFs_SPI/sd_driver/sd_card.c.obj
 .text.in_sd_read_blocks
                0x000000001000cc40       0xbc CMakeFiles/SYNTH.dir/lib/no-OS-FatFS-SD-SPI-RPi-Pico/FatFs_SPI/sd_driver/sd_card.c.obj
 .text.sd_read_blocks
                0x000000001000ccfc       0x2e CMakeFiles/SYNTH.dir/lib/no-OS-FatFS-SD-SPI-RPi-Pico/FatFs_SPI/sd_driver/sd_card.c.obj
                0x000000001000ccfc                sd_read_blocks
 *fill*         0x000000001000cd2a        0x2 
 .text.sd_go_idle_state
                0x000000001000cd2c       0x44 CMakeFiles/SYNTH.dir/lib/no-OS-FatFS-SD-SPI-RPi-Pico/FatFs_SPI/sd_driver/sd_card.c.obj
 .text.sd_init_medium
                0x000000001000cd70      0x188 CMakeFiles/SYNTH.dir/lib/no-OS-FatFS-SD-SPI-RPi-Pico/FatFs_SPI/sd_driver/sd_card.c.obj
 .text.sd_write_block
                0x000000001000cef8       0x88 CMakeFiles/SYNTH.dir/lib/no-OS-FatFS-SD-SPI-RPi-Pico/FatFs_SPI/sd_driver/sd_card.c.obj
 .text.in_sd_write_blocks
                0x000000001000cf80       0xf8 CMakeFiles/SYNTH.dir/lib/no-OS-FatFS-SD-SPI-RPi-Pico/FatFs_SPI/sd_driver/sd_card.c.obj
 .text.sd_write_blocks
                0x000000001000d078       0x2e CMakeFiles/SYNTH.dir/lib/no-OS-FatFS-SD-SPI-RPi-Pico/FatFs_SPI/sd_driver/sd_card.c.obj
                0x000000001000d078                sd_write_blocks
 *fill*         0x000000001000d0a6        0x2 
 .text.sd_card_detect
                0x000000001000d0a8       0x50 CMakeFiles/SYNTH.dir/lib/no-OS-FatFS-SD-SPI-RPi-Pico/FatFs_SPI/sd_driver/sd_card.c.obj
                0x000000001000d0a8                sd_card_detect
 .text.sd_init  0x000000001000d0f8       0xe8 CMakeFiles/SYNTH.dir/lib/no-OS-FatFS-SD-SPI-RPi-Pico/FatFs_SPI/sd_driver/sd_card.c.obj
 .text.sd_sectors
                0x000000001000d1e0       0x1e CMakeFiles/SYNTH.dir/lib/no-OS-FatFS-SD-SPI-RPi-Pico/FatFs_SPI/sd_driver/sd_card.c.obj
                0x000000001000d1e0                sd_sectors
 *fill*         0x000000001000d1fe        0x2 
 .text.sd_init_driver
                0x000000001000d200       0xc0 CMakeFiles/SYNTH.dir/lib/no-OS-FatFS-SD-SPI-RPi-Pico/FatFs_SPI/sd_driver/sd_card.c.obj
                0x000000001000d200                sd_init_driver
 .text.crc7     0x000000001000d2c0       0x20 CMakeFiles/SYNTH.dir/lib/no-OS-FatFS-SD-SPI-RPi-Pico/FatFs_SPI/sd_driver/crc.c.obj
                0x000000001000d2c0                crc7
 .text.crc16    0x000000001000d2e0       0x28 CMakeFiles/SYNTH.dir/lib/no-OS-FatFS-SD-SPI-RPi-Pico/FatFs_SPI/sd_driver/crc.c.obj
                0x000000001000d2e0                crc16
 .text.sdrc2dresult
                0x000000001000d308       0x60 CMakeFiles/SYNTH.dir/lib/no-OS-FatFS-SD-SPI-RPi-Pico/FatFs_SPI/src/glue.c.obj
 .text.disk_status
                0x000000001000d368       0x16 CMakeFiles/SYNTH.dir/lib/no-OS-FatFS-SD-SPI-RPi-Pico/FatFs_SPI/src/glue.c.obj
                0x000000001000d368                disk_status
 .text.disk_initialize
                0x000000001000d37e       0x2a CMakeFiles/SYNTH.dir/lib/no-OS-FatFS-SD-SPI-RPi-Pico/FatFs_SPI/src/glue.c.obj
                0x000000001000d37e                disk_initialize
 .text.disk_read
                0x000000001000d3a8       0x32 CMakeFiles/SYNTH.dir/lib/no-OS-FatFS-SD-SPI-RPi-Pico/FatFs_SPI/src/glue.c.obj
                0x000000001000d3a8                disk_read
 .text.disk_write
                0x000000001000d3da       0x32 CMakeFiles/SYNTH.dir/lib/no-OS-FatFS-SD-SPI-RPi-Pico/FatFs_SPI/src/glue.c.obj
                0x000000001000d3da                disk_write
 .text.disk_ioctl
                0x000000001000d40c       0x4c CMakeFiles/SYNTH.dir/lib/no-OS-FatFS-SD-SPI-RPi-Pico/FatFs_SPI/src/glue.c.obj
                0x000000001000d40c                disk_ioctl
 .text.my_printf
                0x000000001000d458       0x4c CMakeFiles/SYNTH.dir/lib/no-OS-FatFS-SD-SPI-RPi-Pico/FatFs_SPI/src/my_debug.c.obj
                0x000000001000d458                my_printf
 .text.my_assert_func
                0x000000001000d4a4       0x2c CMakeFiles/SYNTH.dir/lib/no-OS-FatFS-SD-SPI-RPi-Pico/FatFs_SPI/src/my_debug.c.obj
                0x000000001000d4a4                my_assert_func
 .text.get_fattime
                0x000000001000d4d0       0x6c CMakeFiles/SYNTH.dir/lib/no-OS-FatFS-SD-SPI-RPi-Pico/FatFs_SPI/src/rtc.c.obj
                0x000000001000d4d0                get_fattime
 .text.dma_claim_unused_channel
                0x000000001000d53c       0x20 CMakeFiles/SYNTH.dir/Users/landonburk/pico/pico-sdk/src/rp2_common/hardware_dma/dma.c.obj
                0x000000001000d53c                dma_claim_unused_channel
 .text.rtc_running
                0x000000001000d55c       0x10 CMakeFiles/SYNTH.dir/Users/landonburk/pico/pico-sdk/src/rp2_common/hardware_rtc/rtc.c.obj
                0x000000001000d55c                rtc_running
 .text.rtc_get_datetime
                0x000000001000d56c       0x4c CMakeFiles/SYNTH.dir/Users/landonburk/pico/pico-sdk/src/rp2_common/hardware_rtc/rtc.c.obj
                0x000000001000d56c                rtc_get_datetime
 .text.atoi     0x000000001000d5b8        0xc /usr/local/Cellar/arm-none-eabi-gcc/10.3-2021.07/gcc/bin/../lib/gcc/arm-none-eabi/10.3.1/../../../../arm-none-eabi/lib/thumb/v6-m/nofp/libg.a(lib_a-atoi.o)
                0x000000001000d5b8                atoi
 .text.__errno  0x000000001000d5c4        0xc /usr/local/Cellar/arm-none-eabi-gcc/10.3-2021.07/gcc/bin/../lib/gcc/arm-none-eabi/10.3.1/../../../../arm-none-eabi/lib/thumb/v6-m/nofp/libg.a(lib_a-errno.o)
                0x000000001000d5c4                __errno
 .text.__sflush_r
                0x000000001000d5d0      0x140 /usr/local/Cellar/arm-none-eabi-gcc/10.3-2021.07/gcc/bin/../lib/gcc/arm-none-eabi/10.3.1/../../../../arm-none-eabi/lib/thumb/v6-m/nofp/libg.a(lib_a-fflush.o)
                0x000000001000d5d0                __sflush_r
 .text._fflush_r
                0x000000001000d710       0x6c /usr/local/Cellar/arm-none-eabi-gcc/10.3-2021.07/gcc/bin/../lib/gcc/arm-none-eabi/10.3.1/../../../../arm-none-eabi/lib/thumb/v6-m/nofp/libg.a(lib_a-fflush.o)
                0x000000001000d710                _fflush_r
 .text.fflush   0x000000001000d77c       0x78 /usr/local/Cellar/arm-none-eabi-gcc/10.3-2021.07/gcc/bin/../lib/gcc/arm-none-eabi/10.3.1/../../../../arm-none-eabi/lib/thumb/v6-m/nofp/libg.a(lib_a-fflush.o)
                0x000000001000d77c                fflush
 .text._cleanup_r
                0x000000001000d7f4       0x10 /usr/local/Cellar/arm-none-eabi-gcc/10.3-2021.07/gcc/bin/../lib/gcc/arm-none-eabi/10.3.1/../../../../arm-none-eabi/lib/thumb/v6-m/nofp/libg.a(lib_a-findfp.o)
                0x000000001000d7f4                _cleanup_r
 .text.__sinit  0x000000001000d804      0x120 /usr/local/Cellar/arm-none-eabi-gcc/10.3-2021.07/gcc/bin/../lib/gcc/arm-none-eabi/10.3.1/../../../../arm-none-eabi/lib/thumb/v6-m/nofp/libg.a(lib_a-findfp.o)
                0x000000001000d804                __sinit
 .text.__sfp_lock_acquire
                0x000000001000d924       0x10 /usr/local/Cellar/arm-none-eabi-gcc/10.3-2021.07/gcc/bin/../lib/gcc/arm-none-eabi/10.3.1/../../../../arm-none-eabi/lib/thumb/v6-m/nofp/libg.a(lib_a-findfp.o)
                0x000000001000d924                __sfp_lock_acquire
 .text.__sfp_lock_release
                0x000000001000d934       0x10 /usr/local/Cellar/arm-none-eabi-gcc/10.3-2021.07/gcc/bin/../lib/gcc/arm-none-eabi/10.3.1/../../../../arm-none-eabi/lib/thumb/v6-m/nofp/libg.a(lib_a-findfp.o)
                0x000000001000d934                __sfp_lock_release
 .text._malloc_trim_r
                0x000000001000d944       0x9c /usr/local/Cellar/arm-none-eabi-gcc/10.3-2021.07/gcc/bin/../lib/gcc/arm-none-eabi/10.3.1/../../../../arm-none-eabi/lib/thumb/v6-m/nofp/libg.a(lib_a-freer.o)
                0x000000001000d944                _malloc_trim_r
 .text._free_r  0x000000001000d9e0      0x1c4 /usr/local/Cellar/arm-none-eabi-gcc/10.3-2021.07/gcc/bin/../lib/gcc/arm-none-eabi/10.3.1/../../../../arm-none-eabi/lib/thumb/v6-m/nofp/libg.a(lib_a-freer.o)
                0x000000001000d9e0                _free_r
 .text._fwalk_reent
                0x000000001000dba4       0x48 /usr/local/Cellar/arm-none-eabi-gcc/10.3-2021.07/gcc/bin/../lib/gcc/arm-none-eabi/10.3.1/../../../../arm-none-eabi/lib/thumb/v6-m/nofp/libg.a(lib_a-fwalk.o)
                0x000000001000dba4                _fwalk_reent
 .text.__retarget_lock_init_recursive
                0x000000001000dbec        0x4 /usr/local/Cellar/arm-none-eabi-gcc/10.3-2021.07/gcc/bin/../lib/gcc/arm-none-eabi/10.3.1/../../../../arm-none-eabi/lib/thumb/v6-m/nofp/libg.a(lib_a-lock.o)
                0x000000001000dbec                __retarget_lock_init_recursive
 .text.__retarget_lock_close_recursive
                0x000000001000dbf0        0x4 /usr/local/Cellar/arm-none-eabi-gcc/10.3-2021.07/gcc/bin/../lib/gcc/arm-none-eabi/10.3.1/../../../../arm-none-eabi/lib/thumb/v6-m/nofp/libg.a(lib_a-lock.o)
                0x000000001000dbf0                __retarget_lock_close_recursive