Archive member included to satisfy reference by file (symbol)

c:/vsarm/armcc/1213fb~1.2mp/bin/../lib/gcc/arm-none-eabi/12.2.0/thumb/v6-m/nofp\libgcc.a(_dvmd_tls.o)
                              CMakeFiles/SYNTH.dir/C_/VSARM/sdk/pico/pico-sdk/src/rp2_common/pico_divider/divider.S.obj (__aeabi_idiv0)
c:/vsarm/armcc/1213fb~1.2mp/bin/../lib/gcc/arm-none-eabi/12.2.0/thumb/v6-m/nofp\libg.a(libc_a-atoi.o)
                              CMakeFiles/SYNTH.dir/main.c.obj (atoi)
c:/vsarm/armcc/1213fb~1.2mp/bin/../lib/gcc/arm-none-eabi/12.2.0/thumb/v6-m/nofp\libg.a(libc_a-calloc.o)
                              CMakeFiles/SYNTH.dir/C_/VSARM/sdk/pico/pico-sdk/src/rp2_common/pico_malloc/pico_malloc.c.obj (calloc)
c:/vsarm/armcc/1213fb~1.2mp/bin/../lib/gcc/arm-none-eabi/12.2.0/thumb/v6-m/nofp\libg.a(libc_a-callocr.o)
                              c:/vsarm/armcc/1213fb~1.2mp/bin/../lib/gcc/arm-none-eabi/12.2.0/thumb/v6-m/nofp\libg.a(libc_a-calloc.o) (_calloc_r)
c:/vsarm/armcc/1213fb~1.2mp/bin/../lib/gcc/arm-none-eabi/12.2.0/thumb/v6-m/nofp\libg.a(libc_a-malloc.o)
                              CMakeFiles/SYNTH.dir/C_/VSARM/sdk/pico/pico-sdk/src/rp2_common/pico_malloc/pico_malloc.c.obj (malloc)
c:/vsarm/armcc/1213fb~1.2mp/bin/../lib/gcc/arm-none-eabi/12.2.0/thumb/v6-m/nofp\libg.a(libc_a-mallocr.o)
                              c:/vsarm/armcc/1213fb~1.2mp/bin/../lib/gcc/arm-none-eabi/12.2.0/thumb/v6-m/nofp\libg.a(libc_a-callocr.o) (_malloc_r)
c:/vsarm/armcc/1213fb~1.2mp/bin/../lib/gcc/arm-none-eabi/12.2.0/thumb/v6-m/nofp\libg.a(libc_a-mlock.o)
                              c:/vsarm/armcc/1213fb~1.2mp/bin/../lib/gcc/arm-none-eabi/12.2.0/thumb/v6-m/nofp\libg.a(libc_a-mallocr.o) (__malloc_lock)
c:/vsarm/armcc/1213fb~1.2mp/bin/../lib/gcc/arm-none-eabi/12.2.0/thumb/v6-m/nofp\libg.a(libc_a-realloc.o)
                              CMakeFiles/SYNTH.dir/C_/VSARM/sdk/pico/pico-sdk/src/rp2_common/pico_malloc/pico_malloc.c.obj (realloc)
c:/vsarm/armcc/1213fb~1.2mp/bin/../lib/gcc/arm-none-eabi/12.2.0/thumb/v6-m/nofp\libg.a(libc_a-reallocr.o)
                              c:/vsarm/armcc/1213fb~1.2mp/bin/../lib/gcc/arm-none-eabi/12.2.0/thumb/v6-m/nofp\libg.a(libc_a-realloc.o) (_realloc_r)
c:/vsarm/armcc/1213fb~1.2mp/bin/../lib/gcc/arm-none-eabi/12.2.0/thumb/v6-m/nofp\libg.a(libc_a-strtol.o)
                              c:/vsarm/armcc/1213fb~1.2mp/bin/../lib/gcc/arm-none-eabi/12.2.0/thumb/v6-m/nofp\libg.a(libc_a-atoi.o) (_strtol_r)
c:/vsarm/armcc/1213fb~1.2mp/bin/../lib/gcc/arm-none-eabi/12.2.0/thumb/v6-m/nofp\libg.a(libc_a-ctype_.o)
                              CMakeFiles/SYNTH.dir/C_/VSARM/sdk/pico/pico-sdk/lib/tinyusb/src/tusb.c.obj (_ctype_)
c:/vsarm/armcc/1213fb~1.2mp/bin/../lib/gcc/arm-none-eabi/12.2.0/thumb/v6-m/nofp\libg.a(libc_a-fflush.o)
                              CMakeFiles/SYNTH.dir/lib/no-OS-FatFS-SD-SPI-RPi-Pico/FatFs_SPI/sd_driver/demo_logging.c.obj (fflush)
c:/vsarm/armcc/1213fb~1.2mp/bin/../lib/gcc/arm-none-eabi/12.2.0/thumb/v6-m/nofp\libg.a(libc_a-findfp.o)
                              c:/vsarm/armcc/1213fb~1.2mp/bin/../lib/gcc/arm-none-eabi/12.2.0/thumb/v6-m/nofp\libg.a(libc_a-fflush.o) (__sglue)
c:/vsarm/armcc/1213fb~1.2mp/bin/../lib/gcc/arm-none-eabi/12.2.0/thumb/v6-m/nofp\libg.a(libc_a-fwalk.o)
                              c:/vsarm/armcc/1213fb~1.2mp/bin/../lib/gcc/arm-none-eabi/12.2.0/thumb/v6-m/nofp\libg.a(libc_a-fflush.o) (_fwalk_sglue)
c:/vsarm/armcc/1213fb~1.2mp/bin/../lib/gcc/arm-none-eabi/12.2.0/thumb/v6-m/nofp\libg.a(libc_a-stdio.o)
                              c:/vsarm/armcc/1213fb~1.2mp/bin/../lib/gcc/arm-none-eabi/12.2.0/thumb/v6-m/nofp\libg.a(libc_a-findfp.o) (__sread)
c:/vsarm/armcc/1213fb~1.2mp/bin/../lib/gcc/arm-none-eabi/12.2.0/thumb/v6-m/nofp\libg.a(libc_a-memcmp.o)
                              CMakeFiles/SYNTH.dir/lib/no-OS-FatFS-SD-SPI-RPi-Pico/FatFs_SPI/ff15/source/ff.c.obj (memcmp)
c:/vsarm/armcc/1213fb~1.2mp/bin/../lib/gcc/arm-none-eabi/12.2.0/thumb/v6-m/nofp\libg.a(libc_a-memmove.o)
                              c:/vsarm/armcc/1213fb~1.2mp/bin/../lib/gcc/arm-none-eabi/12.2.0/thumb/v6-m/nofp\libg.a(libc_a-reallocr.o) (memmove)
c:/vsarm/armcc/1213fb~1.2mp/bin/../lib/gcc/arm-none-eabi/12.2.0/thumb/v6-m/nofp\libg.a(libc_a-strchr.o)
                              CMakeFiles/SYNTH.dir/lib/no-OS-FatFS-SD-SPI-RPi-Pico/FatFs_SPI/ff15/source/ff.c.obj (strchr)
c:/vsarm/armcc/1213fb~1.2mp/bin/../lib/gcc/arm-none-eabi/12.2.0/thumb/v6-m/nofp\libg.a(libc_a-strncpy.o)
                              CMakeFiles/SYNTH.dir/lib/no-OS-FatFS-SD-SPI-RPi-Pico/FatFs_SPI/src/ff_stdio.c.obj (strncpy)
c:/vsarm/armcc/1213fb~1.2mp/bin/../lib/gcc/arm-none-eabi/12.2.0/thumb/v6-m/nofp\libg.a(libc_a-strtok.o)
                              CMakeFiles/SYNTH.dir/main.c.obj (strtok)
c:/vsarm/armcc/1213fb~1.2mp/bin/../lib/gcc/arm-none-eabi/12.2.0/thumb/v6-m/nofp\libg.a(libc_a-strtok_r.o)
[...]
Memory Configuration

Name             Origin             Length             Attributes
FLASH            0x10000000         0x00200000         xr
RAM              0x20000000         0x00040000         xrw
SCRATCH_X        0x20040000         0x00001000         xrw
SCRATCH_Y        0x20041000         0x00001000         xrw
*default*        0x00000000         0xffffffff

Linker script and memory map

LOAD c:/vsarm/armcc/1213fb~1.2mp/bin/../lib/gcc/arm-none-eabi/12.2.0/thumb/v6-m/nofp/crti.o
LOAD c:/vsarm/armcc/1213fb~1.2mp/bin/../lib/gcc/arm-none-eabi/12.2.0/thumb/v6-m/nofp/crtbegin.o
LOAD c:/vsarm/armcc/1213fb~1.2mp/bin/../lib/gcc/arm-none-eabi/12.2.0/thumb/v6-m/nofp/crt0.o

.flash_begin    0x10000000        0x0
                0x10000000                        __flash_binary_start = .

.boot2          0x10000000      0x100
                0x10000000                        __boot2_start__ = .
 *(.boot2)
 .boot2         0x10000000      0x100 C:\Users\lando\AppData\Local\Temp\ccGvtdGS.o
                0x10000100                        __boot2_end__ = .
                0x00000001                        ASSERT (((__boot2_end__ - __boot2_start__) == 0x100), ERROR: Pico second stage bootloader must be 256 bytes in size)

.text           0x10000100     0xef50
                0x10000100                        __logical_binary_start = .
 *(.vectors)
 .vectors       0x10000100       0xd4 CMakeFiles/SYNTH.dir/C_/VSARM/sdk/pico/pico-sdk/src/rp2_common/pico_standard_link/crt0.S.obj
                0x10000100                __VECTOR_TABLE
                0x10000100                __vectors
                0x100001c0                isr_invalid
                0x100001c0                __default_isrs_start
                0x100001c2                isr_nmi
                0x100001c4                isr_hardfault
                0x100001c6                isr_svcall
                0x100001c8                isr_pendsv
                0x100001ca                isr_systick
                0x100001cc                isr_irq23
                0x100001cc                isr_irq18
                0x100001cc                isr_irq11
                0x100001cc                isr_irq28
                0x100001cc                isr_irq19
                0x100001cc                isr_irq0
                0x100001cc                isr_irq6
                0x100001cc                isr_irq5
                0x100001cc                isr_irq12
                0x100001cc                isr_irq22
                0x100001cc                isr_irq31
                0x100001cc                isr_irq17
                0x100001cc                isr_irq27
                0x100001cc                isr_irq30
                0x100001cc                isr_irq2
                0x100001cc                isr_irq10
                0x100001cc                isr_irq8
                0x100001cc                isr_irq24
                0x100001cc                isr_irq1
                0x100001cc                isr_irq7
                0x100001cc                isr_irq21
                0x100001cc                isr_irq20
                0x100001cc                isr_irq15
                0x100001cc                isr_irq25
                0x100001cc                isr_irq13
                0x100001cc                __unhandled_user_irq
                0x100001cc                isr_irq4
                0x100001cc                isr_irq16
                0x100001cc                isr_irq29
                0x100001cc                isr_irq26
                0x100001cc                __default_isrs_end
                0x100001cc                isr_irq3
                0x100001cc                isr_irq14
                0x100001cc                isr_irq9
                0x100001d2                unhandled_user_irq_num_in_r0
 *(.binary_info_header)
 .binary_info_header
                0x100001d4       0x14 CMakeFiles/SYNTH.dir/C_/VSARM/sdk/pico/pico-sdk/src/rp2_common/pico_standard_link/crt0.S.obj
                0x100001e8                        __binary_info_header_end = .
 *(.reset)
 .reset         0x100001e8       0xa8 CMakeFiles/SYNTH.dir/C_/VSARM/sdk/pico/pico-sdk/src/rp2_common/pico_standard_link/crt0.S.obj
                0x100001e8                _entry_point
                0x10000266                __get_current_exception
 .reset         0x10000290       0x30 CMakeFiles/SYNTH.dir/C_/VSARM/sdk/pico/pico-sdk/src/rp2_common/pico_standard_link/binary_info.c.obj
 *(.init)
 .init          0x100002c0        0x4 c:/vsarm/armcc/1213fb~1.2mp/bin/../lib/gcc/arm-none-eabi/12.2.0/thumb/v6-m/nofp/crti.o
                0x100002c0                _init
 *(EXCLUDE_FILE(*libm.a: *libc.a:*lib_a-mem*.o *libgcc.a:) .text*)
 .text.register_tm_clones
                0x100002c4       0x28 c:/vsarm/armcc/1213fb~1.2mp/bin/../lib/gcc/arm-none-eabi/12.2.0/thumb/v6-m/nofp/crtbegin.o
 .text.frame_dummy
                0x100002ec       0x24 c:/vsarm/armcc/1213fb~1.2mp/bin/../lib/gcc/arm-none-eabi/12.2.0/thumb/v6-m/nofp/crtbegin.o
 .text.pwm_init
                0x10000310       0x34 CMakeFiles/SYNTH.dir/main.c.obj
 .text.pwm_get_default_config
                0x10000344       0x18 CMakeFiles/SYNTH.dir/main.c.obj
 .text.pwm_set_chan_level
                0x1000035c       0x40 CMakeFiles/SYNTH.dir/main.c.obj
 .text.repeating_timer_callback
                0x1000039c       0xf8 CMakeFiles/SYNTH.dir/main.c.obj
                0x1000039c                repeating_timer_callback
 .text.pwm_irh  0x10000494       0x50 CMakeFiles/SYNTH.dir/main.c.obj
                0x10000494                pwm_irh
 .text.add_repeating_timer_ms
                0x100004e4       0x3c CMakeFiles/SYNTH.dir/main.c.obj
 .text.printMenuOptions
                0x10000520       0x98 CMakeFiles/SYNTH.dir/main.c.obj
                0x10000520                printMenuOptions
 .text.menuButtons_init
                0x100005b8       0x58 CMakeFiles/SYNTH.dir/main.c.obj
                0x100005b8                menuButtons_init
 .text.main     0x10000610      0xf08 CMakeFiles/SYNTH.dir/main.c.obj
                0x10000610                main
 .text.reg_write
                0x10001518       0x18 CMakeFiles/SYNTH.dir/LCD.c.obj
                0x10001518                reg_write
 .text.reg_read
                0x10001530       0x5e CMakeFiles/SYNTH.dir/LCD.c.obj
                0x10001530                reg_read
 *fill*         0x1000158e        0x2 
 .text.LCD_WriteData_word
                0x10001590       0x3c CMakeFiles/SYNTH.dir/LCD.c.obj
                0x10001590                LCD_WriteData_word
 .text.LCD_WriteData_Byte
                0x100015cc       0x30 CMakeFiles/SYNTH.dir/LCD.c.obj
                0x100015cc                LCD_WriteData_Byte
 .text.LCD_Write_Command
                0x100015fc       0x28 CMakeFiles/SYNTH.dir/LCD.c.obj
                0x100015fc                LCD_Write_Command
 .text.LCD_SetCursor
                0x10001624       0x52 CMakeFiles/SYNTH.dir/LCD.c.obj
                0x10001624                LCD_SetCursor
 .text.LCD_SetWindow
                0x10001676       0x5e CMakeFiles/SYNTH.dir/LCD.c.obj
                0x10001676                LCD_SetWindow
 .text.LCD_clear
                0x100016d4       0x4c CMakeFiles/SYNTH.dir/LCD.c.obj
                0x100016d4                LCD_clear
 .text.LCD_Reset
                0x10001720       0x30 CMakeFiles/SYNTH.dir/LCD.c.obj
                0x10001720                LCD_Reset
 .text.LCD_init
                0x10001750      0x26c CMakeFiles/SYNTH.dir/LCD.c.obj
                0x10001750                LCD_init
 .text.LCD_DrawPaint
                0x100019bc       0x10 CMakeFiles/SYNTH.dir/LCD.c.obj
                0x100019bc                LCD_DrawPaint
 .text.Paint_DrawImage
                0x100019cc       0x62 CMakeFiles/SYNTH.dir/LCD.c.obj
                0x100019cc                Paint_DrawImage
 .text.Paint_DrawPoint
                0x10001a2e       0xb2 CMakeFiles/SYNTH.dir/LCD.c.obj
                0x10001a2e                Paint_DrawPoint
 .text.Paint_DrawLine
                0x10001ae0       0xf4 CMakeFiles/SYNTH.dir/LCD.c.obj
                0x10001ae0                Paint_DrawLine
 .text.Paint_DrawRectangle
                0x10001bd4       0xb2 CMakeFiles/SYNTH.dir/LCD.c.obj
                0x10001bd4                Paint_DrawRectangle
 *fill*         0x10001c86        0x2 
 .text.Paint_DrawChar
                0x10001c88       0xcc CMakeFiles/SYNTH.dir/LCD.c.obj
                0x10001c88                Paint_DrawChar
 .text.Paint_DrawString_EN
                0x10001d54       0x42 CMakeFiles/SYNTH.dir/LCD.c.obj
                0x10001d54                Paint_DrawString_EN
 .text.oled_fill
                0x10001d96       0x12 CMakeFiles/SYNTH.dir/OLED.c.obj
                0x10001d96                oled_fill
 .text.oled_send_cmd
                0x10001da8       0x24 CMakeFiles/SYNTH.dir/OLED.c.obj
                0x10001da8                oled_send_cmd
 .text.oled_send_buf
                0x10001dcc       0x48 CMakeFiles/SYNTH.dir/OLED.c.obj
                0x10001dcc                oled_send_buf
 .text.oled_render
                0x10001e14       0x34 CMakeFiles/SYNTH.dir/OLED.c.obj
                0x10001e14                oled_render
 .text.calc_render_area_buflen
                0x10001e48       0x16 CMakeFiles/SYNTH.dir/OLED.c.obj
                0x10001e48                calc_render_area_buflen
 *fill*         0x10001e5e        0x2 
 .text.oled_init
                0x10001e60      0x120 CMakeFiles/SYNTH.dir/OLED.c.obj
                0x10001e60                oled_init
 .text.oled_setCursor
                0x10001f80       0x60 CMakeFiles/SYNTH.dir/OLED.c.obj
                0x10001f80                oled_setCursor
 .text.oled_WriteCharacter16
                0x10001fe0       0x7c CMakeFiles/SYNTH.dir/OLED.c.obj
                0x10001fe0                oled_WriteCharacter16
 .text.oled_WriteString16
                0x1000205c       0x24 CMakeFiles/SYNTH.dir/OLED.c.obj
                0x1000205c                oled_WriteString16
 .text.sd_get_num
                0x10002080        0x4 CMakeFiles/SYNTH.dir/hw_config.c.obj
                0x10002080                sd_get_num
 .text.sd_get_by_num
                0x10002084       0x20 CMakeFiles/SYNTH.dir/hw_config.c.obj
                0x10002084                sd_get_by_num
 .text.spi_get_num
                0x100020a4        0x4 CMakeFiles/SYNTH.dir/hw_config.c.obj
                0x100020a4                spi_get_num
 .text.spi_get_by_num
                0x100020a8       0x1c CMakeFiles/SYNTH.dir/hw_config.c.obj
                0x100020a8                spi_get_by_num
 .text.mcp23017_write_register
                0x100020c4       0x28 CMakeFiles/SYNTH.dir/MCP23017.c.obj
                0x100020c4                mcp23017_write_register
 .text.mcp23017_write_word
                0x100020ec       0x2c CMakeFiles/SYNTH.dir/MCP23017.c.obj
                0x100020ec                mcp23017_write_word
 .text.mcp23017_init
                0x10002118       0x84 CMakeFiles/SYNTH.dir/MCP23017.c.obj
                0x10002118                mcp23017_init
 .text.gpio_set_function
                0x1000219c       0x30 CMakeFiles/SYNTH.dir/C_/VSARM/sdk/pico/pico-sdk/src/rp2_common/hardware_gpio/gpio.c.obj
                0x1000219c                gpio_set_function
 .text.gpio_set_pulls
                0x100021cc       0x34 CMakeFiles/SYNTH.dir/C_/VSARM/sdk/pico/pico-sdk/src/rp2_common/hardware_gpio/gpio.c.obj
                0x100021cc                gpio_set_pulls
 .text.gpio_set_drive_strength
                0x10002200       0x20 CMakeFiles/SYNTH.dir/C_/VSARM/sdk/pico/pico-sdk/src/rp2_common/hardware_gpio/gpio.c.obj
                0x10002200                gpio_set_drive_strength
 .text.gpio_init
                0x10002220       0x16 CMakeFiles/SYNTH.dir/C_/VSARM/sdk/pico/pico-sdk/src/rp2_common/hardware_gpio/gpio.c.obj
                0x10002220                gpio_init
 *fill*         0x10002236        0x2 
 .text.hw_claim_lock
                0x10002238       0x18 CMakeFiles/SYNTH.dir/C_/VSARM/sdk/pico/pico-sdk/src/rp2_common/hardware_claim/claim.c.obj
                0x10002238                hw_claim_lock
 .text.hw_claim_unlock
                0x10002250       0x14 CMakeFiles/SYNTH.dir/C_/VSARM/sdk/pico/pico-sdk/src/rp2_common/hardware_claim/claim.c.obj
                0x10002250                hw_claim_unlock
 .text.hw_claim_or_assert
                0x10002264       0x32 CMakeFiles/SYNTH.dir/C_/VSARM/sdk/pico/pico-sdk/src/rp2_common/hardware_claim/claim.c.obj
                0x10002264                hw_claim_or_assert
 .text.hw_claim_unused_from_range
                0x10002296       0x50 CMakeFiles/SYNTH.dir/C_/VSARM/sdk/pico/pico-sdk/src/rp2_common/hardware_claim/claim.c.obj
                0x10002296                hw_claim_unused_from_range
 *fill*         0x100022e6        0x2 
 .text.running_on_fpga
                0x100022e8       0x14 CMakeFiles/SYNTH.dir/C_/VSARM/sdk/pico/pico-sdk/src/rp2_common/pico_platform/platform.c.obj
                0x100022e8                running_on_fpga
 .text.spin_locks_reset
                0x100022fc       0x20 CMakeFiles/SYNTH.dir/C_/VSARM/sdk/pico/pico-sdk/src/rp2_common/hardware_sync/sync.c.obj
                0x100022fc                spin_locks_reset
 .text.next_striped_spin_lock_num
                0x1000231c       0x1c CMakeFiles/SYNTH.dir/C_/VSARM/sdk/pico/pico-sdk/src/rp2_common/hardware_sync/sync.c.obj
                0x1000231c                next_striped_spin_lock_num
 .text.spin_lock_claim_unused
                0x10002338       0x24 CMakeFiles/SYNTH.dir/C_/VSARM/sdk/pico/pico-sdk/src/rp2_common/hardware_sync/sync.c.obj
                0x10002338                spin_lock_claim_unused
 .text.set_raw_irq_handler_and_unlock
                0x1000235c       0x28 CMakeFiles/SYNTH.dir/C_/VSARM/sdk/pico/pico-sdk/src/rp2_common/hardware_irq/irq.c.obj
 .text.resolve_branch
                0x10002384       0x30 CMakeFiles/SYNTH.dir/C_/VSARM/sdk/pico/pico-sdk/src/rp2_common/hardware_irq/irq.c.obj
 .text.make_branch
                0x100023b4       0x48 CMakeFiles/SYNTH.dir/C_/VSARM/sdk/pico/pico-sdk/src/rp2_common/hardware_irq/irq.c.obj
 .text.insert_branch_and_link
                0x100023fc       0x40 CMakeFiles/SYNTH.dir/C_/VSARM/sdk/pico/pico-sdk/src/rp2_common/hardware_irq/irq.c.obj
 .text.irq_is_enabled
                0x1000243c       0x18 CMakeFiles/SYNTH.dir/C_/VSARM/sdk/pico/pico-sdk/src/rp2_common/hardware_irq/irq.c.obj
                0x1000243c                irq_is_enabled
 .text.irq_set_mask_enabled
                0x10002454       0x20 CMakeFiles/SYNTH.dir/C_/VSARM/sdk/pico/pico-sdk/src/rp2_common/hardware_irq/irq.c.obj
                0x10002454                irq_set_mask_enabled
 .text.irq_set_enabled
                0x10002474        0xe CMakeFiles/SYNTH.dir/C_/VSARM/sdk/pico/pico-sdk/src/rp2_common/hardware_irq/irq.c.obj
                0x10002474                irq_set_enabled
 *fill*         0x10002482        0x2 
 .text.irq_set_pending
                0x10002484       0x10 CMakeFiles/SYNTH.dir/C_/VSARM/sdk/pico/pico-sdk/src/rp2_common/hardware_irq/irq.c.obj
                0x10002484                irq_set_pending
 .text.irq_get_vtable_handler
                0x10002494       0x10 CMakeFiles/SYNTH.dir/C_/VSARM/sdk/pico/pico-sdk/src/rp2_common/hardware_irq/irq.c.obj
                0x10002494                irq_get_vtable_handler
 .text.irq_has_shared_handler
                0x100024a4       0x24 CMakeFiles/SYNTH.dir/C_/VSARM/sdk/pico/pico-sdk/src/rp2_common/hardware_irq/irq.c.obj
                0x100024a4                irq_has_shared_handler
 .text.irq_set_exclusive_handler
                0x100024c8       0x54 CMakeFiles/SYNTH.dir/C_/VSARM/sdk/pico/pico-sdk/src/rp2_common/hardware_irq/irq.c.obj
                0x100024c8                irq_set_exclusive_handler
 .text.irq_add_shared_handler
                0x1000251c      0x210 CMakeFiles/SYNTH.dir/C_/VSARM/sdk/pico/pico-sdk/src/rp2_common/hardware_irq/irq.c.obj
                0x1000251c                irq_add_shared_handler
 .text.irq_remove_handler
                0x1000272c      0x188 CMakeFiles/SYNTH.dir/C_/VSARM/sdk/pico/pico-sdk/src/rp2_common/hardware_irq/irq.c.obj
                0x1000272c                irq_remove_handler
 .text.irq_add_tail_to_free_list
                0x100028b4       0xf0 CMakeFiles/SYNTH.dir/C_/VSARM/sdk/pico/pico-sdk/src/rp2_common/hardware_irq/irq.c.obj
                0x100028b4                irq_add_tail_to_free_list
 .text.irq_init_priorities
                0x100029a4       0x1c CMakeFiles/SYNTH.dir/C_/VSARM/sdk/pico/pico-sdk/src/rp2_common/hardware_irq/irq.c.obj
                0x100029a4                irq_init_priorities
 .text.user_irq_claim_unused
                0x100029c0       0x30 CMakeFiles/SYNTH.dir/C_/VSARM/sdk/pico/pico-sdk/src/rp2_common/hardware_irq/irq.c.obj
                0x100029c0                user_irq_claim_unused
 .text.update_us_since_boot
                0x100029f0       0x24 CMakeFiles/SYNTH.dir/C_/VSARM/sdk/pico/pico-sdk/src/common/pico_sync/sem.c.obj
 .text.get_absolute_time
                0x10002a14       0x22 CMakeFiles/SYNTH.dir/C_/VSARM/sdk/pico/pico-sdk/src/common/pico_sync/sem.c.obj
 .text.delayed_by_ms
                0x10002a36       0x46 CMakeFiles/SYNTH.dir/C_/VSARM/sdk/pico/pico-sdk/src/common/pico_sync/sem.c.obj
 .text.make_timeout_time_ms
                0x10002a7c       0x20 CMakeFiles/SYNTH.dir/C_/VSARM/sdk/pico/pico-sdk/src/common/pico_sync/sem.c.obj
 .text.sem_init
                0x10002a9c       0x1e CMakeFiles/SYNTH.dir/C_/VSARM/sdk/pico/pico-sdk/src/common/pico_sync/sem.c.obj
                0x10002a9c                sem_init
 *fill*         0x10002aba        0x2 
 .text.lock_init
                0x10002abc       0x10 CMakeFiles/SYNTH.dir/C_/VSARM/sdk/pico/pico-sdk/src/common/pico_sync/lock_core.c.obj
                0x10002abc                lock_init
 .text.time_reached
                0x10002acc       0x28 CMakeFiles/SYNTH.dir/C_/VSARM/sdk/pico/pico-sdk/src/common/pico_time/time.c.obj
 .text.get_entry
                0x10002af4       0x38 CMakeFiles/SYNTH.dir/C_/VSARM/sdk/pico/pico-sdk/src/common/pico_time/time.c.obj
 .text.timer_pool_entry_comparator
                0x10002b2c       0x2e CMakeFiles/SYNTH.dir/C_/VSARM/sdk/pico/pico-sdk/src/common/pico_time/time.c.obj
                0x10002b2c                timer_pool_entry_comparator
 *fill*         0x10002b5a        0x2 
 .text.update_us_since_boot
                0x10002b5c       0x24 CMakeFiles/SYNTH.dir/C_/VSARM/sdk/pico/pico-sdk/src/common/pico_time/time.c.obj
 .text.delayed_by_us
                0x10002b80       0x36 CMakeFiles/SYNTH.dir/C_/VSARM/sdk/pico/pico-sdk/src/common/pico_time/time.c.obj
 *fill*         0x10002bb6        0x2 
 .text.ph_get_node
                0x10002bb8       0x30 CMakeFiles/SYNTH.dir/C_/VSARM/sdk/pico/pico-sdk/src/common/pico_time/time.c.obj
 .text.ph_contains_node
                0x10002be8       0x1e CMakeFiles/SYNTH.dir/C_/VSARM/sdk/pico/pico-sdk/src/common/pico_time/time.c.obj
 .text.ph_new_node
                0x10002c06       0x28 CMakeFiles/SYNTH.dir/C_/VSARM/sdk/pico/pico-sdk/src/common/pico_time/time.c.obj
 *fill*         0x10002c2e        0x2 
 .text.ph_add_child_node
                0x10002c30       0x6c CMakeFiles/SYNTH.dir/C_/VSARM/sdk/pico/pico-sdk/src/common/pico_time/time.c.obj
 .text.ph_merge_nodes
                0x10002c9c       0x3e CMakeFiles/SYNTH.dir/C_/VSARM/sdk/pico/pico-sdk/src/common/pico_time/time.c.obj
 *fill*         0x10002cda        0x2 
 .text.ph_insert_node
                0x10002cdc       0x3c CMakeFiles/SYNTH.dir/C_/VSARM/sdk/pico/pico-sdk/src/common/pico_time/time.c.obj
 .text.ph_free_node
                0x10002d18       0x3c CMakeFiles/SYNTH.dir/C_/VSARM/sdk/pico/pico-sdk/src/common/pico_time/time.c.obj
 .text.get_entry_id_high
                0x10002d54       0x30 CMakeFiles/SYNTH.dir/C_/VSARM/sdk/pico/pico-sdk/src/common/pico_time/time.c.obj
 .text.repeating_timer_callback
                0x10002d84       0x40 CMakeFiles/SYNTH.dir/C_/VSARM/sdk/pico/pico-sdk/src/common/pico_time/time.c.obj
 .text.alarm_pool_post_alloc_init
                0x10002dc4       0x40 CMakeFiles/SYNTH.dir/C_/VSARM/sdk/pico/pico-sdk/src/common/pico_time/time.c.obj
 .text.sleep_until_callback
                0x10002e04       0x30 CMakeFiles/SYNTH.dir/C_/VSARM/sdk/pico/pico-sdk/src/common/pico_time/time.c.obj
 .text.get_absolute_time
                0x10002e34       0x22 CMakeFiles/SYNTH.dir/C_/VSARM/sdk/pico/pico-sdk/src/common/pico_time/time.c.obj
 .text.make_timeout_time_us
                0x10002e56       0x24 CMakeFiles/SYNTH.dir/C_/VSARM/sdk/pico/pico-sdk/src/common/pico_time/time.c.obj
 *fill*         0x10002e7a        0x2 
 .text.add_alarm_under_lock
                0x10002e7c       0x94 CMakeFiles/SYNTH.dir/C_/VSARM/sdk/pico/pico-sdk/src/common/pico_time/time.c.obj
 .text.alarm_pool_alarm_callback
                0x10002f10      0x20c CMakeFiles/SYNTH.dir/C_/VSARM/sdk/pico/pico-sdk/src/common/pico_time/time.c.obj
 .text.alarm_pool_init_default
                0x1000311c       0x38 CMakeFiles/SYNTH.dir/C_/VSARM/sdk/pico/pico-sdk/src/common/pico_time/time.c.obj
                0x1000311c                alarm_pool_init_default
 .text.alarm_pool_get_default
                0x10003154       0x2c CMakeFiles/SYNTH.dir/C_/VSARM/sdk/pico/pico-sdk/src/common/pico_time/time.c.obj
                0x10003154                alarm_pool_get_default
 .text.alarm_pool_add_alarm_at
                0x10003180      0x10e CMakeFiles/SYNTH.dir/C_/VSARM/sdk/pico/pico-sdk/src/common/pico_time/time.c.obj
                0x10003180                alarm_pool_add_alarm_at
 .text.add_alarm_at
                0x1000328e       0x2e CMakeFiles/SYNTH.dir/C_/VSARM/sdk/pico/pico-sdk/src/common/pico_time/time.c.obj
 .text.alarm_pool_cancel_alarm
                0x100032bc       0xa0 CMakeFiles/SYNTH.dir/C_/VSARM/sdk/pico/pico-sdk/src/common/pico_time/time.c.obj
                0x100032bc                alarm_pool_cancel_alarm
 .text.cancel_alarm
                0x1000335c       0x10 CMakeFiles/SYNTH.dir/C_/VSARM/sdk/pico/pico-sdk/src/common/pico_time/time.c.obj
 .text.alarm_pool_add_repeating_timer_us
                0x1000336c       0x5c CMakeFiles/SYNTH.dir/C_/VSARM/sdk/pico/pico-sdk/src/common/pico_time/time.c.obj
                0x1000336c                alarm_pool_add_repeating_timer_us
 .text.sleep_until
                0x100033c8       0xb0 CMakeFiles/SYNTH.dir/C_/VSARM/sdk/pico/pico-sdk/src/common/pico_time/time.c.obj
                0x100033c8                sleep_until
 .text.sleep_us
                0x10003478       0x1a CMakeFiles/SYNTH.dir/C_/VSARM/sdk/pico/pico-sdk/src/common/pico_time/time.c.obj
                0x10003478                sleep_us
 .text.sleep_ms
                0x10003492       0x14 CMakeFiles/SYNTH.dir/C_/VSARM/sdk/pico/pico-sdk/src/common/pico_time/time.c.obj
                0x10003492                sleep_ms
 *fill*         0x100034a6        0x2 
 .text.best_effort_wfe_or_timeout
                0x100034a8       0x38 CMakeFiles/SYNTH.dir/C_/VSARM/sdk/pico/pico-sdk/src/common/pico_time/time.c.obj
                0x100034a8                best_effort_wfe_or_timeout
 .text.update_us_since_boot
                0x100034e0       0x24 CMakeFiles/SYNTH.dir/C_/VSARM/sdk/pico/pico-sdk/src/rp2_common/hardware_timer/timer.c.obj
 .text.hardware_alarm_irq_handler
                0x10003504       0x88 CMakeFiles/SYNTH.dir/C_/VSARM/sdk/pico/pico-sdk/src/rp2_common/hardware_timer/timer.c.obj
 .text.hardware_alarm_claim
                0x1000358c       0x18 CMakeFiles/SYNTH.dir/C_/VSARM/sdk/pico/pico-sdk/src/rp2_common/hardware_timer/timer.c.obj
                0x1000358c                hardware_alarm_claim
 .text.time_us_64
                0x100035a4       0x18 CMakeFiles/SYNTH.dir/C_/VSARM/sdk/pico/pico-sdk/src/rp2_common/hardware_timer/timer.c.obj
                0x100035a4                time_us_64
 .text.busy_wait_until
                0x100035bc       0x28 CMakeFiles/SYNTH.dir/C_/VSARM/sdk/pico/pico-sdk/src/rp2_common/hardware_timer/timer.c.obj
                0x100035bc                busy_wait_until
 .text.busy_wait_us
                0x100035e4       0x3a CMakeFiles/SYNTH.dir/C_/VSARM/sdk/pico/pico-sdk/src/rp2_common/hardware_timer/timer.c.obj
                0x100035e4                busy_wait_us
 *fill*         0x1000361e        0x2 
 .text.hardware_alarm_set_callback
                0x10003620       0x90 CMakeFiles/SYNTH.dir/C_/VSARM/sdk/pico/pico-sdk/src/rp2_common/hardware_timer/timer.c.obj
                0x10003620                hardware_alarm_set_callback
 .text.hardware_alarm_set_target
                0x100036b0       0xe8 CMakeFiles/SYNTH.dir/C_/VSARM/sdk/pico/pico-sdk/src/rp2_common/hardware_timer/timer.c.obj
                0x100036b0                hardware_alarm_set_target
 .text.hardware_alarm_cancel
                0x10003798       0x40 CMakeFiles/SYNTH.dir/C_/VSARM/sdk/pico/pico-sdk/src/rp2_common/hardware_timer/timer.c.obj
                0x10003798                hardware_alarm_cancel
 .text.ph_get_node
                0x100037d8       0x30 CMakeFiles/SYNTH.dir/C_/VSARM/sdk/pico/pico-sdk/src/common/pico_util/pheap.c.obj
 .text.ph_add_child_node
                0x10003808       0x6c CMakeFiles/SYNTH.dir/C_/VSARM/sdk/pico/pico-sdk/src/common/pico_util/pheap.c.obj
 .text.ph_merge_nodes
                0x10003874       0x3e CMakeFiles/SYNTH.dir/C_/VSARM/sdk/pico/pico-sdk/src/common/pico_util/pheap.c.obj
 .text.ph_clear
                0x100038b2       0x34 CMakeFiles/SYNTH.dir/C_/VSARM/sdk/pico/pico-sdk/src/common/pico_util/pheap.c.obj
                0x100038b2                ph_clear
 .text.ph_post_alloc_init
                0x100038e6        0xe CMakeFiles/SYNTH.dir/C_/VSARM/sdk/pico/pico-sdk/src/common/pico_util/pheap.c.obj
                0x100038e6                ph_post_alloc_init
 .text.ph_merge_two_pass
                0x100038f4       0x5c CMakeFiles/SYNTH.dir/C_/VSARM/sdk/pico/pico-sdk/src/common/pico_util/pheap.c.obj
                0x100038f4                ph_merge_two_pass
 .text.ph_remove_any_head
                0x10003950       0xa4 CMakeFiles/SYNTH.dir/C_/VSARM/sdk/pico/pico-sdk/src/common/pico_util/pheap.c.obj
 .text.ph_remove_head
                0x100039f4       0x14 CMakeFiles/SYNTH.dir/C_/VSARM/sdk/pico/pico-sdk/src/common/pico_util/pheap.c.obj
                0x100039f4                ph_remove_head
 .text.ph_remove_and_free_node
                0x10003a08       0xa0 CMakeFiles/SYNTH.dir/C_/VSARM/sdk/pico/pico-sdk/src/common/pico_util/pheap.c.obj
                0x10003a08                ph_remove_and_free_node
 .text.update_us_since_boot
                0x10003aa8       0x24 CMakeFiles/SYNTH.dir/C_/VSARM/sdk/pico/pico-sdk/src/common/pico_sync/mutex.c.obj
 .text.delayed_by_ms
                0x10003acc       0x46 CMakeFiles/SYNTH.dir/C_/VSARM/sdk/pico/pico-sdk/src/common/pico_sync/mutex.c.obj
 .text.get_absolute_time
                0x10003b12       0x22 CMakeFiles/SYNTH.dir/C_/VSARM/sdk/pico/pico-sdk/src/common/pico_sync/mutex.c.obj
 .text.make_timeout_time_ms
                0x10003b34       0x20 CMakeFiles/SYNTH.dir/C_/VSARM/sdk/pico/pico-sdk/src/common/pico_sync/mutex.c.obj
 .text.mutex_init
                0x10003b54       0x1a CMakeFiles/SYNTH.dir/C_/VSARM/sdk/pico/pico-sdk/src/common/pico_sync/mutex.c.obj
                0x10003b54                mutex_init
 .text.recursive_mutex_init
                0x10003b6e       0x1e CMakeFiles/SYNTH.dir/C_/VSARM/sdk/pico/pico-sdk/src/common/pico_sync/mutex.c.obj
                0x10003b6e                recursive_mutex_init
 .text.critical_section_init_with_lock_num
                0x10003b8c       0x14 CMakeFiles/SYNTH.dir/C_/VSARM/sdk/pico/pico-sdk/src/common/pico_sync/critical_section.c.obj
                0x10003b8c                critical_section_init_with_lock_num
 .text.critical_section_init
                0x10003ba0       0x14 CMakeFiles/SYNTH.dir/C_/VSARM/sdk/pico/pico-sdk/src/common/pico_sync/critical_section.c.obj
                0x10003ba0                critical_section_init
 .text._exit    0x10003bb4        0x4 CMakeFiles/SYNTH.dir/C_/VSARM/sdk/pico/pico-sdk/src/rp2_common/pico_runtime/runtime.c.obj
                0x10003bb4                _exit
 .text._sbrk    0x10003bb8       0x38 CMakeFiles/SYNTH.dir/C_/VSARM/sdk/pico/pico-sdk/src/rp2_common/pico_runtime/runtime.c.obj
                0x10003bb8                _sbrk
 .text.exit     0x10003bf0        0x6 CMakeFiles/SYNTH.dir/C_/VSARM/sdk/pico/pico-sdk/src/rp2_common/pico_runtime/runtime.c.obj
                0x10003bf0                exit
 *fill*         0x10003bf6        0x2 
 .text.__assert_func
                0x10003bf8       0x38 CMakeFiles/SYNTH.dir/C_/VSARM/sdk/pico/pico-sdk/src/rp2_common/pico_runtime/runtime.c.obj
                0x10003bf8                __assert_func
 .text.runtime_init
                0x10003c30       0xf8 CMakeFiles/SYNTH.dir/C_/VSARM/sdk/pico/pico-sdk/src/rp2_common/pico_runtime/runtime.c.obj
                0x10003c30                runtime_init
 .text.panic    0x10003d28       0x30 CMakeFiles/SYNTH.dir/C_/VSARM/sdk/pico/pico-sdk/src/rp2_common/pico_runtime/runtime.c.obj
                0x10003d28                panic
 .text.clock_configure
                0x10003d58      0x104 CMakeFiles/SYNTH.dir/C_/VSARM/sdk/pico/pico-sdk/src/rp2_common/hardware_clocks/clocks.c.obj
                0x10003d58                clock_configure
 .text.clocks_init
                0x10003e5c      0x100 CMakeFiles/SYNTH.dir/C_/VSARM/sdk/pico/pico-sdk/src/rp2_common/hardware_clocks/clocks.c.obj
                0x10003e5c                clocks_init
 .text.clock_get_hz
                0x10003f5c        0xc CMakeFiles/SYNTH.dir/C_/VSARM/sdk/pico/pico-sdk/src/rp2_common/hardware_clocks/clocks.c.obj
                0x10003f5c                clock_get_hz
 .text.pll_init
                0x10003f68      0x140 CMakeFiles/SYNTH.dir/C_/VSARM/sdk/pico/pico-sdk/src/rp2_common/hardware_pll/pll.c.obj
                0x10003f68                pll_init
 .text.watchdog_start_tick
                0x100040a8       0x10 CMakeFiles/SYNTH.dir/C_/VSARM/sdk/pico/pico-sdk/src/rp2_common/hardware_watchdog/watchdog.c.obj
                0x100040a8                watchdog_start_tick
 .text.watchdog_update
                0x100040b8       0x14 CMakeFiles/SYNTH.dir/C_/VSARM/sdk/pico/pico-sdk/src/rp2_common/hardware_watchdog/watchdog.c.obj
                0x100040b8                watchdog_update
 .text._watchdog_enable
                0x100040cc       0x78 CMakeFiles/SYNTH.dir/C_/VSARM/sdk/pico/pico-sdk/src/rp2_common/hardware_watchdog/watchdog.c.obj
                0x100040cc                _watchdog_enable
 .text.watchdog_reboot
                0x10004144       0x48 CMakeFiles/SYNTH.dir/C_/VSARM/sdk/pico/pico-sdk/src/rp2_common/hardware_watchdog/watchdog.c.obj
                0x10004144                watchdog_reboot
 .text.xosc_init
                0x1000418c       0x28 CMakeFiles/SYNTH.dir/C_/VSARM/sdk/pico/pico-sdk/src/rp2_common/hardware_xosc/xosc.c.obj
                0x1000418c                xosc_init
 .text._out_buffer
                0x100041b4        0x8 CMakeFiles/SYNTH.dir/C_/VSARM/sdk/pico/pico-sdk/src/rp2_common/pico_printf/printf.c.obj
 .text._out_null
                0x100041bc        0x2 CMakeFiles/SYNTH.dir/C_/VSARM/sdk/pico/pico-sdk/src/rp2_common/pico_printf/printf.c.obj
 .text._out_fct
                0x100041be        0xe CMakeFiles/SYNTH.dir/C_/VSARM/sdk/pico/pico-sdk/src/rp2_common/pico_printf/printf.c.obj
 .text._atoi    0x100041cc       0x24 CMakeFiles/SYNTH.dir/C_/VSARM/sdk/pico/pico-sdk/src/rp2_common/pico_printf/printf.c.obj
 .text._out_rev
                0x100041f0       0xae CMakeFiles/SYNTH.dir/C_/VSARM/sdk/pico/pico-sdk/src/rp2_common/pico_printf/printf.c.obj
 .text._ntoa_format
                0x1000429e      0x110 CMakeFiles/SYNTH.dir/C_/VSARM/sdk/pico/pico-sdk/src/rp2_common/pico_printf/printf.c.obj
 .text._ntoa_long
                0x100043ae       0xbc CMakeFiles/SYNTH.dir/C_/VSARM/sdk/pico/pico-sdk/src/rp2_common/pico_printf/printf.c.obj
 .text._ntoa_long_long
                0x1000446a      0x10e CMakeFiles/SYNTH.dir/C_/VSARM/sdk/pico/pico-sdk/src/rp2_common/pico_printf/printf.c.obj
 .text._etoa    0x10004578      0x420 CMakeFiles/SYNTH.dir/C_/VSARM/sdk/pico/pico-sdk/src/rp2_common/pico_printf/printf.c.obj
 .text._ftoa    0x10004998      0x354 CMakeFiles/SYNTH.dir/C_/VSARM/sdk/pico/pico-sdk/src/rp2_common/pico_printf/printf.c.obj
 .text._vsnprintf
                0x10004cec      0x65c CMakeFiles/SYNTH.dir/C_/VSARM/sdk/pico/pico-sdk/src/rp2_common/pico_printf/printf.c.obj
 .text.__wrap_vsnprintf
                0x10005348       0x1c CMakeFiles/SYNTH.dir/C_/VSARM/sdk/pico/pico-sdk/src/rp2_common/pico_printf/printf.c.obj
                0x10005348                __wrap_vsnprintf
 .text.vfctprintf
                0x10005364       0x20 CMakeFiles/SYNTH.dir/C_/VSARM/sdk/pico/pico-sdk/src/rp2_common/pico_printf/printf.c.obj
                0x10005364                vfctprintf
 .text          0x10005384       0x10 CMakeFiles/SYNTH.dir/C_/VSARM/sdk/pico/pico-sdk/src/rp2_common/pico_bit_ops/bit_ops_aeabi.S.obj
 .text.rom_func_lookup
                0x10005394       0x10 CMakeFiles/SYNTH.dir/C_/VSARM/sdk/pico/pico-sdk/src/rp2_common/pico_bootrom/bootrom.c.obj
                0x10005394                rom_func_lookup
 .text.rom_data_lookup
                0x100053a4       0x10 CMakeFiles/SYNTH.dir/C_/VSARM/sdk/pico/pico-sdk/src/rp2_common/pico_bootrom/bootrom.c.obj
                0x100053a4                rom_data_lookup
 .text.rom_funcs_lookup
                0x100053b4       0x36 CMakeFiles/SYNTH.dir/C_/VSARM/sdk/pico/pico-sdk/src/rp2_common/pico_bootrom/bootrom.c.obj
                0x100053b4                rom_funcs_lookup
 *fill*         0x100053ea        0x2 
 .text.__wrap___aeabi_idiv
                0x100053ec       0x50 CMakeFiles/SYNTH.dir/C_/VSARM/sdk/pico/pico-sdk/src/rp2_common/pico_divider/divider.S.obj
                0x100053ec                __wrap___aeabi_idivmod
                0x100053ec                divmod_s32s32
                0x100053ec                div_s32s32
                0x100053ec                __wrap___aeabi_idiv
                0x100053f4                divmod_s32s32_unsafe
                0x10005420                divmod_s32s32_savestate
 .text.__wrap___aeabi_uidiv
                0x1000543c       0x4c CMakeFiles/SYNTH.dir/C_/VSARM/sdk/pico/pico-sdk/src/rp2_common/pico_divider/divider.S.obj
                0x1000543c                __wrap___aeabi_uidiv
                0x1000543c                __wrap___aeabi_uidivmod
                0x1000543c                div_u32u32
                0x1000543c                divmod_u32u32
                0x10005444                divmod_u32u32_unsafe
                0x1000546c                divmod_u32u32_savestate
 .text.__wrap___aeabi_ldiv
                0x10005488      0x434 CMakeFiles/SYNTH.dir/C_/VSARM/sdk/pico/pico-sdk/src/rp2_common/pico_divider/divider.S.obj
                0x10005488                div_s64s64
                0x10005488                divmod_s64s64
                0x10005488                __wrap___aeabi_ldivmod
                0x100054c0                divmod_u64u64
                0x100054c0                div_u64u64
                0x100054c0                __wrap___aeabi_uldivmod
                0x100054d0                divmod_u64u64_savestate
                0x100054f8                divmod_s64s64_unsafe
                0x10005580                divmod_u64u64_unsafe
 .text.__wrap___aeabi_darithmetic
                0x100058bc       0x80 CMakeFiles/SYNTH.dir/C_/VSARM/sdk/pico/pico-sdk/src/rp2_common/pico_double/double_aeabi.S.obj
                0x100058bc                __wrap___aeabi_drsub
                0x100058c2                __wrap___aeabi_dsub
                0x100058d4                __wrap___aeabi_dadd
                0x100058e6                __wrap___aeabi_ddiv
                0x10005922                __wrap___aeabi_dmul
 .text.__wrap___aeabi_cdcmple
                0x1000593c       0x6c CMakeFiles/SYNTH.dir/C_/VSARM/sdk/pico/pico-sdk/src/rp2_common/pico_double/double_aeabi.S.obj
                0x1000593c                __wrap___aeabi_cdrcmple
                0x1000594c                __wrap___aeabi_cdcmpeq
                0x1000594c                __wrap___aeabi_cdcmple
 .text.__wrap___aeabi_dcmplt
                0x100059a8        0xc CMakeFiles/SYNTH.dir/C_/VSARM/sdk/pico/pico-sdk/src/rp2_common/pico_double/double_aeabi.S.obj
                0x100059a8                __wrap___aeabi_dcmplt
 .text.__wrap___aeabi_dcmple
                0x100059b4       0x10 CMakeFiles/SYNTH.dir/C_/VSARM/sdk/pico/pico-sdk/src/rp2_common/pico_double/double_aeabi.S.obj
                0x100059b4                __wrap___aeabi_dcmple
 .text.__wrap___aeabi_dcmpge
                0x100059c4       0x10 CMakeFiles/SYNTH.dir/C_/VSARM/sdk/pico/pico-sdk/src/rp2_common/pico_double/double_aeabi.S.obj
                0x100059c4                __wrap___aeabi_dcmpge
 .text.__wrap___aeabi_dcmpgt
                0x100059d4        0xa CMakeFiles/SYNTH.dir/C_/VSARM/sdk/pico/pico-sdk/src/rp2_common/pico_double/double_aeabi.S.obj
                0x100059d4                __wrap___aeabi_dcmpgt
 .text.__wrap___aeabi_dcmpun
                0x100059de       0x1c CMakeFiles/SYNTH.dir/C_/VSARM/sdk/pico/pico-sdk/src/rp2_common/pico_double/double_aeabi.S.obj
                0x100059de                __wrap___aeabi_dcmpun
 *fill*         0x100059fa        0x2 
 .text.__wrap___aeabi_i2d
                0x100059fc       0x38 CMakeFiles/SYNTH.dir/C_/VSARM/sdk/pico/pico-sdk/src/rp2_common/pico_double/double_aeabi.S.obj
                0x100059fc                __wrap___aeabi_ui2d
                0x10005a04                __wrap___aeabi_i2d
 .text.__wrap___aeabi_d2iz
                0x10005a34       0x48 CMakeFiles/SYNTH.dir/C_/VSARM/sdk/pico/pico-sdk/src/rp2_common/pico_double/double_aeabi.S.obj
                0x10005a34                double2int_z
                0x10005a34                __wrap___aeabi_d2iz
 .text.__wrap___aeabi_d2uiz
                0x10005a7c       0x18 CMakeFiles/SYNTH.dir/C_/VSARM/sdk/pico/pico-sdk/src/rp2_common/pico_double/double_aeabi.S.obj
                0x10005a7c                __wrap___aeabi_d2uiz
                0x10005a7c                double2uint
 .text.__aeabi_double_init
                0x10005a94       0xcc CMakeFiles/SYNTH.dir/C_/VSARM/sdk/pico/pico-sdk/src/rp2_common/pico_double/double_init_rom.c.obj
                0x10005a94                __aeabi_double_init
 .text.double_table_shim_on_use_helper
                0x10005b60       0x34 CMakeFiles/SYNTH.dir/C_/VSARM/sdk/pico/pico-sdk/src/rp2_common/pico_double/double_v1_rom_shim.S.obj
                0x10005b60                double_table_shim_on_use_helper
 .text.__wrap___aeabi_dsub
                0x10005b94       0x10 CMakeFiles/SYNTH.dir/C_/VSARM/sdk/pico/pico-sdk/src/rp2_common/pico_double/double_v1_rom_shim.S.obj
                0x10005b94                drsub_shim
                0x10005b9a                dsub_shim
 .text.dadd_shim
                0x10005ba4      0x15c CMakeFiles/SYNTH.dir/C_/VSARM/sdk/pico/pico-sdk/src/rp2_common/pico_double/double_v1_rom_shim.S.obj
                0x10005ba4                dadd_shim
 .text.dmul_shim
                0x10005d00      0x15c CMakeFiles/SYNTH.dir/C_/VSARM/sdk/pico/pico-sdk/src/rp2_common/pico_double/double_v1_rom_shim.S.obj
                0x10005d00                dmul_shim
 .text.ddiv_shim
                0x10005e5c      0x1b0 CMakeFiles/SYNTH.dir/C_/VSARM/sdk/pico/pico-sdk/src/rp2_common/pico_double/double_v1_rom_shim.S.obj
                0x10005e5c                ddiv_shim
 .text.double2uint_shim
                0x1000600c        0xe CMakeFiles/SYNTH.dir/C_/VSARM/sdk/pico/pico-sdk/src/rp2_common/pico_double/double_v1_rom_shim.S.obj
                0x1000600c                double2uint_shim
                0x1000600e                double2ufix_shim
 *fill*         0x1000601a        0x2 
 .text.double2uint64_shim
                0x1000601c       0x70 CMakeFiles/SYNTH.dir/C_/VSARM/sdk/pico/pico-sdk/src/rp2_common/pico_double/double_v1_rom_shim.S.obj
                0x1000601c                double2uint64_shim
                0x1000601e                double2ufix64_shim
                0x1000603e                d2fix_a
 .text.dunpacks
                0x1000608c       0x3c CMakeFiles/SYNTH.dir/C_/VSARM/sdk/pico/pico-sdk/src/rp2_common/pico_double/double_v1_rom_shim.S.obj
                0x1000608c                dunpacks
 .text.__aeabi_lmul
                0x100060c8       0x32 CMakeFiles/SYNTH.dir/C_/VSARM/sdk/pico/pico-sdk/src/rp2_common/pico_int64_ops/pico_int64_ops_aeabi.S.obj
                0x100060c8                __wrap___aeabi_lmul
 *fill*         0x100060fa        0x2 
 .text.__aeabi_float_init
                0x100060fc       0xfc CMakeFiles/SYNTH.dir/C_/VSARM/sdk/pico/pico-sdk/src/rp2_common/pico_float/float_init_rom.c.obj
                0x100060fc                __aeabi_float_init
 .text.float_table_shim_on_use_helper
                0x100061f8       0x34 CMakeFiles/SYNTH.dir/C_/VSARM/sdk/pico/pico-sdk/src/rp2_common/pico_float/float_v1_rom_shim.S.obj
                0x100061f8                float_table_shim_on_use_helper
 .text.check_alloc
                0x1000622c       0x20 CMakeFiles/SYNTH.dir/C_/VSARM/sdk/pico/pico-sdk/src/rp2_common/pico_malloc/pico_malloc.c.obj
 .text.__wrap_malloc
                0x1000624c       0x14 CMakeFiles/SYNTH.dir/C_/VSARM/sdk/pico/pico-sdk/src/rp2_common/pico_malloc/pico_malloc.c.obj
                0x1000624c                __wrap_malloc
 .text.__wrap_free
                0x10006260        0x8 CMakeFiles/SYNTH.dir/C_/VSARM/sdk/pico/pico-sdk/src/rp2_common/pico_malloc/pico_malloc.c.obj
                0x10006260                __wrap_free
 .text          0x10006268       0x10 CMakeFiles/SYNTH.dir/C_/VSARM/sdk/pico/pico-sdk/src/rp2_common/pico_mem_ops/mem_ops_aeabi.S.obj
                0x10006268                __aeabi_mem_init
 .text.memset   0x10006278        0xc CMakeFiles/SYNTH.dir/C_/VSARM/sdk/pico/pico-sdk/src/rp2_common/pico_mem_ops/mem_ops_aeabi.S.obj
                0x10006278                __wrap_memset
 .text.memcpy   0x10006284        0xc CMakeFiles/SYNTH.dir/C_/VSARM/sdk/pico/pico-sdk/src/rp2_common/pico_mem_ops/mem_ops_aeabi.S.obj
                0x10006284                __wrap_memcpy
                0x10006284                __wrap___aeabi_memcpy
 .text.time_reached
                0x10006290       0x28 CMakeFiles/SYNTH.dir/C_/VSARM/sdk/pico/pico-sdk/src/rp2_common/pico_stdio/stdio.c.obj
 .text.stdio_out_chars_no_crlf
                0x100062b8        0xe CMakeFiles/SYNTH.dir/C_/VSARM/sdk/pico/pico-sdk/src/rp2_common/pico_stdio/stdio.c.obj
 *fill*         0x100062c6        0x2 
 .text.stdio_out_chars_crlf
                0x100062c8       0x80 CMakeFiles/SYNTH.dir/C_/VSARM/sdk/pico/pico-sdk/src/rp2_common/pico_stdio/stdio.c.obj
 .text.stdio_stack_buffer_flush
                0x10006348       0x44 CMakeFiles/SYNTH.dir/C_/VSARM/sdk/pico/pico-sdk/src/rp2_common/pico_stdio/stdio.c.obj
 .text.stdio_buffered_printer
                0x1000638c       0x20 CMakeFiles/SYNTH.dir/C_/VSARM/sdk/pico/pico-sdk/src/rp2_common/pico_stdio/stdio.c.obj
 .text.stdio_get_until
                0x100063ac       0x64 CMakeFiles/SYNTH.dir/C_/VSARM/sdk/pico/pico-sdk/src/rp2_common/pico_stdio/stdio.c.obj
 .text.stdout_serialize_begin
                0x10006410       0x30 CMakeFiles/SYNTH.dir/C_/VSARM/sdk/pico/pico-sdk/src/rp2_common/pico_stdio/stdio.c.obj
                0x10006410                stdout_serialize_begin
 .text.stdout_serialize_end
                0x10006440       0x10 CMakeFiles/SYNTH.dir/C_/VSARM/sdk/pico/pico-sdk/src/rp2_common/pico_stdio/stdio.c.obj
                0x10006440                stdout_serialize_end
 .text.stdio_put_string
                0x10006450       0x98 CMakeFiles/SYNTH.dir/C_/VSARM/sdk/pico/pico-sdk/src/rp2_common/pico_stdio/stdio.c.obj
 .text._read    0x100064e8       0x24 CMakeFiles/SYNTH.dir/C_/VSARM/sdk/pico/pico-sdk/src/rp2_common/pico_stdio/stdio.c.obj
                0x100064e8                _read
 .text._write   0x1000650c       0x22 CMakeFiles/SYNTH.dir/C_/VSARM/sdk/pico/pico-sdk/src/rp2_common/pico_stdio/stdio.c.obj
                0x1000650c                _write
 *fill*         0x1000652e        0x2 
 .text.stdio_set_driver_enabled
                0x10006530       0x2c CMakeFiles/SYNTH.dir/C_/VSARM/sdk/pico/pico-sdk/src/rp2_common/pico_stdio/stdio.c.obj
                0x10006530                stdio_set_driver_enabled
 .text.stdio_flush
                0x1000655c       0x20 CMakeFiles/SYNTH.dir/C_/VSARM/sdk/pico/pico-sdk/src/rp2_common/pico_stdio/stdio.c.obj
                0x1000655c                stdio_flush
 .text.__wrap_puts
                0x1000657c       0x1e CMakeFiles/SYNTH.dir/C_/VSARM/sdk/pico/pico-sdk/src/rp2_common/pico_stdio/stdio.c.obj
                0x1000657c                __wrap_puts
 *fill*         0x1000659a        0x2 
 .text.__wrap_vprintf
                0x1000659c       0x44 CMakeFiles/SYNTH.dir/C_/VSARM/sdk/pico/pico-sdk/src/rp2_common/pico_stdio/stdio.c.obj
                0x1000659c                __wrap_vprintf
 .text.__wrap_printf
                0x100065e0       0x18 CMakeFiles/SYNTH.dir/C_/VSARM/sdk/pico/pico-sdk/src/rp2_common/pico_stdio/stdio.c.obj
                0x100065e0                __wrap_printf
 .text.stdio_init_all
                0x100065f8        0x8 CMakeFiles/SYNTH.dir/C_/VSARM/sdk/pico/pico-sdk/src/rp2_common/pico_stdio/stdio.c.obj
                0x100065f8                stdio_init_all
 .text.resetd_init
                0x10006600        0x2 CMakeFiles/SYNTH.dir/C_/VSARM/sdk/pico/pico-sdk/src/rp2_common/pico_stdio_usb/reset_interface.c.obj
 *fill*         0x10006602        0x2 
 .text.resetd_reset
                0x10006604        0xc CMakeFiles/SYNTH.dir/C_/VSARM/sdk/pico/pico-sdk/src/rp2_common/pico_stdio_usb/reset_interface.c.obj
 .text.resetd_open
                0x10006610       0x34 CMakeFiles/SYNTH.dir/C_/VSARM/sdk/pico/pico-sdk/src/rp2_common/pico_stdio_usb/reset_interface.c.obj
 .text.resetd_xfer_cb
                0x10006644        0x4 CMakeFiles/SYNTH.dir/C_/VSARM/sdk/pico/pico-sdk/src/rp2_common/pico_stdio_usb/reset_interface.c.obj
 .text.reset_usb_boot
                0x10006648       0x18 CMakeFiles/SYNTH.dir/C_/VSARM/sdk/pico/pico-sdk/src/rp2_common/pico_stdio_usb/reset_interface.c.obj
 .text.resetd_control_xfer_cb
                0x10006660       0x5c CMakeFiles/SYNTH.dir/C_/VSARM/sdk/pico/pico-sdk/src/rp2_common/pico_stdio_usb/reset_interface.c.obj
 .text.usbd_app_driver_get_cb
                0x100066bc        0xc CMakeFiles/SYNTH.dir/C_/VSARM/sdk/pico/pico-sdk/src/rp2_common/pico_stdio_usb/reset_interface.c.obj
                0x100066bc                usbd_app_driver_get_cb
 .text.tud_cdc_line_coding_cb
                0x100066c8       0x28 CMakeFiles/SYNTH.dir/C_/VSARM/sdk/pico/pico-sdk/src/rp2_common/pico_stdio_usb/reset_interface.c.obj
                0x100066c8                tud_cdc_line_coding_cb
 .text.stdio_usb_in_chars
                0x100066f0       0x70 CMakeFiles/SYNTH.dir/C_/VSARM/sdk/pico/pico-sdk/src/rp2_common/pico_stdio_usb/stdio_usb.c.obj
                0x100066f0                stdio_usb_in_chars
 .text.low_priority_worker_irq
                0x10006760       0x20 CMakeFiles/SYNTH.dir/C_/VSARM/sdk/pico/pico-sdk/src/rp2_common/pico_stdio_usb/stdio_usb.c.obj
 .text.stdio_usb_out_chars
                0x10006780       0xd4 CMakeFiles/SYNTH.dir/C_/VSARM/sdk/pico/pico-sdk/src/rp2_common/pico_stdio_usb/stdio_usb.c.obj
 .text.update_us_since_boot
                0x10006854       0x24 CMakeFiles/SYNTH.dir/C_/VSARM/sdk/pico/pico-sdk/src/rp2_common/pico_stdio_usb/stdio_usb.c.obj
 .text.get_absolute_time
                0x10006878       0x22 CMakeFiles/SYNTH.dir/C_/VSARM/sdk/pico/pico-sdk/src/rp2_common/pico_stdio_usb/stdio_usb.c.obj
 .text.delayed_by_us
                0x1000689a       0x36 CMakeFiles/SYNTH.dir/C_/VSARM/sdk/pico/pico-sdk/src/rp2_common/pico_stdio_usb/stdio_usb.c.obj
 .text.timer_task
                0x100068d0       0x40 CMakeFiles/SYNTH.dir/C_/VSARM/sdk/pico/pico-sdk/src/rp2_common/pico_stdio_usb/stdio_usb.c.obj
 .text.usb_irq  0x10006910       0x10 CMakeFiles/SYNTH.dir/C_/VSARM/sdk/pico/pico-sdk/src/rp2_common/pico_stdio_usb/stdio_usb.c.obj
 .text.alarm_pool_add_alarm_in_us
                0x10006920       0x3a CMakeFiles/SYNTH.dir/C_/VSARM/sdk/pico/pico-sdk/src/rp2_common/pico_stdio_usb/stdio_usb.c.obj
 .text.add_alarm_in_us
                0x1000695a       0x2e CMakeFiles/SYNTH.dir/C_/VSARM/sdk/pico/pico-sdk/src/rp2_common/pico_stdio_usb/stdio_usb.c.obj
 .text.stdio_usb_init
                0x10006988       0x98 CMakeFiles/SYNTH.dir/C_/VSARM/sdk/pico/pico-sdk/src/rp2_common/pico_stdio_usb/stdio_usb.c.obj
                0x10006988                stdio_usb_init
 .text.tud_descriptor_device_cb
                0x10006a20        0x8 CMakeFiles/SYNTH.dir/C_/VSARM/sdk/pico/pico-sdk/src/rp2_common/pico_stdio_usb/stdio_usb_descriptors.c.obj
                0x10006a20                tud_descriptor_device_cb
 .text.tud_descriptor_configuration_cb
                0x10006a28        0x8 CMakeFiles/SYNTH.dir/C_/VSARM/sdk/pico/pico-sdk/src/rp2_common/pico_stdio_usb/stdio_usb_descriptors.c.obj
                0x10006a28                tud_descriptor_configuration_cb
 .text.tud_descriptor_string_cb
                0x10006a30       0x6c CMakeFiles/SYNTH.dir/C_/VSARM/sdk/pico/pico-sdk/src/rp2_common/pico_stdio_usb/stdio_usb_descriptors.c.obj
                0x10006a30                tud_descriptor_string_cb
 .text.hw_endpoint_get_by_addr
                0x10006a9c       0x18 CMakeFiles/SYNTH.dir/C_/VSARM/sdk/pico/pico-sdk/lib/tinyusb/src/portable/raspberrypi/rp2040/dcd_rp2040.c.obj
 .text.reset_ep0_pid
                0x10006ab4       0x28 CMakeFiles/SYNTH.dir/C_/VSARM/sdk/pico/pico-sdk/lib/tinyusb/src/portable/raspberrypi/rp2040/dcd_rp2040.c.obj
 .text._hw_endpoint_alloc
                0x10006adc       0x70 CMakeFiles/SYNTH.dir/C_/VSARM/sdk/pico/pico-sdk/lib/tinyusb/src/portable/raspberrypi/rp2040/dcd_rp2040.c.obj
 .text.hw_endpoint_init
                0x10006b4c       0x88 CMakeFiles/SYNTH.dir/C_/VSARM/sdk/pico/pico-sdk/lib/tinyusb/src/portable/raspberrypi/rp2040/dcd_rp2040.c.obj
 .text.reset_non_control_endpoints
                0x10006bd4       0x40 CMakeFiles/SYNTH.dir/C_/VSARM/sdk/pico/pico-sdk/lib/tinyusb/src/portable/raspberrypi/rp2040/dcd_rp2040.c.obj
 .text.hw_handle_buff_status
                0x10006c14       0x8c CMakeFiles/SYNTH.dir/C_/VSARM/sdk/pico/pico-sdk/lib/tinyusb/src/portable/raspberrypi/rp2040/dcd_rp2040.c.obj
 .text.dcd_rp2040_irq
                0x10006ca0       0xc0 CMakeFiles/SYNTH.dir/C_/VSARM/sdk/pico/pico-sdk/lib/tinyusb/src/portable/raspberrypi/rp2040/dcd_rp2040.c.obj
 .text.hw_endpoint_xfer
                0x10006d60       0x14 CMakeFiles/SYNTH.dir/C_/VSARM/sdk/pico/pico-sdk/lib/tinyusb/src/portable/raspberrypi/rp2040/dcd_rp2040.c.obj
 .text.dcd_int_enable
                0x10006d74       0x2c CMakeFiles/SYNTH.dir/C_/VSARM/sdk/pico/pico-sdk/lib/tinyusb/src/portable/raspberrypi/rp2040/dcd_rp2040.c.obj
                0x10006d74                dcd_int_enable
 .text.dcd_set_address
                0x10006da0       0x2c CMakeFiles/SYNTH.dir/C_/VSARM/sdk/pico/pico-sdk/lib/tinyusb/src/portable/raspberrypi/rp2040/dcd_rp2040.c.obj
                0x10006da0                dcd_set_address
 .text.dcd_connect
                0x10006dcc       0x10 CMakeFiles/SYNTH.dir/C_/VSARM/sdk/pico/pico-sdk/lib/tinyusb/src/portable/raspberrypi/rp2040/dcd_rp2040.c.obj
                0x10006dcc                dcd_connect
 .text.dcd_init
                0x10006ddc       0x7c CMakeFiles/SYNTH.dir/C_/VSARM/sdk/pico/pico-sdk/lib/tinyusb/src/portable/raspberrypi/rp2040/dcd_rp2040.c.obj
                0x10006ddc                dcd_init
 .text.dcd_edpt0_status_complete
                0x10006e58       0x1c CMakeFiles/SYNTH.dir/C_/VSARM/sdk/pico/pico-sdk/lib/tinyusb/src/portable/raspberrypi/rp2040/dcd_rp2040.c.obj
                0x10006e58                dcd_edpt0_status_complete
 .text.dcd_edpt_open
                0x10006e74       0x40 CMakeFiles/SYNTH.dir/C_/VSARM/sdk/pico/pico-sdk/lib/tinyusb/src/portable/raspberrypi/rp2040/dcd_rp2040.c.obj
                0x10006e74                dcd_edpt_open
 .text.dcd_edpt_close_all
                0x10006eb4        0x8 CMakeFiles/SYNTH.dir/C_/VSARM/sdk/pico/pico-sdk/lib/tinyusb/src/portable/raspberrypi/rp2040/dcd_rp2040.c.obj
                0x10006eb4                dcd_edpt_close_all
 .text.dcd_edpt_xfer
                0x10006ebc       0x30 CMakeFiles/SYNTH.dir/C_/VSARM/sdk/pico/pico-sdk/lib/tinyusb/src/portable/raspberrypi/rp2040/dcd_rp2040.c.obj
                0x10006ebc                dcd_edpt_xfer
 .text.dcd_edpt_stall
                0x10006eec       0x2c CMakeFiles/SYNTH.dir/C_/VSARM/sdk/pico/pico-sdk/lib/tinyusb/src/portable/raspberrypi/rp2040/dcd_rp2040.c.obj
                0x10006eec                dcd_edpt_stall
 .text.dcd_edpt_clear_stall
                0x10006f18       0x20 CMakeFiles/SYNTH.dir/C_/VSARM/sdk/pico/pico-sdk/lib/tinyusb/src/portable/raspberrypi/rp2040/dcd_rp2040.c.obj
                0x10006f18                dcd_edpt_clear_stall
 .text.prepare_ep_buffer
                0x10006f38       0x6c CMakeFiles/SYNTH.dir/C_/VSARM/sdk/pico/pico-sdk/lib/tinyusb/src/portable/raspberrypi/rp2040/rp2040_usb.c.obj
 .text.sync_ep_buffer
                0x10006fa4       0x78 CMakeFiles/SYNTH.dir/C_/VSARM/sdk/pico/pico-sdk/lib/tinyusb/src/portable/raspberrypi/rp2040/rp2040_usb.c.obj
 .text._hw_endpoint_xfer_sync
                0x1000701c       0x28 CMakeFiles/SYNTH.dir/C_/VSARM/sdk/pico/pico-sdk/lib/tinyusb/src/portable/raspberrypi/rp2040/rp2040_usb.c.obj
 .text.rp2040_usb_init
                0x10007044       0x4c CMakeFiles/SYNTH.dir/C_/VSARM/sdk/pico/pico-sdk/lib/tinyusb/src/portable/raspberrypi/rp2040/rp2040_usb.c.obj
                0x10007044                rp2040_usb_init
 .text.hw_endpoint_reset_transfer
                0x10007090        0xc CMakeFiles/SYNTH.dir/C_/VSARM/sdk/pico/pico-sdk/lib/tinyusb/src/portable/raspberrypi/rp2040/rp2040_usb.c.obj
                0x10007090                hw_endpoint_reset_transfer
 .text._hw_endpoint_buffer_control_update32
                0x1000709c       0x58 CMakeFiles/SYNTH.dir/C_/VSARM/sdk/pico/pico-sdk/lib/tinyusb/src/portable/raspberrypi/rp2040/rp2040_usb.c.obj
                0x1000709c                _hw_endpoint_buffer_control_update32
 .text._hw_endpoint_start_next_buffer
                0x100070f4       0x74 CMakeFiles/SYNTH.dir/C_/VSARM/sdk/pico/pico-sdk/lib/tinyusb/src/portable/raspberrypi/rp2040/rp2040_usb.c.obj
 .text.hw_endpoint_xfer_start
                0x10007168       0x48 CMakeFiles/SYNTH.dir/C_/VSARM/sdk/pico/pico-sdk/lib/tinyusb/src/portable/raspberrypi/rp2040/rp2040_usb.c.obj
                0x10007168                hw_endpoint_xfer_start
 .text.hw_endpoint_xfer_continue
                0x100071b0       0x38 CMakeFiles/SYNTH.dir/C_/VSARM/sdk/pico/pico-sdk/lib/tinyusb/src/portable/raspberrypi/rp2040/rp2040_usb.c.obj
                0x100071b0                hw_endpoint_xfer_continue
 .text.configuration_reset
                0x100071e8       0x84 CMakeFiles/SYNTH.dir/C_/VSARM/sdk/pico/pico-sdk/lib/tinyusb/src/device/usbd.c.obj
 .text.osal_queue_receive
                0x1000726c       0x30 CMakeFiles/SYNTH.dir/C_/VSARM/sdk/pico/pico-sdk/lib/tinyusb/src/device/usbd.c.obj
 .text.usbd_reset
                0x1000729c        0xc CMakeFiles/SYNTH.dir/C_/VSARM/sdk/pico/pico-sdk/lib/tinyusb/src/device/usbd.c.obj
 .text.invoke_class_control
                0x100072a8       0x1a CMakeFiles/SYNTH.dir/C_/VSARM/sdk/pico/pico-sdk/lib/tinyusb/src/device/usbd.c.obj
 *fill*         0x100072c2        0x2 
 .text.process_set_config
                0x100072c4      0x1b0 CMakeFiles/SYNTH.dir/C_/VSARM/sdk/pico/pico-sdk/lib/tinyusb/src/device/usbd.c.obj
 .text.process_get_descriptor
                0x10007474       0xec CMakeFiles/SYNTH.dir/C_/VSARM/sdk/pico/pico-sdk/lib/tinyusb/src/device/usbd.c.obj
 .text.osal_queue_send
                0x10007560       0x4c CMakeFiles/SYNTH.dir/C_/VSARM/sdk/pico/pico-sdk/lib/tinyusb/src/device/usbd.c.obj
 .text.tud_mounted
                0x100075ac       0x10 CMakeFiles/SYNTH.dir/C_/VSARM/sdk/pico/pico-sdk/lib/tinyusb/src/device/usbd.c.obj
                0x100075ac                tud_mounted
 .text.tud_suspended
                0x100075bc       0x10 CMakeFiles/SYNTH.dir/C_/VSARM/sdk/pico/pico-sdk/lib/tinyusb/src/device/usbd.c.obj
                0x100075bc                tud_suspended
 .text.tud_inited
                0x100075cc        0xc CMakeFiles/SYNTH.dir/C_/VSARM/sdk/pico/pico-sdk/lib/tinyusb/src/device/usbd.c.obj
                0x100075cc                tud_inited
 .text.tud_init
                0x100075d8       0xcc CMakeFiles/SYNTH.dir/C_/VSARM/sdk/pico/pico-sdk/lib/tinyusb/src/device/usbd.c.obj
                0x100075d8                tud_init
 .text.dcd_event_handler
                0x100076a4       0xd4 CMakeFiles/SYNTH.dir/C_/VSARM/sdk/pico/pico-sdk/lib/tinyusb/src/device/usbd.c.obj
                0x100076a4                dcd_event_handler
 .text.dcd_event_bus_signal
                0x10007778       0x26 CMakeFiles/SYNTH.dir/C_/VSARM/sdk/pico/pico-sdk/lib/tinyusb/src/device/usbd.c.obj
                0x10007778                dcd_event_bus_signal
 .text.dcd_event_bus_reset
                0x1000779e       0x2a CMakeFiles/SYNTH.dir/C_/VSARM/sdk/pico/pico-sdk/lib/tinyusb/src/device/usbd.c.obj
                0x1000779e                dcd_event_bus_reset
 .text.dcd_event_setup_received
                0x100077c8       0x34 CMakeFiles/SYNTH.dir/C_/VSARM/sdk/pico/pico-sdk/lib/tinyusb/src/device/usbd.c.obj
                0x100077c8                dcd_event_setup_received
 .text.dcd_event_xfer_complete
                0x100077fc       0x44 CMakeFiles/SYNTH.dir/C_/VSARM/sdk/pico/pico-sdk/lib/tinyusb/src/device/usbd.c.obj
                0x100077fc                dcd_event_xfer_complete
 .text.usbd_edpt_open
                0x10007840       0x58 CMakeFiles/SYNTH.dir/C_/VSARM/sdk/pico/pico-sdk/lib/tinyusb/src/device/usbd.c.obj
                0x10007840                usbd_edpt_open
 .text.usbd_open_edpt_pair
                0x10007898       0x8c CMakeFiles/SYNTH.dir/C_/VSARM/sdk/pico/pico-sdk/lib/tinyusb/src/device/usbd.c.obj
                0x10007898                usbd_open_edpt_pair
 .text.usbd_edpt_claim
                0x10007924       0x8c CMakeFiles/SYNTH.dir/C_/VSARM/sdk/pico/pico-sdk/lib/tinyusb/src/device/usbd.c.obj
                0x10007924                usbd_edpt_claim
 .text.usbd_edpt_release
                0x100079b0       0x60 CMakeFiles/SYNTH.dir/C_/VSARM/sdk/pico/pico-sdk/lib/tinyusb/src/device/usbd.c.obj
                0x100079b0                usbd_edpt_release
 .text.usbd_edpt_xfer
                0x10007a10       0x80 CMakeFiles/SYNTH.dir/C_/VSARM/sdk/pico/pico-sdk/lib/tinyusb/src/device/usbd.c.obj
                0x10007a10                usbd_edpt_xfer
 .text.usbd_edpt_stall
                0x10007a90       0x40 CMakeFiles/SYNTH.dir/C_/VSARM/sdk/pico/pico-sdk/lib/tinyusb/src/device/usbd.c.obj
                0x10007a90                usbd_edpt_stall
 .text.usbd_edpt_clear_stall
                0x10007ad0       0x40 CMakeFiles/SYNTH.dir/C_/VSARM/sdk/pico/pico-sdk/lib/tinyusb/src/device/usbd.c.obj
                0x10007ad0                usbd_edpt_clear_stall
 .text.usbd_edpt_stalled
                0x10007b10       0x1c CMakeFiles/SYNTH.dir/C_/VSARM/sdk/pico/pico-sdk/lib/tinyusb/src/device/usbd.c.obj
                0x10007b10                usbd_edpt_stalled
 .text.process_control_request
                0x10007b2c      0x3b0 CMakeFiles/SYNTH.dir/C_/VSARM/sdk/pico/pico-sdk/lib/tinyusb/src/device/usbd.c.obj
 .text.tud_task
                0x10007edc      0x1f0 CMakeFiles/SYNTH.dir/C_/VSARM/sdk/pico/pico-sdk/lib/tinyusb/src/device/usbd.c.obj
                0x10007edc                tud_task
 .text._status_stage_xact
                0x100080cc       0x1a CMakeFiles/SYNTH.dir/C_/VSARM/sdk/pico/pico-sdk/lib/tinyusb/src/device/usbd_control.c.obj
 *fill*         0x100080e6        0x2 
 .text._data_stage_xact
                0x100080e8       0x58 CMakeFiles/SYNTH.dir/C_/VSARM/sdk/pico/pico-sdk/lib/tinyusb/src/device/usbd_control.c.obj
 .text.tud_control_status
                0x10008140       0x28 CMakeFiles/SYNTH.dir/C_/VSARM/sdk/pico/pico-sdk/lib/tinyusb/src/device/usbd_control.c.obj
                0x10008140                tud_control_status
 .text.tud_control_xfer
                0x10008168       0x98 CMakeFiles/SYNTH.dir/C_/VSARM/sdk/pico/pico-sdk/lib/tinyusb/src/device/usbd_control.c.obj
                0x10008168                tud_control_xfer
 .text.usbd_control_reset
                0x10008200       0x14 CMakeFiles/SYNTH.dir/C_/VSARM/sdk/pico/pico-sdk/lib/tinyusb/src/device/usbd_control.c.obj
                0x10008200                usbd_control_reset
 .text.usbd_control_set_complete_callback
                0x10008214        0xc CMakeFiles/SYNTH.dir/C_/VSARM/sdk/pico/pico-sdk/lib/tinyusb/src/device/usbd_control.c.obj
                0x10008214                usbd_control_set_complete_callback
 .text.usbd_control_set_request
                0x10008220       0x1c CMakeFiles/SYNTH.dir/C_/VSARM/sdk/pico/pico-sdk/lib/tinyusb/src/device/usbd_control.c.obj
                0x10008220                usbd_control_set_request
 .text.usbd_control_xfer_cb
                0x1000823c       0xe8 CMakeFiles/SYNTH.dir/C_/VSARM/sdk/pico/pico-sdk/lib/tinyusb/src/device/usbd_control.c.obj
                0x1000823c                usbd_control_xfer_cb
 .text._prep_out_transaction
                0x10008324       0x46 CMakeFiles/SYNTH.dir/C_/VSARM/sdk/pico/pico-sdk/lib/tinyusb/src/class/cdc/cdc_device.c.obj
 *fill*         0x1000836a        0x2 
 .text.tud_cdc_n_connected
                0x1000836c       0x38 CMakeFiles/SYNTH.dir/C_/VSARM/sdk/pico/pico-sdk/lib/tinyusb/src/class/cdc/cdc_device.c.obj
                0x1000836c                tud_cdc_n_connected
 .text.tud_cdc_n_available
                0x100083a4       0x18 CMakeFiles/SYNTH.dir/C_/VSARM/sdk/pico/pico-sdk/lib/tinyusb/src/class/cdc/cdc_device.c.obj
                0x100083a4                tud_cdc_n_available
 .text.tud_cdc_n_read
                0x100083bc       0x28 CMakeFiles/SYNTH.dir/C_/VSARM/sdk/pico/pico-sdk/lib/tinyusb/src/class/cdc/cdc_device.c.obj
                0x100083bc                tud_cdc_n_read
 .text.tud_cdc_n_write_flush
                0x100083e4       0xcc CMakeFiles/SYNTH.dir/C_/VSARM/sdk/pico/pico-sdk/lib/tinyusb/src/class/cdc/cdc_device.c.obj
                0x100083e4                tud_cdc_n_write_flush
 .text.tud_cdc_n_write
                0x100084b0       0x38 CMakeFiles/SYNTH.dir/C_/VSARM/sdk/pico/pico-sdk/lib/tinyusb/src/class/cdc/cdc_device.c.obj
                0x100084b0                tud_cdc_n_write
 .text.tud_cdc_n_write_available
                0x100084e8       0x1c CMakeFiles/SYNTH.dir/C_/VSARM/sdk/pico/pico-sdk/lib/tinyusb/src/class/cdc/cdc_device.c.obj
                0x100084e8                tud_cdc_n_write_available
 .text.cdcd_init
                0x10008504       0xbc CMakeFiles/SYNTH.dir/C_/VSARM/sdk/pico/pico-sdk/lib/tinyusb/src/class/cdc/cdc_device.c.obj
                0x10008504                cdcd_init
 .text.cdcd_reset
                0x100085c0       0x44 CMakeFiles/SYNTH.dir/C_/VSARM/sdk/pico/pico-sdk/lib/tinyusb/src/class/cdc/cdc_device.c.obj
                0x100085c0                cdcd_reset
 .text.cdcd_open
                0x10008604       0xf0 CMakeFiles/SYNTH.dir/C_/VSARM/sdk/pico/pico-sdk/lib/tinyusb/src/class/cdc/cdc_device.c.obj
                0x10008604                cdcd_open
 .text.cdcd_control_xfer_cb
                0x100086f4      0x134 CMakeFiles/SYNTH.dir/C_/VSARM/sdk/pico/pico-sdk/lib/tinyusb/src/class/cdc/cdc_device.c.obj
                0x100086f4                cdcd_control_xfer_cb
 .text.cdcd_xfer_cb
                0x10008828      0x144 CMakeFiles/SYNTH.dir/C_/VSARM/sdk/pico/pico-sdk/lib/tinyusb/src/class/cdc/cdc_device.c.obj
                0x10008828                cdcd_xfer_cb
 .text.tusb_init
                0x1000896c       0x24 CMakeFiles/SYNTH.dir/C_/VSARM/sdk/pico/pico-sdk/lib/tinyusb/src/tusb.c.obj
                0x1000896c                tusb_init
 .text.tusb_inited
                0x10008990        0xe CMakeFiles/SYNTH.dir/C_/VSARM/sdk/pico/pico-sdk/lib/tinyusb/src/tusb.c.obj
                0x10008990                tusb_inited
 *fill*         0x1000899e        0x2 
 .text.tu_edpt_validate
                0x100089a0       0xa8 CMakeFiles/SYNTH.dir/C_/VSARM/sdk/pico/pico-sdk/lib/tinyusb/src/tusb.c.obj
                0x100089a0                tu_edpt_validate
 .text.tu_edpt_bind_driver
                0x10008a48       0x2a CMakeFiles/SYNTH.dir/C_/VSARM/sdk/pico/pico-sdk/lib/tinyusb/src/tusb.c.obj
                0x10008a48                tu_edpt_bind_driver
 .text.advance_pointer
                0x10008a72       0x18 CMakeFiles/SYNTH.dir/C_/VSARM/sdk/pico/pico-sdk/lib/tinyusb/src/common/tusb_fifo.c.obj
 .text.backward_pointer
                0x10008a8a       0x1e CMakeFiles/SYNTH.dir/C_/VSARM/sdk/pico/pico-sdk/lib/tinyusb/src/common/tusb_fifo.c.obj
 .text.get_relative_pointer
                0x10008aa8       0x10 CMakeFiles/SYNTH.dir/C_/VSARM/sdk/pico/pico-sdk/lib/tinyusb/src/common/tusb_fifo.c.obj
 .text._tu_fifo_peek
                0x10008ab8       0x50 CMakeFiles/SYNTH.dir/C_/VSARM/sdk/pico/pico-sdk/lib/tinyusb/src/common/tusb_fifo.c.obj
 .text._ff_pull_const_addr
                0x10008b08       0x4c CMakeFiles/SYNTH.dir/C_/VSARM/sdk/pico/pico-sdk/lib/tinyusb/src/common/tusb_fifo.c.obj
 .text._ff_pull_n
                0x10008b54      0x10c CMakeFiles/SYNTH.dir/C_/VSARM/sdk/pico/pico-sdk/lib/tinyusb/src/common/tusb_fifo.c.obj
 .text._tu_fifo_peek_n
                0x10008c60       0x5e CMakeFiles/SYNTH.dir/C_/VSARM/sdk/pico/pico-sdk/lib/tinyusb/src/common/tusb_fifo.c.obj
 .text._tu_fifo_read_n
                0x10008cbe       0x4e CMakeFiles/SYNTH.dir/C_/VSARM/sdk/pico/pico-sdk/lib/tinyusb/src/common/tusb_fifo.c.obj
 .text._ff_push_const_addr
                0x10008d0c       0x40 CMakeFiles/SYNTH.dir/C_/VSARM/sdk/pico/pico-sdk/lib/tinyusb/src/common/tusb_fifo.c.obj
 .text._ff_push_n
                0x10008d4c      0x108 CMakeFiles/SYNTH.dir/C_/VSARM/sdk/pico/pico-sdk/lib/tinyusb/src/common/tusb_fifo.c.obj
 .text._tu_fifo_write_n
                0x10008e54       0x9e CMakeFiles/SYNTH.dir/C_/VSARM/sdk/pico/pico-sdk/lib/tinyusb/src/common/tusb_fifo.c.obj
 .text.tu_fifo_config
                0x10008ef2       0x72 CMakeFiles/SYNTH.dir/C_/VSARM/sdk/pico/pico-sdk/lib/tinyusb/src/common/tusb_fifo.c.obj
                0x10008ef2                tu_fifo_config
 .text.tu_fifo_count
                0x10008f64       0x26 CMakeFiles/SYNTH.dir/C_/VSARM/sdk/pico/pico-sdk/lib/tinyusb/src/common/tusb_fifo.c.obj
                0x10008f64                tu_fifo_count
 .text.tu_fifo_empty
                0x10008f8a        0xe CMakeFiles/SYNTH.dir/C_/VSARM/sdk/pico/pico-sdk/lib/tinyusb/src/common/tusb_fifo.c.obj
                0x10008f8a                tu_fifo_empty
 .text.tu_fifo_remaining
                0x10008f98       0x20 CMakeFiles/SYNTH.dir/C_/VSARM/sdk/pico/pico-sdk/lib/tinyusb/src/common/tusb_fifo.c.obj
                0x10008f98                tu_fifo_remaining
 .text.tu_fifo_read
                0x10008fb8       0x42 CMakeFiles/SYNTH.dir/C_/VSARM/sdk/pico/pico-sdk/lib/tinyusb/src/common/tusb_fifo.c.obj
                0x10008fb8                tu_fifo_read
 .text.tu_fifo_read_n
                0x10008ffa        0xa CMakeFiles/SYNTH.dir/C_/VSARM/sdk/pico/pico-sdk/lib/tinyusb/src/common/tusb_fifo.c.obj
                0x10008ffa                tu_fifo_read_n
 .text.tu_fifo_write
                0x10009004       0x6a CMakeFiles/SYNTH.dir/C_/VSARM/sdk/pico/pico-sdk/lib/tinyusb/src/common/tusb_fifo.c.obj
                0x10009004                tu_fifo_write
 .text.tu_fifo_write_n
                0x1000906e        0xa CMakeFiles/SYNTH.dir/C_/VSARM/sdk/pico/pico-sdk/lib/tinyusb/src/common/tusb_fifo.c.obj
                0x1000906e                tu_fifo_write_n
 .text.tu_fifo_clear
                0x10009078       0x4c CMakeFiles/SYNTH.dir/C_/VSARM/sdk/pico/pico-sdk/lib/tinyusb/src/common/tusb_fifo.c.obj
                0x10009078                tu_fifo_clear
 .text.tu_fifo_set_overwritable
                0x100090c4       0x3c CMakeFiles/SYNTH.dir/C_/VSARM/sdk/pico/pico-sdk/lib/tinyusb/src/common/tusb_fifo.c.obj
                0x100090c4                tu_fifo_set_overwritable
 .text._retrieve_unique_id_on_boot
                0x10009100       0x10 CMakeFiles/SYNTH.dir/C_/VSARM/sdk/pico/pico-sdk/src/rp2_common/pico_unique_id/unique_id.c.obj
 .text.pico_get_unique_board_id_string
                0x10009110       0x5c CMakeFiles/SYNTH.dir/C_/VSARM/sdk/pico/pico-sdk/src/rp2_common/pico_unique_id/unique_id.c.obj
                0x10009110                pico_get_unique_board_id_string
 .text.flash_get_unique_id
                0x1000916c       0x46 CMakeFiles/SYNTH.dir/C_/VSARM/sdk/pico/pico-sdk/src/rp2_common/hardware_flash/flash.c.obj
                0x1000916c                flash_get_unique_id
 .text.spi_set_baudrate
                0x100091b2       0x92 CMakeFiles/SYNTH.dir/C_/VSARM/sdk/pico/pico-sdk/src/rp2_common/hardware_spi/spi.c.obj
                0x100091b2                spi_set_baudrate
 .text.spi_init
                0x10009244       0x68 CMakeFiles/SYNTH.dir/C_/VSARM/sdk/pico/pico-sdk/src/rp2_common/hardware_spi/spi.c.obj
                0x10009244                spi_init
 .text.i2c_write_blocking_internal
                0x100092ac      0x146 CMakeFiles/SYNTH.dir/C_/VSARM/sdk/pico/pico-sdk/src/rp2_common/hardware_i2c/i2c.c.obj
 *fill*         0x100093f2        0x2 
 .text.i2c_set_baudrate
                0x100093f4       0xf0 CMakeFiles/SYNTH.dir/C_/VSARM/sdk/pico/pico-sdk/src/rp2_common/hardware_i2c/i2c.c.obj
                0x100093f4                i2c_set_baudrate
 .text.i2c_init
                0x100094e4       0x58 CMakeFiles/SYNTH.dir/C_/VSARM/sdk/pico/pico-sdk/src/rp2_common/hardware_i2c/i2c.c.obj
                0x100094e4                i2c_init
 .text.i2c_write_blocking
                0x1000953c       0x18 CMakeFiles/SYNTH.dir/C_/VSARM/sdk/pico/pico-sdk/src/rp2_common/hardware_i2c/i2c.c.obj
                0x1000953c                i2c_write_blocking
 .text.ff_memalloc
                0x10009554        0x8 CMakeFiles/SYNTH.dir/lib/no-OS-FatFS-SD-SPI-RPi-Pico/FatFs_SPI/ff15/source/ffsystem.c.obj
                0x10009554                ff_memalloc
 .text.ff_memfree
                0x1000955c        0x8 CMakeFiles/SYNTH.dir/lib/no-OS-FatFS-SD-SPI-RPi-Pico/FatFs_SPI/ff15/source/ffsystem.c.obj
                0x1000955c                ff_memfree
 .text.ff_uni2oem
                0x10009564       0x44 CMakeFiles/SYNTH.dir/lib/no-OS-FatFS-SD-SPI-RPi-Pico/FatFs_SPI/ff15/source/ffunicode.c.obj
                0x10009564                ff_uni2oem
 .text.ff_wtoupper
                0x100095a8       0xa8 CMakeFiles/SYNTH.dir/lib/no-OS-FatFS-SD-SPI-RPi-Pico/FatFs_SPI/ff15/source/ffunicode.c.obj
                0x100095a8                ff_wtoupper
 .text.ld_word  0x10009650        0xa CMakeFiles/SYNTH.dir/lib/no-OS-FatFS-SD-SPI-RPi-Pico/FatFs_SPI/ff15/source/ff.c.obj
 .text.ld_dword
                0x1000965a       0x18 CMakeFiles/SYNTH.dir/lib/no-OS-FatFS-SD-SPI-RPi-Pico/FatFs_SPI/ff15/source/ff.c.obj
 .text.ld_qword
                0x10009672       0x44 CMakeFiles/SYNTH.dir/lib/no-OS-FatFS-SD-SPI-RPi-Pico/FatFs_SPI/ff15/source/ff.c.obj
 .text.st_word  0x100096b6        0x8 CMakeFiles/SYNTH.dir/lib/no-OS-FatFS-SD-SPI-RPi-Pico/FatFs_SPI/ff15/source/ff.c.obj
 .text.st_dword
                0x100096be       0x10 CMakeFiles/SYNTH.dir/lib/no-OS-FatFS-SD-SPI-RPi-Pico/FatFs_SPI/ff15/source/ff.c.obj
 .text.st_qword
                0x100096ce       0x1e CMakeFiles/SYNTH.dir/lib/no-OS-FatFS-SD-SPI-RPi-Pico/FatFs_SPI/ff15/source/ff.c.obj
 .text.dbc_1st  0x100096ec        0x4 CMakeFiles/SYNTH.dir/lib/no-OS-FatFS-SD-SPI-RPi-Pico/FatFs_SPI/ff15/source/ff.c.obj
 .text.tchar2uni
                0x100096f0       0xcc CMakeFiles/SYNTH.dir/lib/no-OS-FatFS-SD-SPI-RPi-Pico/FatFs_SPI/ff15/source/ff.c.obj
 .text.chk_share
                0x100097bc       0x78 CMakeFiles/SYNTH.dir/lib/no-OS-FatFS-SD-SPI-RPi-Pico/FatFs_SPI/ff15/source/ff.c.obj
 .text.enq_share
                0x10009834       0x20 CMakeFiles/SYNTH.dir/lib/no-OS-FatFS-SD-SPI-RPi-Pico/FatFs_SPI/ff15/source/ff.c.obj
 .text.inc_share
                0x10009854       0xa8 CMakeFiles/SYNTH.dir/lib/no-OS-FatFS-SD-SPI-RPi-Pico/FatFs_SPI/ff15/source/ff.c.obj
 .text.dec_share
                0x100098fc       0x44 CMakeFiles/SYNTH.dir/lib/no-OS-FatFS-SD-SPI-RPi-Pico/FatFs_SPI/ff15/source/ff.c.obj
 .text.clear_share
                0x10009940       0x24 CMakeFiles/SYNTH.dir/lib/no-OS-FatFS-SD-SPI-RPi-Pico/FatFs_SPI/ff15/source/ff.c.obj
 .text.clst2sect
                0x10009964       0x28 CMakeFiles/SYNTH.dir/lib/no-OS-FatFS-SD-SPI-RPi-Pico/FatFs_SPI/ff15/source/ff.c.obj
 .text.clmt_clust
                0x1000998c       0x30 CMakeFiles/SYNTH.dir/lib/no-OS-FatFS-SD-SPI-RPi-Pico/FatFs_SPI/ff15/source/ff.c.obj
 .text.ld_clust
                0x100099bc       0x26 CMakeFiles/SYNTH.dir/lib/no-OS-FatFS-SD-SPI-RPi-Pico/FatFs_SPI/ff15/source/ff.c.obj
 .text.st_clust
                0x100099e2       0x26 CMakeFiles/SYNTH.dir/lib/no-OS-FatFS-SD-SPI-RPi-Pico/FatFs_SPI/ff15/source/ff.c.obj
 .text.pick_lfn
                0x10009a08       0x94 CMakeFiles/SYNTH.dir/lib/no-OS-FatFS-SD-SPI-RPi-Pico/FatFs_SPI/ff15/source/ff.c.obj
 .text.put_lfn  0x10009a9c       0x8c CMakeFiles/SYNTH.dir/lib/no-OS-FatFS-SD-SPI-RPi-Pico/FatFs_SPI/ff15/source/ff.c.obj
 .text.sum_sfn  0x10009b28       0x20 CMakeFiles/SYNTH.dir/lib/no-OS-FatFS-SD-SPI-RPi-Pico/FatFs_SPI/ff15/source/ff.c.obj
 .text.xdir_sum
                0x10009b48       0x2e CMakeFiles/SYNTH.dir/lib/no-OS-FatFS-SD-SPI-RPi-Pico/FatFs_SPI/ff15/source/ff.c.obj
 .text.init_alloc_info
                0x10009b76       0x2e CMakeFiles/SYNTH.dir/lib/no-OS-FatFS-SD-SPI-RPi-Pico/FatFs_SPI/ff15/source/ff.c.obj
 .text.get_ldnumber
                0x10009ba4       0x5c CMakeFiles/SYNTH.dir/lib/no-OS-FatFS-SD-SPI-RPi-Pico/FatFs_SPI/ff15/source/ff.c.obj
 .text.crc32    0x10009c00       0x2c CMakeFiles/SYNTH.dir/lib/no-OS-FatFS-SD-SPI-RPi-Pico/FatFs_SPI/ff15/source/ff.c.obj
 .text.validate
                0x10009c2c       0x52 CMakeFiles/SYNTH.dir/lib/no-OS-FatFS-SD-SPI-RPi-Pico/FatFs_SPI/ff15/source/ff.c.obj
 *fill*         0x10009c7e        0x2 
 .text.test_gpt_header
                0x10009c80       0x7c CMakeFiles/SYNTH.dir/lib/no-OS-FatFS-SD-SPI-RPi-Pico/FatFs_SPI/ff15/source/ff.c.obj
 .text.sync_window
                0x10009cfc       0x70 CMakeFiles/SYNTH.dir/lib/no-OS-FatFS-SD-SPI-RPi-Pico/FatFs_SPI/ff15/source/ff.c.obj
 .text.move_window
                0x10009d6c       0x4c CMakeFiles/SYNTH.dir/lib/no-OS-FatFS-SD-SPI-RPi-Pico/FatFs_SPI/ff15/source/ff.c.obj
 .text.check_fs
                0x10009db8      0x100 CMakeFiles/SYNTH.dir/lib/no-OS-FatFS-SD-SPI-RPi-Pico/FatFs_SPI/ff15/source/ff.c.obj
 .text.find_volume
                0x10009eb8      0x148 CMakeFiles/SYNTH.dir/lib/no-OS-FatFS-SD-SPI-RPi-Pico/FatFs_SPI/ff15/source/ff.c.obj
 .text.mount_volume
                0x1000a000      0x558 CMakeFiles/SYNTH.dir/lib/no-OS-FatFS-SD-SPI-RPi-Pico/FatFs_SPI/ff15/source/ff.c.obj
 .text.find_bitmap
                0x1000a558       0xa6 CMakeFiles/SYNTH.dir/lib/no-OS-FatFS-SD-SPI-RPi-Pico/FatFs_SPI/ff15/source/ff.c.obj
 .text.change_bitmap
                0x1000a5fe       0xa0 CMakeFiles/SYNTH.dir/lib/no-OS-FatFS-SD-SPI-RPi-Pico/FatFs_SPI/ff15/source/ff.c.obj
 .text.put_fat  0x1000a69e      0x16e CMakeFiles/SYNTH.dir/lib/no-OS-FatFS-SD-SPI-RPi-Pico/FatFs_SPI/ff15/source/ff.c.obj
 .text.fill_last_frag
                0x1000a80c       0x32 CMakeFiles/SYNTH.dir/lib/no-OS-FatFS-SD-SPI-RPi-Pico/FatFs_SPI/ff15/source/ff.c.obj
 .text.fill_first_frag
                0x1000a83e       0x32 CMakeFiles/SYNTH.dir/lib/no-OS-FatFS-SD-SPI-RPi-Pico/FatFs_SPI/ff15/source/ff.c.obj
 .text.get_fat  0x1000a870      0x1a8 CMakeFiles/SYNTH.dir/lib/no-OS-FatFS-SD-SPI-RPi-Pico/FatFs_SPI/ff15/source/ff.c.obj
 .text.create_chain
                0x1000aa18      0x1f2 CMakeFiles/SYNTH.dir/lib/no-OS-FatFS-SD-SPI-RPi-Pico/FatFs_SPI/ff15/source/ff.c.obj
 .text.dir_sdi  0x1000ac0a       0xd4 CMakeFiles/SYNTH.dir/lib/no-OS-FatFS-SD-SPI-RPi-Pico/FatFs_SPI/ff15/source/ff.c.obj
 .text.remove_chain
                0x1000acde      0x14a CMakeFiles/SYNTH.dir/lib/no-OS-FatFS-SD-SPI-RPi-Pico/FatFs_SPI/ff15/source/ff.c.obj
 .text.dir_clear
                0x1000ae28       0xf0 CMakeFiles/SYNTH.dir/lib/no-OS-FatFS-SD-SPI-RPi-Pico/FatFs_SPI/ff15/source/ff.c.obj
 .text.dir_next
                0x1000af18      0x104 CMakeFiles/SYNTH.dir/lib/no-OS-FatFS-SD-SPI-RPi-Pico/FatFs_SPI/ff15/source/ff.c.obj
 .text.dir_alloc
                0x1000b01c       0x64 CMakeFiles/SYNTH.dir/lib/no-OS-FatFS-SD-SPI-RPi-Pico/FatFs_SPI/ff15/source/ff.c.obj
 .text.load_xdir
                0x1000b080      0x10c CMakeFiles/SYNTH.dir/lib/no-OS-FatFS-SD-SPI-RPi-Pico/FatFs_SPI/ff15/source/ff.c.obj
 .text.load_obj_xdir
                0x1000b18c       0x34 CMakeFiles/SYNTH.dir/lib/no-OS-FatFS-SD-SPI-RPi-Pico/FatFs_SPI/ff15/source/ff.c.obj
 .text.dir_read
                0x1000b1c0      0x114 CMakeFiles/SYNTH.dir/lib/no-OS-FatFS-SD-SPI-RPi-Pico/FatFs_SPI/ff15/source/ff.c.obj
 .text.gen_numname
                0x1000b2d4       0xac CMakeFiles/SYNTH.dir/lib/no-OS-FatFS-SD-SPI-RPi-Pico/FatFs_SPI/ff15/source/ff.c.obj
 .text.store_xdir
                0x1000b380       0x66 CMakeFiles/SYNTH.dir/lib/no-OS-FatFS-SD-SPI-RPi-Pico/FatFs_SPI/ff15/source/ff.c.obj
 *fill*         0x1000b3e6        0x2 
 .text.create_name
                0x1000b3e8      0x330 CMakeFiles/SYNTH.dir/lib/no-OS-FatFS-SD-SPI-RPi-Pico/FatFs_SPI/ff15/source/ff.c.obj
 .text.xname_sum
                0x1000b718       0x38 CMakeFiles/SYNTH.dir/lib/no-OS-FatFS-SD-SPI-RPi-Pico/FatFs_SPI/ff15/source/ff.c.obj
 .text.create_xdir
                0x1000b750       0x90 CMakeFiles/SYNTH.dir/lib/no-OS-FatFS-SD-SPI-RPi-Pico/FatFs_SPI/ff15/source/ff.c.obj
 .text.cmp_lfn  0x1000b7e0       0xb0 CMakeFiles/SYNTH.dir/lib/no-OS-FatFS-SD-SPI-RPi-Pico/FatFs_SPI/ff15/source/ff.c.obj
 .text.dir_find
                0x1000b890      0x18c CMakeFiles/SYNTH.dir/lib/no-OS-FatFS-SD-SPI-RPi-Pico/FatFs_SPI/ff15/source/ff.c.obj
 .text.follow_path
                0x1000ba1c      0x118 CMakeFiles/SYNTH.dir/lib/no-OS-FatFS-SD-SPI-RPi-Pico/FatFs_SPI/ff15/source/ff.c.obj
 .text.dir_register
                0x1000bb34      0x204 CMakeFiles/SYNTH.dir/lib/no-OS-FatFS-SD-SPI-RPi-Pico/FatFs_SPI/ff15/source/ff.c.obj
 .text.sync_fs  0x1000bd38       0xa8 CMakeFiles/SYNTH.dir/lib/no-OS-FatFS-SD-SPI-RPi-Pico/FatFs_SPI/ff15/source/ff.c.obj
 .text.f_mount  0x1000bde0       0x60 CMakeFiles/SYNTH.dir/lib/no-OS-FatFS-SD-SPI-RPi-Pico/FatFs_SPI/ff15/source/ff.c.obj
                0x1000bde0                f_mount
 .text.f_open   0x1000be40      0x34e CMakeFiles/SYNTH.dir/lib/no-OS-FatFS-SD-SPI-RPi-Pico/FatFs_SPI/ff15/source/ff.c.obj
                0x1000be40                f_open
 .text.f_read   0x1000c18e      0x242 CMakeFiles/SYNTH.dir/lib/no-OS-FatFS-SD-SPI-RPi-Pico/FatFs_SPI/ff15/source/ff.c.obj
                0x1000c18e                f_read
 .text.f_sync   0x1000c3d0      0x176 CMakeFiles/SYNTH.dir/lib/no-OS-FatFS-SD-SPI-RPi-Pico/FatFs_SPI/ff15/source/ff.c.obj
                0x1000c3d0                f_sync
 .text.f_close  0x1000c546       0x2e CMakeFiles/SYNTH.dir/lib/no-OS-FatFS-SD-SPI-RPi-Pico/FatFs_SPI/ff15/source/ff.c.obj
                0x1000c546                f_close
 .text.f_gets   0x1000c574      0x17c CMakeFiles/SYNTH.dir/lib/no-OS-FatFS-SD-SPI-RPi-Pico/FatFs_SPI/ff15/source/ff.c.obj
                0x1000c574                f_gets
 .text.sd_spi_deselect
                0x1000c6f0       0x2c CMakeFiles/SYNTH.dir/lib/no-OS-FatFS-SD-SPI-RPi-Pico/FatFs_SPI/sd_driver/sd_spi.c.obj
 .text.sd_spi_select
                0x1000c71c       0x2c CMakeFiles/SYNTH.dir/lib/no-OS-FatFS-SD-SPI-RPi-Pico/FatFs_SPI/sd_driver/sd_spi.c.obj
 .text.sd_spi_lock
                0x1000c748        0xa CMakeFiles/SYNTH.dir/lib/no-OS-FatFS-SD-SPI-RPi-Pico/FatFs_SPI/sd_driver/sd_spi.c.obj
 .text.sd_spi_unlock
                0x1000c752        0xa CMakeFiles/SYNTH.dir/lib/no-OS-FatFS-SD-SPI-RPi-Pico/FatFs_SPI/sd_driver/sd_spi.c.obj
 .text.update_us_since_boot
                0x1000c75c       0x24 CMakeFiles/SYNTH.dir/lib/no-OS-FatFS-SD-SPI-RPi-Pico/FatFs_SPI/sd_driver/sd_spi.c.obj
 .text.delayed_by_ms
                0x1000c780       0x46 CMakeFiles/SYNTH.dir/lib/no-OS-FatFS-SD-SPI-RPi-Pico/FatFs_SPI/sd_driver/sd_spi.c.obj
 .text.get_absolute_time
                0x1000c7c6       0x22 CMakeFiles/SYNTH.dir/lib/no-OS-FatFS-SD-SPI-RPi-Pico/FatFs_SPI/sd_driver/sd_spi.c.obj
 .text.make_timeout_time_ms
                0x1000c7e8       0x20 CMakeFiles/SYNTH.dir/lib/no-OS-FatFS-SD-SPI-RPi-Pico/FatFs_SPI/sd_driver/sd_spi.c.obj
 .text.sd_spi_go_high_frequency
                0x1000c808       0x24 CMakeFiles/SYNTH.dir/lib/no-OS-FatFS-SD-SPI-RPi-Pico/FatFs_SPI/sd_driver/sd_spi.c.obj
                0x1000c808                sd_spi_go_high_frequency
 .text.sd_spi_go_low_frequency
                0x1000c82c       0x28 CMakeFiles/SYNTH.dir/lib/no-OS-FatFS-SD-SPI-RPi-Pico/FatFs_SPI/sd_driver/sd_spi.c.obj
                0x1000c82c                sd_spi_go_low_frequency
 .text.sd_spi_deselect_pulse
                0x1000c854       0x10 CMakeFiles/SYNTH.dir/lib/no-OS-FatFS-SD-SPI-RPi-Pico/FatFs_SPI/sd_driver/sd_spi.c.obj
                0x1000c854                sd_spi_deselect_pulse
 .text.sd_spi_acquire
                0x1000c864       0x10 CMakeFiles/SYNTH.dir/lib/no-OS-FatFS-SD-SPI-RPi-Pico/FatFs_SPI/sd_driver/sd_spi.c.obj
                0x1000c864                sd_spi_acquire
 .text.sd_spi_release
                0x1000c874       0x10 CMakeFiles/SYNTH.dir/lib/no-OS-FatFS-SD-SPI-RPi-Pico/FatFs_SPI/sd_driver/sd_spi.c.obj
                0x1000c874                sd_spi_release
 .text.sd_spi_transfer
                0x1000c884        0xa CMakeFiles/SYNTH.dir/lib/no-OS-FatFS-SD-SPI-RPi-Pico/FatFs_SPI/sd_driver/sd_spi.c.obj
                0x1000c884                sd_spi_transfer
 *fill*         0x1000c88e        0x2 
 .text.sd_spi_write
                0x1000c890       0x44 CMakeFiles/SYNTH.dir/lib/no-OS-FatFS-SD-SPI-RPi-Pico/FatFs_SPI/sd_driver/sd_spi.c.obj
                0x1000c890                sd_spi_write
 .text.sd_spi_send_initializing_sequence
                0x1000c8d4       0x72 CMakeFiles/SYNTH.dir/lib/no-OS-FatFS-SD-SPI-RPi-Pico/FatFs_SPI/sd_driver/sd_spi.c.obj
                0x1000c8d4                sd_spi_send_initializing_sequence
 .text.spi_get_by_rx_dma
                0x1000c946       0x2a CMakeFiles/SYNTH.dir/lib/no-OS-FatFS-SD-SPI-RPi-Pico/FatFs_SPI/sd_driver/spi.c.obj
 .text.channel_config_set_chain_to
                0x1000c970       0x30 CMakeFiles/SYNTH.dir/lib/no-OS-FatFS-SD-SPI-RPi-Pico/FatFs_SPI/sd_driver/spi.c.obj
 .text.dma_channel_get_default_config
                0x1000c9a0       0x74 CMakeFiles/SYNTH.dir/lib/no-OS-FatFS-SD-SPI-RPi-Pico/FatFs_SPI/sd_driver/spi.c.obj
 .text.channel_config_set_dreq
                0x1000ca14       0x30 CMakeFiles/SYNTH.dir/lib/no-OS-FatFS-SD-SPI-RPi-Pico/FatFs_SPI/sd_driver/spi.c.obj
 .text.spi_lock
                0x1000ca44       0x30 CMakeFiles/SYNTH.dir/lib/no-OS-FatFS-SD-SPI-RPi-Pico/FatFs_SPI/sd_driver/spi.c.obj
                0x1000ca44                spi_lock
 .text.spi_unlock
                0x1000ca74       0x30 CMakeFiles/SYNTH.dir/lib/no-OS-FatFS-SD-SPI-RPi-Pico/FatFs_SPI/sd_driver/spi.c.obj
                0x1000ca74                spi_unlock
 .text.my_spi_init
                0x1000caa4      0x190 CMakeFiles/SYNTH.dir/lib/no-OS-FatFS-SD-SPI-RPi-Pico/FatFs_SPI/sd_driver/spi.c.obj
                0x1000caa4                my_spi_init
 .text.ext_bits
                0x1000cc34       0x2e CMakeFiles/SYNTH.dir/lib/no-OS-FatFS-SD-SPI-RPi-Pico/FatFs_SPI/sd_driver/sd_card.c.obj
 *fill*         0x1000cc62        0x2 
 .text.sd_ctor  0x1000cc64       0x28 CMakeFiles/SYNTH.dir/lib/no-OS-FatFS-SD-SPI-RPi-Pico/FatFs_SPI/sd_driver/sd_card.c.obj
 .text.sd_lock  0x1000cc8c       0x30 CMakeFiles/SYNTH.dir/lib/no-OS-FatFS-SD-SPI-RPi-Pico/FatFs_SPI/sd_driver/sd_card.c.obj
 .text.sd_acquire
                0x1000ccbc       0x10 CMakeFiles/SYNTH.dir/lib/no-OS-FatFS-SD-SPI-RPi-Pico/FatFs_SPI/sd_driver/sd_card.c.obj
 .text.sd_cmd_spi
                0x1000cccc       0x74 CMakeFiles/SYNTH.dir/lib/no-OS-FatFS-SD-SPI-RPi-Pico/FatFs_SPI/sd_driver/sd_card.c.obj
 .text.update_us_since_boot
                0x1000cd40       0x24 CMakeFiles/SYNTH.dir/lib/no-OS-FatFS-SD-SPI-RPi-Pico/FatFs_SPI/sd_driver/sd_card.c.obj
 .text.delayed_by_ms
                0x1000cd64       0x46 CMakeFiles/SYNTH.dir/lib/no-OS-FatFS-SD-SPI-RPi-Pico/FatFs_SPI/sd_driver/sd_card.c.obj
 .text.get_absolute_time
                0x1000cdaa       0x22 CMakeFiles/SYNTH.dir/lib/no-OS-FatFS-SD-SPI-RPi-Pico/FatFs_SPI/sd_driver/sd_card.c.obj
 .text.make_timeout_time_ms
                0x1000cdcc       0x20 CMakeFiles/SYNTH.dir/lib/no-OS-FatFS-SD-SPI-RPi-Pico/FatFs_SPI/sd_driver/sd_card.c.obj
 .text.sd_wait_ready
                0x1000cdec       0x64 CMakeFiles/SYNTH.dir/lib/no-OS-FatFS-SD-SPI-RPi-Pico/FatFs_SPI/sd_driver/sd_card.c.obj
 .text.sd_cmd   0x1000ce50      0x2f0 CMakeFiles/SYNTH.dir/lib/no-OS-FatFS-SD-SPI-RPi-Pico/FatFs_SPI/sd_driver/sd_card.c.obj
 .text.sd_cmd8  0x1000d140       0x50 CMakeFiles/SYNTH.dir/lib/no-OS-FatFS-SD-SPI-RPi-Pico/FatFs_SPI/sd_driver/sd_card.c.obj
 .text.sd_wait_token
                0x1000d190       0x54 CMakeFiles/SYNTH.dir/lib/no-OS-FatFS-SD-SPI-RPi-Pico/FatFs_SPI/sd_driver/sd_card.c.obj
 .text.sd_read_bytes
                0x1000d1e4       0x90 CMakeFiles/SYNTH.dir/lib/no-OS-FatFS-SD-SPI-RPi-Pico/FatFs_SPI/sd_driver/sd_card.c.obj
 .text.sd_sectors_nolock
                0x1000d274      0x148 CMakeFiles/SYNTH.dir/lib/no-OS-FatFS-SD-SPI-RPi-Pico/FatFs_SPI/sd_driver/sd_card.c.obj
 .text.sd_unlock
                0x1000d3bc       0x30 CMakeFiles/SYNTH.dir/lib/no-OS-FatFS-SD-SPI-RPi-Pico/FatFs_SPI/sd_driver/sd_card.c.obj
 .text.sd_release
                0x1000d3ec       0x10 CMakeFiles/SYNTH.dir/lib/no-OS-FatFS-SD-SPI-RPi-Pico/FatFs_SPI/sd_driver/sd_card.c.obj
 .text.sd_read_block
                0x1000d3fc       0x88 CMakeFiles/SYNTH.dir/lib/no-OS-FatFS-SD-SPI-RPi-Pico/FatFs_SPI/sd_driver/sd_card.c.obj
 .text.in_sd_read_blocks
                0x1000d484       0xbc CMakeFiles/SYNTH.dir/lib/no-OS-FatFS-SD-SPI-RPi-Pico/FatFs_SPI/sd_driver/sd_card.c.obj
 .text.sd_read_blocks
                0x1000d540       0x2e CMakeFiles/SYNTH.dir/lib/no-OS-FatFS-SD-SPI-RPi-Pico/FatFs_SPI/sd_driver/sd_card.c.obj
                0x1000d540                sd_read_blocks
 *fill*         0x1000d56e        0x2 
 .text.sd_write_block
                0x1000d570       0x88 CMakeFiles/SYNTH.dir/lib/no-OS-FatFS-SD-SPI-RPi-Pico/FatFs_SPI/sd_driver/sd_card.c.obj
 .text.in_sd_write_blocks
                0x1000d5f8       0xfc CMakeFiles/SYNTH.dir/lib/no-OS-FatFS-SD-SPI-RPi-Pico/FatFs_SPI/sd_driver/sd_card.c.obj
 .text.sd_write_blocks
                0x1000d6f4       0x2e CMakeFiles/SYNTH.dir/lib/no-OS-FatFS-SD-SPI-RPi-Pico/FatFs_SPI/sd_driver/sd_card.c.obj
                0x1000d6f4                sd_write_blocks
 *fill*         0x1000d722        0x2 
 .text.sd_go_idle_state
                0x1000d724       0x44 CMakeFiles/SYNTH.dir/lib/no-OS-FatFS-SD-SPI-RPi-Pico/FatFs_SPI/sd_driver/sd_card.c.obj
 .text.sd_init_medium
                0x1000d768      0x13c CMakeFiles/SYNTH.dir/lib/no-OS-FatFS-SD-SPI-RPi-Pico/FatFs_SPI/sd_driver/sd_card.c.obj
 .text.sd_card_detect
                0x1000d8a4       0x50 CMakeFiles/SYNTH.dir/lib/no-OS-FatFS-SD-SPI-RPi-Pico/FatFs_SPI/sd_driver/sd_card.c.obj
                0x1000d8a4                sd_card_detect
 .text.sd_init  0x1000d8f4       0xe8 CMakeFiles/SYNTH.dir/lib/no-OS-FatFS-SD-SPI-RPi-Pico/FatFs_SPI/sd_driver/sd_card.c.obj
 .text.sd_sectors
                0x1000d9dc       0x1e CMakeFiles/SYNTH.dir/lib/no-OS-FatFS-SD-SPI-RPi-Pico/FatFs_SPI/sd_driver/sd_card.c.obj
                0x1000d9dc                sd_sectors
 *fill*         0x1000d9fa        0x2 
 .text.sd_init_driver
                0x1000d9fc       0xc0 CMakeFiles/SYNTH.dir/lib/no-OS-FatFS-SD-SPI-RPi-Pico/FatFs_SPI/sd_driver/sd_card.c.obj
                0x1000d9fc                sd_init_driver
 .text.crc7     0x1000dabc       0x20 CMakeFiles/SYNTH.dir/lib/no-OS-FatFS-SD-SPI-RPi-Pico/FatFs_SPI/sd_driver/crc.c.obj
                0x1000dabc                crc7
 .text.crc16    0x1000dadc       0x28 CMakeFiles/SYNTH.dir/lib/no-OS-FatFS-SD-SPI-RPi-Pico/FatFs_SPI/sd_driver/crc.c.obj
                0x1000dadc                crc16
 .text.sdrc2dresult
                0x1000db04       0x60 CMakeFiles/SYNTH.dir/lib/no-OS-FatFS-SD-SPI-RPi-Pico/FatFs_SPI/src/glue.c.obj
 .text.disk_status
                0x1000db64       0x16 CMakeFiles/SYNTH.dir/lib/no-OS-FatFS-SD-SPI-RPi-Pico/FatFs_SPI/src/glue.c.obj
                0x1000db64                disk_status
 .text.disk_initialize
                0x1000db7a       0x2a CMakeFiles/SYNTH.dir/lib/no-OS-FatFS-SD-SPI-RPi-Pico/FatFs_SPI/src/glue.c.obj
                0x1000db7a                disk_initialize
 .text.disk_read
                0x1000dba4       0x32 CMakeFiles/SYNTH.dir/lib/no-OS-FatFS-SD-SPI-RPi-Pico/FatFs_SPI/src/glue.c.obj
                0x1000dba4                disk_read
 .text.disk_write
                0x1000dbd6       0x32 CMakeFiles/SYNTH.dir/lib/no-OS-FatFS-SD-SPI-RPi-Pico/FatFs_SPI/src/glue.c.obj
                0x1000dbd6                disk_write
 .text.disk_ioctl
                0x1000dc08       0x4c CMakeFiles/SYNTH.dir/lib/no-OS-FatFS-SD-SPI-RPi-Pico/FatFs_SPI/src/glue.c.obj
                0x1000dc08                disk_ioctl
 .text.my_printf
                0x1000dc54       0x4c CMakeFiles/SYNTH.dir/lib/no-OS-FatFS-SD-SPI-RPi-Pico/FatFs_SPI/src/my_debug.c.obj
                0x1000dc54                my_printf
 .text.my_assert_func
                0x1000dca0       0x30 CMakeFiles/SYNTH.dir/lib/no-OS-FatFS-SD-SPI-RPi-Pico/FatFs_SPI/src/my_debug.c.obj
                0x1000dca0                my_assert_func
 .text.get_fattime
                0x1000dcd0       0x6c CMakeFiles/SYNTH.dir/lib/no-OS-FatFS-SD-SPI-RPi-Pico/FatFs_SPI/src/rtc.c.obj
                0x1000dcd0                get_fattime
 .text.dma_claim_unused_channel
                0x1000dd3c       0x24 CMakeFiles/SYNTH.dir/C_/VSARM/sdk/pico/pico-sdk/src/rp2_common/hardware_dma/dma.c.obj
                0x1000dd3c                dma_claim_unused_channel
 .text.rtc_running
                0x1000dd60       0x10 CMakeFiles/SYNTH.dir/C_/VSARM/sdk/pico/pico-sdk/src/rp2_common/hardware_rtc/rtc.c.obj
                0x1000dd60                rtc_running
 .text.rtc_get_datetime
                0x1000dd70       0x4c CMakeFiles/SYNTH.dir/C_/VSARM/sdk/pico/pico-sdk/src/rp2_common/hardware_rtc/rtc.c.obj
                0x1000dd70                rtc_get_datetime
 .text.atoi     0x1000ddbc        0xc c:/vsarm/armcc/1213fb~1.2mp/bin/../lib/gcc/arm-none-eabi/12.2.0/thumb/v6-m/nofp\libg.a(libc_a-atoi.o)
                0x1000ddbc                atoi
 .text.malloc   0x1000ddc8       0x14 c:/vsarm/armcc/1213fb~1.2mp/bin/../lib/gcc/arm-none-eabi/12.2.0/thumb/v6-m/nofp\libg.a(libc_a-malloc.o)
                0x1000ddc8                malloc
 .text.free     0x1000dddc       0x14 c:/vsarm/armcc/1213fb~1.2mp/bin/../lib/gcc/arm-none-eabi/12.2.0/thumb/v6-m/nofp\libg.a(libc_a-malloc.o)
                0x1000dddc                free
 .text._malloc_r
                0x1000ddf0      0x55c c:/vsarm/armcc/1213fb~1.2mp/bin/../lib/gcc/arm-none-eabi/12.2.0/thumb/v6-m/nofp\libg.a(libc_a-mallocr.o)
                0x1000ddf0                _malloc_r
 .text.__malloc_lock
                0x1000e34c       0x10 c:/vsarm/armcc/1213fb~1.2mp/bin/../lib/gcc/arm-none-eabi/12.2.0/thumb/v6-m/nofp\libg.a(libc_a-mlock.o)
                0x1000e34c                __malloc_lock
 .text.__malloc_unlock
                0x1000e35c       0x10 c:/vsarm/armcc/1213fb~1.2mp/bin/../lib/gcc/arm-none-eabi/12.2.0/thumb/v6-m/nofp\libg.a(libc_a-mlock.o)
                0x1000e35c                __malloc_unlock
 .text._strtol_l.constprop.0
                0x1000e36c      0x158 c:/vsarm/armcc/1213fb~1.2mp/bin/../lib/gcc/arm-none-eabi/12.2.0/thumb/v6-m/nofp\libg.a(libc_a-strtol.o)
 .text.strtol   0x1000e4c4       0x18 c:/vsarm/armcc/1213fb~1.2mp/bin/../lib/gcc/arm-none-eabi/12.2.0/thumb/v6-m/nofp\libg.a(libc_a-strtol.o)
                0x1000e4c4                strtol
 .text.__sflush_r
                0x1000e4dc      0x148 c:/vsarm/armcc/1213fb~1.2mp/bin/../lib/gcc/arm-none-eabi/12.2.0/thumb/v6-m/nofp\libg.a(libc_a-fflush.o)
                0x1000e4dc                __sflush_r
 .text._fflush_r
                0x1000e624       0x68 c:/vsarm/armcc/1213fb~1.2mp/bin/../lib/gcc/arm-none-eabi/12.2.0/thumb/v6-m/nofp\libg.a(libc_a-fflush.o)
                0x1000e624                _fflush_r
 .text.fflush   0x1000e68c       0x7c c:/vsarm/armcc/1213fb~1.2mp/bin/../lib/gcc/arm-none-eabi/12.2.0/thumb/v6-m/nofp\libg.a(libc_a-fflush.o)
                0x1000e68c                fflush
 .text.stdio_exit_handler
                0x1000e708       0x1c c:/vsarm/armcc/1213fb~1.2mp/bin/../lib/gcc/arm-none-eabi/12.2.0/thumb/v6-m/nofp\libg.a(libc_a-findfp.o)
 .text.cleanup_stdio
                0x1000e724       0x3c c:/vsarm/armcc/1213fb~1.2mp/bin/../lib/gcc/arm-none-eabi/12.2.0/thumb/v6-m/nofp\libg.a(libc_a-findfp.o)
 .text.global_stdio_init.part.0
                0x1000e760       0xfc c:/vsarm/armcc/1213fb~1.2mp/bin/../lib/gcc/arm-none-eabi/12.2.0/thumb/v6-m/nofp\libg.a(libc_a-findfp.o)
 .text.__sinit  0x1000e85c       0x38 c:/vsarm/armcc/1213fb~1.2mp/bin/../lib/gcc/arm-none-eabi/12.2.0/thumb/v6-m/nofp\libg.a(libc_a-findfp.o)
                0x1000e85c                __sinit
 .text.__sfp_lock_acquire
                0x1000e894       0x10 c:/vsarm/armcc/1213fb~1.2mp/bin/../lib/gcc/arm-none-eabi/12.2.0/thumb/v6-m/nofp\libg.a(libc_a-findfp.o)
                0x1000e894                __sfp_lock_acquire
 .text.__sfp_lock_release